Archive member included because of file (symbol)

../../../arduinoCore\libcore.a(wiring.c.o)
                              FARKUS Conveyance.o (millis)
../../../arduinoCore\libcore.a(wiring_analog.c.o)
                              FARKUS Conveyance.o (analogWrite)
../../../arduinoCore\libcore.a(wiring_digital.c.o)
                              FARKUS Conveyance.o (pinMode)
../../../arduinoCore\libcore.a(HardwareSerial.cpp.o)
                              FARKUS Conveyance.o (Serial)
../../../arduinoCore\libcore.a(main.cpp.o)
                              c:/program files (x86)/atmel/atmel studio 6.0/extensions/atmel/avrgcc/3.4.1.95/avrtoolchain/bin/../lib/gcc/avr/4.6.2/../../../../avr/lib/avr5/crtm328p.o (main)
../../../arduinoCore\libcore.a(new.cpp.o)
                              ../../../arduinoCore\libcore.a(HardwareSerial.cpp.o) (__cxa_pure_virtual)
../../../arduinoCore\libcore.a(Print.cpp.o)
                              ../../../arduinoCore\libcore.a(HardwareSerial.cpp.o) (Print::write(unsigned char const*, unsigned int))
../../../arduinoCore\libcore.a(WString.cpp.o)
                              ../../../arduinoCore\libcore.a(Print.cpp.o) (String::operator[](unsigned int) const)
../../../arduinoCore\libcore.a(malloc.c.o)
                              ../../../arduinoCore\libcore.a(new.cpp.o) (malloc)
c:/program files (x86)/atmel/atmel studio 6.0/extensions/atmel/avrgcc/3.4.1.95/avrtoolchain/bin/../lib/gcc/avr/4.6.2/../../../../avr/lib/avr5\libm.a(addsf3.o)
                              ../../../arduinoCore\libcore.a(Print.cpp.o) (__subsf3)
c:/program files (x86)/atmel/atmel studio 6.0/extensions/atmel/avrgcc/3.4.1.95/avrtoolchain/bin/../lib/gcc/avr/4.6.2/../../../../avr/lib/avr5\libm.a(addsf3x.o)
                              c:/program files (x86)/atmel/atmel studio 6.0/extensions/atmel/avrgcc/3.4.1.95/avrtoolchain/bin/../lib/gcc/avr/4.6.2/../../../../avr/lib/avr5\libm.a(addsf3.o) (__addsf3x)
c:/program files (x86)/atmel/atmel studio 6.0/extensions/atmel/avrgcc/3.4.1.95/avrtoolchain/bin/../lib/gcc/avr/4.6.2/../../../../avr/lib/avr5\libm.a(cmpsf2.o)
                              ../../../arduinoCore\libcore.a(Print.cpp.o) (__ltsf2)
c:/program files (x86)/atmel/atmel studio 6.0/extensions/atmel/avrgcc/3.4.1.95/avrtoolchain/bin/../lib/gcc/avr/4.6.2/../../../../avr/lib/avr5\libm.a(divsf3.o)
                              ../../../arduinoCore\libcore.a(Print.cpp.o) (__divsf3)
c:/program files (x86)/atmel/atmel studio 6.0/extensions/atmel/avrgcc/3.4.1.95/avrtoolchain/bin/../lib/gcc/avr/4.6.2/../../../../avr/lib/avr5\libm.a(divsf3x.o)
                              c:/program files (x86)/atmel/atmel studio 6.0/extensions/atmel/avrgcc/3.4.1.95/avrtoolchain/bin/../lib/gcc/avr/4.6.2/../../../../avr/lib/avr5\libm.a(divsf3.o) (__divsf3x)
c:/program files (x86)/atmel/atmel studio 6.0/extensions/atmel/avrgcc/3.4.1.95/avrtoolchain/bin/../lib/gcc/avr/4.6.2/../../../../avr/lib/avr5\libm.a(fixsfsi.o)
                              ../../../arduinoCore\libcore.a(Print.cpp.o) (__fixsfsi)
c:/program files (x86)/atmel/atmel studio 6.0/extensions/atmel/avrgcc/3.4.1.95/avrtoolchain/bin/../lib/gcc/avr/4.6.2/../../../../avr/lib/avr5\libm.a(fixunssfsi.o)
                              ../../../arduinoCore\libcore.a(Print.cpp.o) (__fixunssfsi)
c:/program files (x86)/atmel/atmel studio 6.0/extensions/atmel/avrgcc/3.4.1.95/avrtoolchain/bin/../lib/gcc/avr/4.6.2/../../../../avr/lib/avr5\libm.a(floatsisf.o)
                              ../../../arduinoCore\libcore.a(Print.cpp.o) (__floatunsisf)
c:/program files (x86)/atmel/atmel studio 6.0/extensions/atmel/avrgcc/3.4.1.95/avrtoolchain/bin/../lib/gcc/avr/4.6.2/../../../../avr/lib/avr5\libm.a(fp_cmp.o)
                              c:/program files (x86)/atmel/atmel studio 6.0/extensions/atmel/avrgcc/3.4.1.95/avrtoolchain/bin/../lib/gcc/avr/4.6.2/../../../../avr/lib/avr5\libm.a(cmpsf2.o) (__fp_cmp)
c:/program files (x86)/atmel/atmel studio 6.0/extensions/atmel/avrgcc/3.4.1.95/avrtoolchain/bin/../lib/gcc/avr/4.6.2/../../../../avr/lib/avr5\libm.a(fp_inf.o)
                              c:/program files (x86)/atmel/atmel studio 6.0/extensions/atmel/avrgcc/3.4.1.95/avrtoolchain/bin/../lib/gcc/avr/4.6.2/../../../../avr/lib/avr5\libm.a(addsf3x.o) (__fp_inf)
c:/program files (x86)/atmel/atmel studio 6.0/extensions/atmel/avrgcc/3.4.1.95/avrtoolchain/bin/../lib/gcc/avr/4.6.2/../../../../avr/lib/avr5\libm.a(fp_nan.o)
                              c:/program files (x86)/atmel/atmel studio 6.0/extensions/atmel/avrgcc/3.4.1.95/avrtoolchain/bin/../lib/gcc/avr/4.6.2/../../../../avr/lib/avr5\libm.a(addsf3x.o) (__fp_nan)
c:/program files (x86)/atmel/atmel studio 6.0/extensions/atmel/avrgcc/3.4.1.95/avrtoolchain/bin/../lib/gcc/avr/4.6.2/../../../../avr/lib/avr5\libm.a(fp_pscA.o)
                              c:/program files (x86)/atmel/atmel studio 6.0/extensions/atmel/avrgcc/3.4.1.95/avrtoolchain/bin/../lib/gcc/avr/4.6.2/../../../../avr/lib/avr5\libm.a(addsf3x.o) (__fp_pscA)
[...]
Memory Configuration

Name             Origin             Length             Attributes
text             0x00000000         0x00020000         xr
data             0x00800060         0x0000ffa0         rw !x
eeprom           0x00810000         0x00010000         rw !x
fuse             0x00820000         0x00000400         rw !x
lock             0x00830000         0x00000400         rw !x
signature        0x00840000         0x00000400         rw !x
*default*        0x00000000         0xffffffff

Linker script and memory map

Address of section .data set to 0x800100
LOAD c:/program files (x86)/atmel/atmel studio 6.0/extensions/atmel/avrgcc/3.4.1.95/avrtoolchain/bin/../lib/gcc/avr/4.6.2/../../../../avr/lib/avr5/crtm328p.o
LOAD FARKUS Conveyance.o
START GROUP
LOAD c:/program files (x86)/atmel/atmel studio 6.0/extensions/atmel/avrgcc/3.4.1.95/avrtoolchain/bin/../lib/gcc/avr/4.6.2/../../../../avr/lib/avr5\libm.a
LOAD ../../../arduinoCore\libcore.a
END GROUP
LOAD c:/program files (x86)/atmel/atmel studio 6.0/extensions/atmel/avrgcc/3.4.1.95/avrtoolchain/bin/../lib/gcc/avr/4.6.2/avr5\libgcc.a
LOAD c:/program files (x86)/atmel/atmel studio 6.0/extensions/atmel/avrgcc/3.4.1.95/avrtoolchain/bin/../lib/gcc/avr/4.6.2/../../../../avr/lib/avr5\libm.a
LOAD c:/program files (x86)/atmel/atmel studio 6.0/extensions/atmel/avrgcc/3.4.1.95/avrtoolchain/bin/../lib/gcc/avr/4.6.2/avr5\libgcc.a
LOAD c:/program files (x86)/atmel/atmel studio 6.0/extensions/atmel/avrgcc/3.4.1.95/avrtoolchain/bin/../lib/gcc/avr/4.6.2/../../../../avr/lib/avr5\libc.a
LOAD c:/program files (x86)/atmel/atmel studio 6.0/extensions/atmel/avrgcc/3.4.1.95/avrtoolchain/bin/../lib/gcc/avr/4.6.2/avr5\libgcc.a

.hash
 *(.hash)

.dynsym
 *(.dynsym)

.dynstr
 *(.dynstr)

.gnu.version
 *(.gnu.version)

.gnu.version_d
 *(.gnu.version_d)

.gnu.version_r
 *(.gnu.version_r)

.rel.init
 *(.rel.init)

.rela.init
 *(.rela.init)

.rel.text
 *(.rel.text)
 *(.rel.text.*)
 *(.rel.gnu.linkonce.t*)

.rela.text
 *(.rela.text)
 *(.rela.text.*)
 *(.rela.gnu.linkonce.t*)

.rel.fini
 *(.rel.fini)

.rela.fini
 *(.rela.fini)

.rel.rodata
 *(.rel.rodata)
 *(.rel.rodata.*)
 *(.rel.gnu.linkonce.r*)

.rela.rodata
 *(.rela.rodata)
 *(.rela.rodata.*)
 *(.rela.gnu.linkonce.r*)

.rel.data
 *(.rel.data)
 *(.rel.data.*)
 *(.rel.gnu.linkonce.d*)

.rela.data
 *(.rela.data)
 *(.rela.data.*)
 *(.rela.gnu.linkonce.d*)

.rel.ctors
 *(.rel.ctors)

.rela.ctors
 *(.rela.ctors)

.rel.dtors
 *(.rel.dtors)

.rela.dtors
 *(.rela.dtors)

.rel.got
 *(.rel.got)

.rela.got
 *(.rela.got)

.rel.bss
 *(.rel.bss)

.rela.bss
 *(.rela.bss)

.rel.plt
 *(.rel.plt)

.rela.plt
 *(.rela.plt)

.text           0x00000000     0x1a2a
 *(.vectors)
 .vectors       0x00000000       0x68 c:/program files (x86)/atmel/atmel studio 6.0/extensions/atmel/avrgcc/3.4.1.95/avrtoolchain/bin/../lib/gcc/avr/4.6.2/../../../../avr/lib/avr5/crtm328p.o
                0x00000000                __vector_default
                0x00000000                __vectors
 *(.vectors)
 *(.progmem.gcc*)
 *(.progmem*)
 .progmem.data  0x00000068       0x5a ../../../arduinoCore\libcore.a(wiring_digital.c.o)
                0x00000068                port_to_mode_PGM
                0x00000072                port_to_output_PGM
                0x0000007c                port_to_input_PGM
                0x00000086                digital_pin_to_port_PGM
                0x0000009a                digital_pin_to_bit_mask_PGM
                0x000000ae                digital_pin_to_timer_PGM
                0x000000c2                . = ALIGN (0x2)
                0x000000c2                __trampolines_start = .
 *(.trampolines)
 .trampolines   0x000000c2        0x0 linker stubs
 *(.trampolines*)
                0x000000c2                __trampolines_end = .
 *(.jumptables)
 *(.jumptables*)
 *(.lowtext)
 *(.lowtext*)
                0x000000c2                __ctors_start = .
 *(.ctors)
 .ctors         0x000000c2        0x2 ../../../arduinoCore\libcore.a(HardwareSerial.cpp.o)
                0x000000c4                __ctors_end = .
                0x000000c4                __dtors_start = .
 *(.dtors)
                0x000000c4                __dtors_end = .
 SORT(*)(.ctors)
 SORT(*)(.dtors)
 *(.init0)
 .init0         0x000000c4        0x0 c:/program files (x86)/atmel/atmel studio 6.0/extensions/atmel/avrgcc/3.4.1.95/avrtoolchain/bin/../lib/gcc/avr/4.6.2/../../../../avr/lib/avr5/crtm328p.o
                0x000000c4                __init
 *(.init0)
 *(.init1)
 *(.init1)
 *(.init2)
 .init2         0x000000c4        0xc c:/program files (x86)/atmel/atmel studio 6.0/extensions/atmel/avrgcc/3.4.1.95/avrtoolchain/bin/../lib/gcc/avr/4.6.2/../../../../avr/lib/avr5/crtm328p.o
 *(.init2)
 *(.init3)
 *(.init3)
 *(.init4)
 .init4         0x000000d0       0x16 c:/program files (x86)/atmel/atmel studio 6.0/extensions/atmel/avrgcc/3.4.1.95/avrtoolchain/bin/../lib/gcc/avr/4.6.2/avr5\libgcc.a(_copy_data.o)
                0x000000d0                __do_copy_data
 .init4         0x000000e6       0x10 c:/program files (x86)/atmel/atmel studio 6.0/extensions/atmel/avrgcc/3.4.1.95/avrtoolchain/bin/../lib/gcc/avr/4.6.2/avr5\libgcc.a(_clear_bss.o)
                0x000000e6                __do_clear_bss
 *(.init4)
 *(.init5)
 *(.init5)
 *(.init6)
 .init6         0x000000f6       0x16 c:/program files (x86)/atmel/atmel studio 6.0/extensions/atmel/avrgcc/3.4.1.95/avrtoolchain/bin/../lib/gcc/avr/4.6.2/avr5\libgcc.a(_ctors.o)
                0x000000f6                __do_global_ctors
 *(.init6)
 *(.init7)
 *(.init7)
 *(.init8)
 *(.init8)
 *(.init9)
 .init9         0x0000010c        0x8 c:/program files (x86)/atmel/atmel studio 6.0/extensions/atmel/avrgcc/3.4.1.95/avrtoolchain/bin/../lib/gcc/avr/4.6.2/../../../../avr/lib/avr5/crtm328p.o
 *(.init9)
 *(.text)
 .text          0x00000114        0x4 c:/program files (x86)/atmel/atmel studio 6.0/extensions/atmel/avrgcc/3.4.1.95/avrtoolchain/bin/../lib/gcc/avr/4.6.2/../../../../avr/lib/avr5/crtm328p.o
                0x00000114                __vector_22
                0x00000114                __vector_1
                0x00000114                __vector_24
                0x00000114                __vector_12
                0x00000114                __bad_interrupt
                0x00000114                __vector_6
                0x00000114                __vector_3
                0x00000114                __vector_23
                0x00000114                __vector_25
                0x00000114                __vector_11
                0x00000114                __vector_13
                0x00000114                __vector_17
                0x00000114                __vector_7
                0x00000114                __vector_5
                0x00000114                __vector_4
                0x00000114                __vector_9
                0x00000114                __vector_2
                0x00000114                __vector_21
                0x00000114                __vector_15
                0x00000114                __vector_8
                0x00000114                __vector_14
                0x00000114                __vector_10
                0x00000114                __vector_20
                0x00000118                . = ALIGN (0x2)
 *(.text.*)
 .text.setup    0x00000118       0x80 FARKUS Conveyance.o
                0x00000118                setup
 .text._Z14actionResponse6String
                0x00000198      0x204 FARKUS Conveyance.o
                0x00000198                actionResponse(String)
 .text.loop     0x0000039c      0x474 FARKUS Conveyance.o
                0x0000039c                loop
 .text.__vector_16
                0x00000810       0x90 ../../../arduinoCore\libcore.a(wiring.c.o)
                0x00000810                __vector_16
 .text.millis   0x000008a0       0x1c ../../../arduinoCore\libcore.a(wiring.c.o)
                0x000008a0                millis
 .text.delay    0x000008bc       0xb2 ../../../arduinoCore\libcore.a(wiring.c.o)
                0x000008bc                delay
 .text.init     0x0000096e       0x76 ../../../arduinoCore\libcore.a(wiring.c.o)
                0x0000096e                init
 .text.analogWrite
                0x000009e4       0xc0 ../../../arduinoCore\libcore.a(wiring_analog.c.o)
                0x000009e4                analogWrite
 .text.pinMode  0x00000aa4       0x7e ../../../arduinoCore\libcore.a(wiring_digital.c.o)
                0x00000aa4                pinMode
 .text.digitalWrite
                0x00000b22       0xa8 ../../../arduinoCore\libcore.a(wiring_digital.c.o)
                0x00000b22                digitalWrite
 .text.digitalRead
                0x00000bca       0xa6 ../../../arduinoCore\libcore.a(wiring_digital.c.o)
                0x00000bca                digitalRead
 .text._Z11serialEventv
                0x00000c70        0x2 ../../../arduinoCore\libcore.a(HardwareSerial.cpp.o)
                0x00000c70                serialEvent()
 .text.__vector_18
                0x00000c72       0x76 ../../../arduinoCore\libcore.a(HardwareSerial.cpp.o)
                0x00000c72                __vector_18
 .text._Z14serialEventRunv
                0x00000ce8       0x26 ../../../arduinoCore\libcore.a(HardwareSerial.cpp.o)
                0x00000ce8                serialEventRun()
 .text.__vector_19
                0x00000d0e       0x76 ../../../arduinoCore\libcore.a(HardwareSerial.cpp.o)
                0x00000d0e                __vector_19
 .text._ZN14HardwareSerial5beginEm
                0x00000d84      0x10e ../../../arduinoCore\libcore.a(HardwareSerial.cpp.o)
                0x00000d84                HardwareSerial::begin(unsigned long)
 .text._ZN14HardwareSerial9availableEv
                0x00000e92       0x22 ../../../arduinoCore\libcore.a(HardwareSerial.cpp.o)
                0x00000e92                HardwareSerial::available()
 .text._ZN14HardwareSerial4peekEv
                0x00000eb4       0x40 ../../../arduinoCore\libcore.a(HardwareSerial.cpp.o)
                0x00000eb4                HardwareSerial::peek()
 .text._ZN14HardwareSerial4readEv
                0x00000ef4       0x52 ../../../arduinoCore\libcore.a(HardwareSerial.cpp.o)
                0x00000ef4                HardwareSerial::read()
 .text._ZN14HardwareSerial5flushEv
                0x00000f46       0x20 ../../../arduinoCore\libcore.a(HardwareSerial.cpp.o)
                0x00000f46                HardwareSerial::flush()
 .text._ZN14HardwareSerial5writeEh
                0x00000f66       0x80 ../../../arduinoCore\libcore.a(HardwareSerial.cpp.o)
                0x00000f66                HardwareSerial::write(unsigned char)
 .text._GLOBAL__I_rx_buffer
                0x00000fe6       0xac ../../../arduinoCore\libcore.a(HardwareSerial.cpp.o)
 .text.main     0x00001092       0x1e ../../../arduinoCore\libcore.a(main.cpp.o)
                0x00001092                main
 .text._ZN5Print5writeEPKhj
                0x000010b0       0x54 ../../../arduinoCore\libcore.a(Print.cpp.o)
                0x000010b0                Print::write(unsigned char const*, unsigned int)
 .text._ZN5Print7printlnEv
                0x00001104       0x40 ../../../arduinoCore\libcore.a(Print.cpp.o)
                0x00001104                Print::println()
 .text._ZN5Print5writeEPKc
                0x00001144       0x38 ../../../arduinoCore\libcore.a(Print.cpp.o)
                0x00001144                Print::write(char const*)
 .text._ZN5Print11printNumberEmh
                0x0000117c       0xc8 ../../../arduinoCore\libcore.a(Print.cpp.o)
                0x0000117c                Print::printNumber(unsigned long, unsigned char)
 .text._ZN5Print5printEli
                0x00001244       0x80 ../../../arduinoCore\libcore.a(Print.cpp.o)
                0x00001244                Print::print(long, int)
 .text._ZN5Print7printlnEii
                0x000012c4       0x3e ../../../arduinoCore\libcore.a(Print.cpp.o)
                0x000012c4                Print::println(int, int)
 .text._ZN5Print7printlnEPKc
                0x00001302       0x26 ../../../arduinoCore\libcore.a(Print.cpp.o)
                0x00001302                Print::println(char const*)
 .text._ZNK6String16equalsIgnoreCaseERKS_
                0x00001328       0x78 ../../../arduinoCore\libcore.a(WString.cpp.o)
                0x00001328                String::equalsIgnoreCase(String const&) const
 .text._ZN6String12changeBufferEj
                0x000013a0       0x34 ../../../arduinoCore\libcore.a(WString.cpp.o)
                0x000013a0                String::changeBuffer(unsigned int)
 .text._ZN6String7reserveEj
                0x000013d4       0x38 ../../../arduinoCore\libcore.a(WString.cpp.o)
                0x000013d4                String::reserve(unsigned int)
 .text._ZN6String6concatEPKcj
                0x0000140c       0x5a ../../../arduinoCore\libcore.a(WString.cpp.o)
                0x0000140c                String::concat(char const*, unsigned int)
 .text._ZN6String6concatEc
                0x00001466       0x26 ../../../arduinoCore\libcore.a(WString.cpp.o)
                0x00001466                String::concat(char)
 .text._ZN6String10invalidateEv
                0x0000148c       0x24 ../../../arduinoCore\libcore.a(WString.cpp.o)
                0x0000148c                String::invalidate()
 .text._ZN6String4copyEPKcj
                0x000014b0       0x42 ../../../arduinoCore\libcore.a(WString.cpp.o)
                0x000014b0                String::copy(char const*, unsigned int)
 .text._ZN6StringC1EPKc
                0x000014f2       0x34 ../../../arduinoCore\libcore.a(WString.cpp.o)
                0x000014f2                String::String(char const*)
 .text._ZN6StringaSERKS_
                0x00001526       0x2e ../../../arduinoCore\libcore.a(WString.cpp.o)
                0x00001526                String::operator=(String const&)
 .text._ZN6StringC1ERKS_
                0x00001554       0x16 ../../../arduinoCore\libcore.a(WString.cpp.o)
                0x00001554                String::String(String const&)
 .text._ZN6StringD1Ev
                0x0000156a        0xc ../../../arduinoCore\libcore.a(WString.cpp.o)
                0x0000156a                String::~String()
 .text.malloc   0x00001576      0x10e ../../../arduinoCore\libcore.a(malloc.c.o)
                0x00001576                malloc
 .text.free     0x00001684      0x130 ../../../arduinoCore\libcore.a(malloc.c.o)
                0x00001684                free
 .text.realloc  0x000017b4      0x1b4 ../../../arduinoCore\libcore.a(malloc.c.o)
                0x000017b4                realloc
 .text.libgcc   0x00001968       0x3e c:/program files (x86)/atmel/atmel studio 6.0/extensions/atmel/avrgcc/3.4.1.95/avrtoolchain/bin/../lib/gcc/avr/4.6.2/avr5\libgcc.a(_mulsi3.o)
                0x00001968                __mulsi3
 .text.libgcc   0x000019a6       0x44 c:/program files (x86)/atmel/atmel studio 6.0/extensions/atmel/avrgcc/3.4.1.95/avrtoolchain/bin/../lib/gcc/avr/4.6.2/avr5\libgcc.a(_udivmodsi4.o)
                0x000019a6                __udivmodsi4
 .text.libgcc   0x000019ea        0xc c:/program files (x86)/atmel/atmel studio 6.0/extensions/atmel/avrgcc/3.4.1.95/avrtoolchain/bin/../lib/gcc/avr/4.6.2/avr5\libgcc.a(_tablejump.o)
                0x000019ea                __tablejump2__
                0x000019ee                __tablejump__
 .text.avr-libc
                0x000019f6       0x10 c:/program files (x86)/atmel/atmel studio 6.0/extensions/atmel/avrgcc/3.4.1.95/avrtoolchain/bin/../lib/gcc/avr/4.6.2/../../../../avr/lib/avr5\libc.a(tolower.o)
                0x000019f6                tolower
 .text.avr-libc
                0x00001a06       0x12 c:/program files (x86)/atmel/atmel studio 6.0/extensions/atmel/avrgcc/3.4.1.95/avrtoolchain/bin/../lib/gcc/avr/4.6.2/../../../../avr/lib/avr5\libc.a(memcpy.o)
                0x00001a06                memcpy
 .text.avr-libc
                0x00001a18        0xe c:/program files (x86)/atmel/atmel studio 6.0/extensions/atmel/avrgcc/3.4.1.95/avrtoolchain/bin/../lib/gcc/avr/4.6.2/../../../../avr/lib/avr5\libc.a(strcpy.o)
                0x00001a18                strcpy
                0x00001a26                . = ALIGN (0x2)
 *(.fini9)
 .fini9         0x00001a26        0x0 c:/program files (x86)/atmel/atmel studio 6.0/extensions/atmel/avrgcc/3.4.1.95/avrtoolchain/bin/../lib/gcc/avr/4.6.2/avr5\libgcc.a(_exit.o)
                0x00001a26                _exit
                0x00001a26                exit
 *(.fini9)
 *(.fini8)
 *(.fini8)
 *(.fini7)
 *(.fini7)
 *(.fini6)
 *(.fini6)
 *(.fini5)
 *(.fini5)
 *(.fini4)
 *(.fini4)
 *(.fini3)
 *(.fini3)
 *(.fini2)
 *(.fini2)
 *(.fini1)
 *(.fini1)
 *(.fini0)
 .fini0         0x00001a26        0x4 c:/program files (x86)/atmel/atmel studio 6.0/extensions/atmel/avrgcc/3.4.1.95/avrtoolchain/bin/../lib/gcc/avr/4.6.2/avr5\libgcc.a(_exit.o)
 *(.fini0)
                0x00001a2a                _etext = .

.data           0x00800100       0x8c load address 0x00001a2a
                0x00800100                PROVIDE (__data_start, .)
 *(.data)
 .data          0x00800100        0x0 c:/program files (x86)/atmel/atmel studio 6.0/extensions/atmel/avrgcc/3.4.1.95/avrtoolchain/bin/../lib/gcc/avr/4.6.2/../../../../avr/lib/avr5/crtm328p.o
 .data          0x00800100       0x67 FARKUS Conveyance.o
 .data          0x00800167        0x0 ../../../arduinoCore\libcore.a(wiring.c.o)
 .data          0x00800167        0x0 ../../../arduinoCore\libcore.a(wiring_analog.c.o)
 .data          0x00800167        0x0 ../../../arduinoCore\libcore.a(wiring_digital.c.o)
 .data          0x00800167        0x0 ../../../arduinoCore\libcore.a(HardwareSerial.cpp.o)
 .data          0x00800167        0x0 ../../../arduinoCore\libcore.a(main.cpp.o)
 .data          0x00800167        0x0 ../../../arduinoCore\libcore.a(new.cpp.o)
 .data          0x00800167        0xe ../../../arduinoCore\libcore.a(Print.cpp.o)
 .data          0x00800175        0x1 ../../../arduinoCore\libcore.a(WString.cpp.o)
 .data          0x00800176        0x0 ../../../arduinoCore\libcore.a(malloc.c.o)
 .data          0x00800176        0x0 c:/program files (x86)/atmel/atmel studio 6.0/extensions/atmel/avrgcc/3.4.1.95/avrtoolchain/bin/../lib/gcc/avr/4.6.2/../../../../avr/lib/avr5\libm.a(addsf3.o)
 .data          0x00800176        0x0 c:/program files (x86)/atmel/atmel studio 6.0/extensions/atmel/avrgcc/3.4.1.95/avrtoolchain/bin/../lib/gcc/avr/4.6.2/../../../../avr/lib/avr5\libm.a(addsf3x.o)
 .data          0x00800176        0x0 c:/program files (x86)/atmel/atmel studio 6.0/extensions/atmel/avrgcc/3.4.1.95/avrtoolchain/bin/../lib/gcc/avr/4.6.2/../../../../avr/lib/avr5\libm.a(cmpsf2.o)
 .data          0x00800176        0x0 c:/program files (x86)/atmel/atmel studio 6.0/extensions/atmel/avrgcc/3.4.1.95/avrtoolchain/bin/../lib/gcc/avr/4.6.2/../../../../avr/lib/avr5\libm.a(divsf3.o)
 .data          0x00800176        0x0 c:/program files (x86)/atmel/atmel studio 6.0/extensions/atmel/avrgcc/3.4.1.95/avrtoolchain/bin/../lib/gcc/avr/4.6.2/../../../../avr/lib/avr5\libm.a(divsf3x.o)
 .data          0x00800176        0x0 c:/program files (x86)/atmel/atmel studio 6.0/extensions/atmel/avrgcc/3.4.1.95/avrtoolchain/bin/../lib/gcc/avr/4.6.2/../../../../avr/lib/avr5\libm.a(fixsfsi.o)
 .data          0x00800176        0x0 c:/program files (x86)/atmel/atmel studio 6.0/extensions/atmel/avrgcc/3.4.1.95/avrtoolchain/bin/../lib/gcc/avr/4.6.2/../../../../avr/lib/avr5\libm.a(fixunssfsi.o)
 .data          0x00800176        0x0 c:/program files (x86)/atmel/atmel studio 6.0/extensions/atmel/avrgcc/3.4.1.95/avrtoolchain/bin/../lib/gcc/avr/4.6.2/../../../../avr/lib/avr5\libm.a(floatsisf.o)
 .data          0x00800176        0x0 c:/program files (x86)/atmel/atmel studio 6.0/extensions/atmel/avrgcc/3.4.1.95/avrtoolchain/bin/../lib/gcc/avr/4.6.2/../../../../avr/lib/avr5\libm.a(fp_cmp.o)
 .data          0x00800176        0x0 c:/program files (x86)/atmel/atmel studio 6.0/extensions/atmel/avrgcc/3.4.1.95/avrtoolchain/bin/../lib/gcc/avr/4.6.2/../../../../avr/lib/avr5\libm.a(fp_inf.o)
 .data          0x00800176        0x0 c:/program files (x86)/atmel/atmel studio 6.0/extensions/atmel/avrgcc/3.4.1.95/avrtoolchain/bin/../lib/gcc/avr/4.6.2/../../../../avr/lib/avr5\libm.a(fp_nan.o)
 .data          0x00800176        0x0 c:/program files (x86)/atmel/atmel studio 6.0/extensions/atmel/avrgcc/3.4.1.95/avrtoolchain/bin/../lib/gcc/avr/4.6.2/../../../../avr/lib/avr5\libm.a(fp_pscA.o)
 .data          0x00800176        0x0 c:/program files (x86)/atmel/atmel studio 6.0/extensions/atmel/avrgcc/3.4.1.95/avrtoolchain/bin/../lib/gcc/avr/4.6.2/../../../../avr/lib/avr5\libm.a(fp_pscB.o)
 .data          0x00800176        0x0 c:/program files (x86)/atmel/atmel studio 6.0/extensions/atmel/avrgcc/3.4.1.95/avrtoolchain/bin/../lib/gcc/avr/4.6.2/../../../../avr/lib/avr5\libm.a(fp_round.o)
 .data          0x00800176        0x0 c:/program files (x86)/atmel/atmel studio 6.0/extensions/atmel/avrgcc/3.4.1.95/avrtoolchain/bin/../lib/gcc/avr/4.6.2/../../../../avr/lib/avr5\libm.a(fp_split3.o)
 .data          0x00800176        0x0 c:/program files (x86)/atmel/atmel studio 6.0/extensions/atmel/avrgcc/3.4.1.95/avrtoolchain/bin/../lib/gcc/avr/4.6.2/../../../../avr/lib/avr5\libm.a(fp_zero.o)
 .data          0x00800176        0x0 c:/program files (x86)/atmel/atmel studio 6.0/extensions/atmel/avrgcc/3.4.1.95/avrtoolchain/bin/../lib/gcc/avr/4.6.2/../../../../avr/lib/avr5\libm.a(gesf2.o)
 .data          0x00800176        0x0 c:/program files (x86)/atmel/atmel studio 6.0/extensions/atmel/avrgcc/3.4.1.95/avrtoolchain/bin/../lib/gcc/avr/4.6.2/../../../../avr/lib/avr5\libm.a(mulsf3.o)
 .data          0x00800176        0x0 c:/program files (x86)/atmel/atmel studio 6.0/extensions/atmel/avrgcc/3.4.1.95/avrtoolchain/bin/../lib/gcc/avr/4.6.2/../../../../avr/lib/avr5\libm.a(mulsf3x.o)
 .data          0x00800176        0x0 c:/program files (x86)/atmel/atmel studio 6.0/extensions/atmel/avrgcc/3.4.1.95/avrtoolchain/bin/../lib/gcc/avr/4.6.2/../../../../avr/lib/avr5\libm.a(unordsf2.o)
 .data          0x00800176        0x0 c:/program files (x86)/atmel/atmel studio 6.0/extensions/atmel/avrgcc/3.4.1.95/avrtoolchain/bin/../lib/gcc/avr/4.6.2/avr5\libgcc.a(_mulsi3.o)
 .data          0x00800176        0x0 c:/program files (x86)/atmel/atmel studio 6.0/extensions/atmel/avrgcc/3.4.1.95/avrtoolchain/bin/../lib/gcc/avr/4.6.2/avr5\libgcc.a(_udivmodsi4.o)
 .data          0x00800176        0x0 c:/program files (x86)/atmel/atmel studio 6.0/extensions/atmel/avrgcc/3.4.1.95/avrtoolchain/bin/../lib/gcc/avr/4.6.2/avr5\libgcc.a(_exit.o)
 .data          0x00800176        0x0 c:/program files (x86)/atmel/atmel studio 6.0/extensions/atmel/avrgcc/3.4.1.95/avrtoolchain/bin/../lib/gcc/avr/4.6.2/avr5\libgcc.a(_copy_data.o)
 .data          0x00800176        0x0 c:/program files (x86)/atmel/atmel studio 6.0/extensions/atmel/avrgcc/3.4.1.95/avrtoolchain/bin/../lib/gcc/avr/4.6.2/avr5\libgcc.a(_clear_bss.o)
 .data          0x00800176        0x0 c:/program files (x86)/atmel/atmel studio 6.0/extensions/atmel/avrgcc/3.4.1.95/avrtoolchain/bin/../lib/gcc/avr/4.6.2/avr5\libgcc.a(_ctors.o)
 .data          0x00800176        0x0 c:/program files (x86)/atmel/atmel studio 6.0/extensions/atmel/avrgcc/3.4.1.95/avrtoolchain/bin/../lib/gcc/avr/4.6.2/avr5\libgcc.a(_tablejump.o)
 .data          0x00800176        0x0 c:/program files (x86)/atmel/atmel studio 6.0/extensions/atmel/avrgcc/3.4.1.95/avrtoolchain/bin/../lib/gcc/avr/4.6.2/../../../../avr/lib/avr5\libc.a(atol.o)
 .data          0x00800176        0x0 c:/program files (x86)/atmel/atmel studio 6.0/extensions/atmel/avrgcc/3.4.1.95/avrtoolchain/bin/../lib/gcc/avr/4.6.2/../../../../avr/lib/avr5\libc.a(isspace.o)
 .data          0x00800176        0x0 c:/program files (x86)/atmel/atmel studio 6.0/extensions/atmel/avrgcc/3.4.1.95/avrtoolchain/bin/../lib/gcc/avr/4.6.2/../../../../avr/lib/avr5\libc.a(tolower.o)
 .data          0x00800176        0x0 c:/program files (x86)/atmel/atmel studio 6.0/extensions/atmel/avrgcc/3.4.1.95/avrtoolchain/bin/../lib/gcc/avr/4.6.2/../../../../avr/lib/avr5\libc.a(toupper.o)
 .data          0x00800176        0x0 c:/program files (x86)/atmel/atmel studio 6.0/extensions/atmel/avrgcc/3.4.1.95/avrtoolchain/bin/../lib/gcc/avr/4.6.2/../../../../avr/lib/avr5\libc.a(memcpy.o)
 .data          0x00800176        0x0 c:/program files (x86)/atmel/atmel studio 6.0/extensions/atmel/avrgcc/3.4.1.95/avrtoolchain/bin/../lib/gcc/avr/4.6.2/../../../../avr/lib/avr5\libc.a(memmove.o)
 .data          0x00800176        0x0 c:/program files (x86)/atmel/atmel studio 6.0/extensions/atmel/avrgcc/3.4.1.95/avrtoolchain/bin/../lib/gcc/avr/4.6.2/../../../../avr/lib/avr5\libc.a(strchr.o)
 .data          0x00800176        0x0 c:/program files (x86)/atmel/atmel studio 6.0/extensions/atmel/avrgcc/3.4.1.95/avrtoolchain/bin/../lib/gcc/avr/4.6.2/../../../../avr/lib/avr5\libc.a(strcmp.o)
 .data          0x00800176        0x0 c:/program files (x86)/atmel/atmel studio 6.0/extensions/atmel/avrgcc/3.4.1.95/avrtoolchain/bin/../lib/gcc/avr/4.6.2/../../../../avr/lib/avr5\libc.a(strcpy.o)
 .data          0x00800176        0x0 c:/program files (x86)/atmel/atmel studio 6.0/extensions/atmel/avrgcc/3.4.1.95/avrtoolchain/bin/../lib/gcc/avr/4.6.2/../../../../avr/lib/avr5\libc.a(strncmp.o)
 .data          0x00800176        0x0 c:/program files (x86)/atmel/atmel studio 6.0/extensions/atmel/avrgcc/3.4.1.95/avrtoolchain/bin/../lib/gcc/avr/4.6.2/../../../../avr/lib/avr5\libc.a(strncpy.o)
 .data          0x00800176        0x0 c:/program files (x86)/atmel/atmel studio 6.0/extensions/atmel/avrgcc/3.4.1.95/avrtoolchain/bin/../lib/gcc/avr/4.6.2/../../../../avr/lib/avr5\libc.a(strrchr.o)
 .data          0x00800176        0x0 c:/program files (x86)/atmel/atmel studio 6.0/extensions/atmel/avrgcc/3.4.1.95/avrtoolchain/bin/../lib/gcc/avr/4.6.2/../../../../avr/lib/avr5\libc.a(strstr.o)
 .data          0x00800176        0x0 c:/program files (x86)/atmel/atmel studio 6.0/extensions/atmel/avrgcc/3.4.1.95/avrtoolchain/bin/../lib/gcc/avr/4.6.2/../../../../avr/lib/avr5\libc.a(itoa.o)
 .data          0x00800176        0x0 c:/program files (x86)/atmel/atmel studio 6.0/extensions/atmel/avrgcc/3.4.1.95/avrtoolchain/bin/../lib/gcc/avr/4.6.2/../../../../avr/lib/avr5\libc.a(ltoa.o)
 .data          0x00800176        0x0 c:/program files (x86)/atmel/atmel studio 6.0/extensions/atmel/avrgcc/3.4.1.95/avrtoolchain/bin/../lib/gcc/avr/4.6.2/../../../../avr/lib/avr5\libc.a(mulsi10.o)
 .data          0x00800176        0x0 c:/program files (x86)/atmel/atmel studio 6.0/extensions/atmel/avrgcc/3.4.1.95/avrtoolchain/bin/../lib/gcc/avr/4.6.2/../../../../avr/lib/avr5\libc.a(ultoa.o)
 .data          0x00800176        0x0 c:/program files (x86)/atmel/atmel studio 6.0/extensions/atmel/avrgcc/3.4.1.95/avrtoolchain/bin/../lib/gcc/avr/4.6.2/../../../../avr/lib/avr5\libc.a(utoa.o)
 .data          0x00800176        0x0 c:/program files (x86)/atmel/atmel studio 6.0/extensions/atmel/avrgcc/3.4.1.95/avrtoolchain/bin/../lib/gcc/avr/4.6.2/../../../../avr/lib/avr5\libc.a(cty_isfalse.o)
 .data          0x00800176        0x0 c:/program files (x86)/atmel/atmel studio 6.0/extensions/atmel/avrgcc/3.4.1.95/avrtoolchain/bin/../lib/gcc/avr/4.6.2/../../../../avr/lib/avr5\libc.a(strrev.o)
 .data          0x00800176        0x0 c:/program files (x86)/atmel/atmel studio 6.0/extensions/atmel/avrgcc/3.4.1.95/avrtoolchain/bin/../lib/gcc/avr/4.6.2/avr5\libgcc.a(_udivmodhi4.o)
 *(.data*)
 .data.firstAct
                0x00800176        0x1 FARKUS Conveyance.o
                0x00800176                firstAct
 .data.subWaitSentinel
                0x00800177        0x1 FARKUS Conveyance.o
                0x00800177                subWaitSentinel
 .data.__brkval
                0x00800178        0x2 ../../../arduinoCore\libcore.a(malloc.c.o)
                0x00800178                __brkval
 .data.__brkval_maximum
                0x0080017a        0x2 ../../../arduinoCore\libcore.a(malloc.c.o)
                0x0080017a                __brkval_maximum
 *(.rodata)
 *(.rodata*)
 .rodata._ZTV14HardwareSerial
                0x0080017c       0x10 ../../../arduinoCore\libcore.a(HardwareSerial.cpp.o)
                0x0080017c                vtable for HardwareSerial
 *(.gnu.linkonce.d*)
                0x0080018c                . = ALIGN (0x2)
                0x0080018c                _edata = .
                0x0080018c                PROVIDE (__data_end, .)

.bss            0x0080018c       0xc5
                0x0080018c                PROVIDE (__bss_start, .)
 *(.bss)
 *(.bss*)
 .bss.hasOccluded
                0x0080018c        0x1 FARKUS Conveyance.o
                0x0080018c                hasOccluded
 .bss.sensorTime
                0x0080018d        0x4 FARKUS Conveyance.o
                0x0080018d                sensorTime
 .bss.subWaitTime
                0x00800191        0x4 FARKUS Conveyance.o
                0x00800191                subWaitTime
 .bss.subWaitStart
                0x00800195        0x4 FARKUS Conveyance.o
                0x00800195                subWaitStart
 .bss.configVar
                0x00800199        0x1 FARKUS Conveyance.o
                0x00800199                configVar
 .bss.subStateVar
                0x0080019a        0x1 FARKUS Conveyance.o
                0x0080019a                subStateVar
 .bss.stateVar  0x0080019b        0x1 FARKUS Conveyance.o
                0x0080019b                stateVar
 .bss.timer0_overflow_count
                0x0080019c        0x4 ../../../arduinoCore\libcore.a(wiring.c.o)
                0x0080019c                timer0_overflow_count
 .bss.timer0_millis
                0x008001a0        0x4 ../../../arduinoCore\libcore.a(wiring.c.o)
                0x008001a0                timer0_millis
 .bss.timer0_fract
                0x008001a4        0x1 ../../../arduinoCore\libcore.a(wiring.c.o)
 .bss.rx_buffer
                0x008001a5       0x44 ../../../arduinoCore\libcore.a(HardwareSerial.cpp.o)
                0x008001a5                rx_buffer
 .bss.tx_buffer
                0x008001e9       0x44 ../../../arduinoCore\libcore.a(HardwareSerial.cpp.o)
                0x008001e9                tx_buffer
 .bss.Serial    0x0080022d       0x22 ../../../arduinoCore\libcore.a(HardwareSerial.cpp.o)
                0x0080022d                Serial
 *(COMMON)
 COMMON         0x0080024f        0x2 ../../../arduinoCore\libcore.a(malloc.c.o)
                0x0080024f                __flp
                0x00800251                PROVIDE (__bss_end, .)
                0x00001a2a                __data_load_start = LOADADDR (.data)
                0x00001ab6                __data_load_end = (__data_load_start + SIZEOF (.data))

.noinit         0x00800251        0x0
                0x00800251                PROVIDE (__noinit_start, .)
 *(.noinit*)
                0x00800251                PROVIDE (__noinit_end, .)
                0x00800251                _end = .
                0x00800251                PROVIDE (__heap_start, .)

.eeprom         0x00810000        0x0
 *(.eeprom*)
                0x00810000                __eeprom_end = .

.fuse
 *(.fuse)
 *(.lfuse)
 *(.hfuse)
 *(.efuse)

.lock
 *(.lock*)

.signature
 *(.signature*)

.stab           0x00000000     0x3024
 *(.stab)
 .stab          0x00000000      0x6cc c:/program files (x86)/atmel/atmel studio 6.0/extensions/atmel/avrgcc/3.4.1.95/avrtoolchain/bin/../lib/gcc/avr/4.6.2/../../../../avr/lib/avr5/crtm328p.o
 .stab          0x000006cc       0x78 c:/program files (x86)/atmel/atmel studio 6.0/extensions/atmel/avrgcc/3.4.1.95/avrtoolchain/bin/../lib/gcc/avr/4.6.2/../../../../avr/lib/avr5\libm.a(addsf3.o)
                                 0x84 (size before relaxing)
 .stab          0x00000744      0x4bc c:/program files (x86)/atmel/atmel studio 6.0/extensions/atmel/avrgcc/3.4.1.95/avrtoolchain/bin/../lib/gcc/avr/4.6.2/../../../../avr/lib/avr5\libm.a(addsf3x.o)
                                0x4c8 (size before relaxing)
 .stab          0x00000c00       0x90 c:/program files (x86)/atmel/atmel studio 6.0/extensions/atmel/avrgcc/3.4.1.95/avrtoolchain/bin/../lib/gcc/avr/4.6.2/../../../../avr/lib/avr5\libm.a(cmpsf2.o)
                                 0x9c (size before relaxing)
 .stab          0x00000c90       0x48 c:/program files (x86)/atmel/atmel studio 6.0/extensions/atmel/avrgcc/3.4.1.95/avrtoolchain/bin/../lib/gcc/avr/4.6.2/../../../../avr/lib/avr5\libm.a(divsf3.o)
                                 0x54 (size before relaxing)
 .stab          0x00000cd8      0x510 c:/program files (x86)/atmel/atmel studio 6.0/extensions/atmel/avrgcc/3.4.1.95/avrtoolchain/bin/../lib/gcc/avr/4.6.2/../../../../avr/lib/avr5\libm.a(divsf3x.o)
                                0x51c (size before relaxing)
 .stab          0x000011e8       0x6c c:/program files (x86)/atmel/atmel studio 6.0/extensions/atmel/avrgcc/3.4.1.95/avrtoolchain/bin/../lib/gcc/avr/4.6.2/../../../../avr/lib/avr5\libm.a(fixsfsi.o)
                                 0x78 (size before relaxing)
 .stab          0x00001254      0x240 c:/program files (x86)/atmel/atmel studio 6.0/extensions/atmel/avrgcc/3.4.1.95/avrtoolchain/bin/../lib/gcc/avr/4.6.2/../../../../avr/lib/avr5\libm.a(fixunssfsi.o)
                                0x24c (size before relaxing)
 .stab          0x00001494      0x318 c:/program files (x86)/atmel/atmel studio 6.0/extensions/atmel/avrgcc/3.4.1.95/avrtoolchain/bin/../lib/gcc/avr/4.6.2/../../../../avr/lib/avr5\libm.a(floatsisf.o)
                                0x324 (size before relaxing)
 .stab          0x000017ac      0x1e0 c:/program files (x86)/atmel/atmel studio 6.0/extensions/atmel/avrgcc/3.4.1.95/avrtoolchain/bin/../lib/gcc/avr/4.6.2/../../../../avr/lib/avr5\libm.a(fp_cmp.o)
                                0x1ec (size before relaxing)
 .stab          0x0000198c       0x78 c:/program files (x86)/atmel/atmel studio 6.0/extensions/atmel/avrgcc/3.4.1.95/avrtoolchain/bin/../lib/gcc/avr/4.6.2/../../../../avr/lib/avr5\libm.a(fp_inf.o)
                                 0x84 (size before relaxing)
 .stab          0x00001a04       0x54 c:/program files (x86)/atmel/atmel studio 6.0/extensions/atmel/avrgcc/3.4.1.95/avrtoolchain/bin/../lib/gcc/avr/4.6.2/../../../../avr/lib/avr5\libm.a(fp_nan.o)
                                 0x60 (size before relaxing)
 .stab          0x00001a58       0x84 c:/program files (x86)/atmel/atmel studio 6.0/extensions/atmel/avrgcc/3.4.1.95/avrtoolchain/bin/../lib/gcc/avr/4.6.2/../../../../avr/lib/avr5\libm.a(fp_pscA.o)
                                 0x90 (size before relaxing)
 .stab          0x00001adc       0x84 c:/program files (x86)/atmel/atmel studio 6.0/extensions/atmel/avrgcc/3.4.1.95/avrtoolchain/bin/../lib/gcc/avr/4.6.2/../../../../avr/lib/avr5\libm.a(fp_pscB.o)
                                 0x90 (size before relaxing)
 .stab          0x00001b60       0xfc c:/program files (x86)/atmel/atmel studio 6.0/extensions/atmel/avrgcc/3.4.1.95/avrtoolchain/bin/../lib/gcc/avr/4.6.2/../../../../avr/lib/avr5\libm.a(fp_round.o)
                                0x108 (size before relaxing)
 .stab          0x00001c5c      0x1d4 c:/program files (x86)/atmel/atmel studio 6.0/extensions/atmel/avrgcc/3.4.1.95/avrtoolchain/bin/../lib/gcc/avr/4.6.2/../../../../avr/lib/avr5\libm.a(fp_split3.o)
                                0x1e0 (size before relaxing)
 .stab          0x00001e30       0x90 c:/program files (x86)/atmel/atmel studio 6.0/extensions/atmel/avrgcc/3.4.1.95/avrtoolchain/bin/../lib/gcc/avr/4.6.2/../../../../avr/lib/avr5\libm.a(fp_zero.o)
                                 0x9c (size before relaxing)
 .stab          0x00001ec0       0x6c c:/program files (x86)/atmel/atmel studio 6.0/extensions/atmel/avrgcc/3.4.1.95/avrtoolchain/bin/../lib/gcc/avr/4.6.2/../../../../avr/lib/avr5\libm.a(gesf2.o)
                                 0x78 (size before relaxing)
 .stab          0x00001f2c       0x48 c:/program files (x86)/atmel/atmel studio 6.0/extensions/atmel/avrgcc/3.4.1.95/avrtoolchain/bin/../lib/gcc/avr/4.6.2/../../../../avr/lib/avr5\libm.a(mulsf3.o)
                                 0x54 (size before relaxing)
 .stab          0x00001f74      0x4d4 c:/program files (x86)/atmel/atmel studio 6.0/extensions/atmel/avrgcc/3.4.1.95/avrtoolchain/bin/../lib/gcc/avr/4.6.2/../../../../avr/lib/avr5\libm.a(mulsf3x.o)
                                0x4e0 (size before relaxing)
 .stab          0x00002448       0x60 c:/program files (x86)/atmel/atmel studio 6.0/extensions/atmel/avrgcc/3.4.1.95/avrtoolchain/bin/../lib/gcc/avr/4.6.2/../../../../avr/lib/avr5\libm.a(unordsf2.o)
                                 0x6c (size before relaxing)
 .stab          0x000024a8      0x1e0 c:/program files (x86)/atmel/atmel studio 6.0/extensions/atmel/avrgcc/3.4.1.95/avrtoolchain/bin/../lib/gcc/avr/4.6.2/../../../../avr/lib/avr5\libc.a(atol.o)
                                0x1ec (size before relaxing)
 .stab          0x00002688       0x18 c:/program files (x86)/atmel/atmel studio 6.0/extensions/atmel/avrgcc/3.4.1.95/avrtoolchain/bin/../lib/gcc/avr/4.6.2/../../../../avr/lib/avr5\libc.a(isspace.o)
                                 0xa8 (size before relaxing)
 .stab          0x000026a0       0x9c c:/program files (x86)/atmel/atmel studio 6.0/extensions/atmel/avrgcc/3.4.1.95/avrtoolchain/bin/../lib/gcc/avr/4.6.2/../../../../avr/lib/avr5\libc.a(tolower.o)
                                 0xa8 (size before relaxing)
 .stab          0x0000273c       0x18 c:/program files (x86)/atmel/atmel studio 6.0/extensions/atmel/avrgcc/3.4.1.95/avrtoolchain/bin/../lib/gcc/avr/4.6.2/../../../../avr/lib/avr5\libc.a(toupper.o)
                                 0xa8 (size before relaxing)
 .stab          0x00002754       0x84 c:/program files (x86)/atmel/atmel studio 6.0/extensions/atmel/avrgcc/3.4.1.95/avrtoolchain/bin/../lib/gcc/avr/4.6.2/../../../../avr/lib/avr5\libc.a(memcpy.o)
                                 0x90 (size before relaxing)
 .stab          0x000027d8       0xe4 c:/program files (x86)/atmel/atmel studio 6.0/extensions/atmel/avrgcc/3.4.1.95/avrtoolchain/bin/../lib/gcc/avr/4.6.2/../../../../avr/lib/avr5\libc.a(memmove.o)
                                 0xf0 (size before relaxing)
 .stab          0x000028bc       0x9c c:/program files (x86)/atmel/atmel studio 6.0/extensions/atmel/avrgcc/3.4.1.95/avrtoolchain/bin/../lib/gcc/avr/4.6.2/../../../../avr/lib/avr5\libc.a(strchr.o)
                                 0xa8 (size before relaxing)
 .stab          0x00002958       0x84 c:/program files (x86)/atmel/atmel studio 6.0/extensions/atmel/avrgcc/3.4.1.95/avrtoolchain/bin/../lib/gcc/avr/4.6.2/../../../../avr/lib/avr5\libc.a(strcmp.o)
                                 0x90 (size before relaxing)
 .stab          0x000029dc       0x6c c:/program files (x86)/atmel/atmel studio 6.0/extensions/atmel/avrgcc/3.4.1.95/avrtoolchain/bin/../lib/gcc/avr/4.6.2/../../../../avr/lib/avr5\libc.a(strcpy.o)
                                 0x78 (size before relaxing)
 .stab          0x00002a48       0xc0 c:/program files (x86)/atmel/atmel studio 6.0/extensions/atmel/avrgcc/3.4.1.95/avrtoolchain/bin/../lib/gcc/avr/4.6.2/../../../../avr/lib/avr5\libc.a(strncmp.o)
                                 0xcc (size before relaxing)
 .stab          0x00002b08       0xcc c:/program files (x86)/atmel/atmel studio 6.0/extensions/atmel/avrgcc/3.4.1.95/avrtoolchain/bin/../lib/gcc/avr/4.6.2/../../../../avr/lib/avr5\libc.a(strncpy.o)
                                 0xd8 (size before relaxing)
 .stab          0x00002bd4       0x9c c:/program files (x86)/atmel/atmel studio 6.0/extensions/atmel/avrgcc/3.4.1.95/avrtoolchain/bin/../lib/gcc/avr/4.6.2/../../../../avr/lib/avr5\libc.a(strrchr.o)
                                 0xa8 (size before relaxing)
 .stab          0x00002c70      0x150 c:/program files (x86)/atmel/atmel studio 6.0/extensions/atmel/avrgcc/3.4.1.95/avrtoolchain/bin/../lib/gcc/avr/4.6.2/../../../../avr/lib/avr5\libc.a(strstr.o)
                                0x15c (size before relaxing)
 .stab          0x00002dc0       0x18 c:/program files (x86)/atmel/atmel studio 6.0/extensions/atmel/avrgcc/3.4.1.95/avrtoolchain/bin/../lib/gcc/avr/4.6.2/../../../../avr/lib/avr5\libc.a(itoa.o)
                                0x1bc (size before relaxing)
 .stab          0x00002dd8       0x18 c:/program files (x86)/atmel/atmel studio 6.0/extensions/atmel/avrgcc/3.4.1.95/avrtoolchain/bin/../lib/gcc/avr/4.6.2/../../../../avr/lib/avr5\libc.a(ltoa.o)
                                0x2a0 (size before relaxing)
 .stab          0x00002df0      0x114 c:/program files (x86)/atmel/atmel studio 6.0/extensions/atmel/avrgcc/3.4.1.95/avrtoolchain/bin/../lib/gcc/avr/4.6.2/../../../../avr/lib/avr5\libc.a(mulsi10.o)
                                0x120 (size before relaxing)
 .stab          0x00002f04       0x18 c:/program files (x86)/atmel/atmel studio 6.0/extensions/atmel/avrgcc/3.4.1.95/avrtoolchain/bin/../lib/gcc/avr/4.6.2/../../../../avr/lib/avr5\libc.a(ultoa.o)
                                0x1ec (size before relaxing)
 .stab          0x00002f1c       0x18 c:/program files (x86)/atmel/atmel studio 6.0/extensions/atmel/avrgcc/3.4.1.95/avrtoolchain/bin/../lib/gcc/avr/4.6.2/../../../../avr/lib/avr5\libc.a(utoa.o)
                                0x138 (size before relaxing)
 .stab          0x00002f34       0x18 c:/program files (x86)/atmel/atmel studio 6.0/extensions/atmel/avrgcc/3.4.1.95/avrtoolchain/bin/../lib/gcc/avr/4.6.2/../../../../avr/lib/avr5\libc.a(cty_isfalse.o)
                                 0x6c (size before relaxing)
 .stab          0x00002f4c       0xd8 c:/program files (x86)/atmel/atmel studio 6.0/extensions/atmel/avrgcc/3.4.1.95/avrtoolchain/bin/../lib/gcc/avr/4.6.2/../../../../avr/lib/avr5\libc.a(strrev.o)
                                 0xe4 (size before relaxing)

.stabstr        0x00000000      0xf25
 *(.stabstr)
 .stabstr       0x00000000      0xf25 c:/program files (x86)/atmel/atmel studio 6.0/extensions/atmel/avrgcc/3.4.1.95/avrtoolchain/bin/../lib/gcc/avr/4.6.2/../../../../avr/lib/avr5/crtm328p.o

.stab.excl
 *(.stab.excl)

.stab.exclstr
 *(.stab.exclstr)

.stab.index
 *(.stab.index)

.stab.indexstr
 *(.stab.indexstr)

.comment
 *(.comment)

.debug
 *(.debug)

.line
 *(.line)

.debug_srcinfo
 *(.debug_srcinfo)

.debug_sfnames
 *(.debug_sfnames)

.debug_aranges  0x00000000      0x668
 *(.debug_aranges)
 .debug_aranges
                0x00000000       0x30 FARKUS Conveyance.o
 .debug_aranges
                0x00000030       0x48 ../../../arduinoCore\libcore.a(wiring.c.o)
 .debug_aranges
                0x00000078       0x30 ../../../arduinoCore\libcore.a(wiring_analog.c.o)
 .debug_aranges
                0x000000a8       0x30 ../../../arduinoCore\libcore.a(wiring_digital.c.o)
 .debug_aranges
                0x000000d8       0x98 ../../../arduinoCore\libcore.a(HardwareSerial.cpp.o)
 .debug_aranges
                0x00000170       0x20 ../../../arduinoCore\libcore.a(main.cpp.o)
 .debug_aranges
                0x00000190       0x58 ../../../arduinoCore\libcore.a(new.cpp.o)
 .debug_aranges
                0x000001e8       0xf0 ../../../arduinoCore\libcore.a(Print.cpp.o)
 .debug_aranges
                0x000002d8      0x260 ../../../arduinoCore\libcore.a(WString.cpp.o)
 .debug_aranges
                0x00000538       0x30 ../../../arduinoCore\libcore.a(malloc.c.o)
 .debug_aranges
                0x00000568       0x20 c:/program files (x86)/atmel/atmel studio 6.0/extensions/atmel/avrgcc/3.4.1.95/avrtoolchain/bin/../lib/gcc/avr/4.6.2/avr5\libgcc.a(_mulsi3.o)
 .debug_aranges
                0x00000588       0x20 c:/program files (x86)/atmel/atmel studio 6.0/extensions/atmel/avrgcc/3.4.1.95/avrtoolchain/bin/../lib/gcc/avr/4.6.2/avr5\libgcc.a(_udivmodsi4.o)
 .debug_aranges
                0x000005a8       0x20 c:/program files (x86)/atmel/atmel studio 6.0/extensions/atmel/avrgcc/3.4.1.95/avrtoolchain/bin/../lib/gcc/avr/4.6.2/avr5\libgcc.a(_exit.o)
 .debug_aranges
                0x000005c8       0x20 c:/program files (x86)/atmel/atmel studio 6.0/extensions/atmel/avrgcc/3.4.1.95/avrtoolchain/bin/../lib/gcc/avr/4.6.2/avr5\libgcc.a(_copy_data.o)
 .debug_aranges
                0x000005e8       0x20 c:/program files (x86)/atmel/atmel studio 6.0/extensions/atmel/avrgcc/3.4.1.95/avrtoolchain/bin/../lib/gcc/avr/4.6.2/avr5\libgcc.a(_clear_bss.o)
 .debug_aranges
                0x00000608       0x20 c:/program files (x86)/atmel/atmel studio 6.0/extensions/atmel/avrgcc/3.4.1.95/avrtoolchain/bin/../lib/gcc/avr/4.6.2/avr5\libgcc.a(_ctors.o)
 .debug_aranges
                0x00000628       0x20 c:/program files (x86)/atmel/atmel studio 6.0/extensions/atmel/avrgcc/3.4.1.95/avrtoolchain/bin/../lib/gcc/avr/4.6.2/avr5\libgcc.a(_tablejump.o)
 .debug_aranges
                0x00000648       0x20 c:/program files (x86)/atmel/atmel studio 6.0/extensions/atmel/avrgcc/3.4.1.95/avrtoolchain/bin/../lib/gcc/avr/4.6.2/avr5\libgcc.a(_udivmodhi4.o)

.debug_pubnames
                0x00000000      0xc6c
 *(.debug_pubnames)
 .debug_pubnames
                0x00000000       0x8d ../../../arduinoCore\libcore.a(wiring.c.o)
 .debug_pubnames
                0x0000008d       0x5a ../../../arduinoCore\libcore.a(wiring_analog.c.o)
 .debug_pubnames
                0x000000e7       0xda ../../../arduinoCore\libcore.a(wiring_digital.c.o)
 .debug_pubnames
                0x000001c1      0x1b4 ../../../arduinoCore\libcore.a(HardwareSerial.cpp.o)
 .debug_pubnames
                0x00000375       0x1b ../../../arduinoCore\libcore.a(main.cpp.o)
 .debug_pubnames
                0x00000390       0xbf ../../../arduinoCore\libcore.a(new.cpp.o)
 .debug_pubnames
                0x0000044f      0x200 ../../../arduinoCore\libcore.a(Print.cpp.o)
 .debug_pubnames
                0x0000064f      0x5bf ../../../arduinoCore\libcore.a(WString.cpp.o)
 .debug_pubnames
                0x00000c0e       0x5e ../../../arduinoCore\libcore.a(malloc.c.o)

.debug_info     0x00000000     0x7afb
 *(.debug_info)
 .debug_info    0x00000000      0xdfe FARKUS Conveyance.o
 .debug_info    0x00000dfe      0x31c ../../../arduinoCore\libcore.a(wiring.c.o)
 .debug_info    0x0000111a      0x22b ../../../arduinoCore\libcore.a(wiring_analog.c.o)
 .debug_info    0x00001345      0x592 ../../../arduinoCore\libcore.a(wiring_digital.c.o)
 .debug_info    0x000018d7     0x1904 ../../../arduinoCore\libcore.a(HardwareSerial.cpp.o)
 .debug_info    0x000031db      0x14b ../../../arduinoCore\libcore.a(main.cpp.o)
 .debug_info    0x00003326      0x195 ../../../arduinoCore\libcore.a(new.cpp.o)
 .debug_info    0x000034bb     0x1ad1 ../../../arduinoCore\libcore.a(Print.cpp.o)
 .debug_info    0x00004f8c     0x21c5 ../../../arduinoCore\libcore.a(WString.cpp.o)
 .debug_info    0x00007151      0x2c2 ../../../arduinoCore\libcore.a(malloc.c.o)
 .debug_info    0x00007413       0xdd c:/program files (x86)/atmel/atmel studio 6.0/extensions/atmel/avrgcc/3.4.1.95/avrtoolchain/bin/../lib/gcc/avr/4.6.2/avr5\libgcc.a(_mulsi3.o)
 .debug_info    0x000074f0       0xdd c:/program files (x86)/atmel/atmel studio 6.0/extensions/atmel/avrgcc/3.4.1.95/avrtoolchain/bin/../lib/gcc/avr/4.6.2/avr5\libgcc.a(_udivmodsi4.o)
 .debug_info    0x000075cd       0xdd c:/program files (x86)/atmel/atmel studio 6.0/extensions/atmel/avrgcc/3.4.1.95/avrtoolchain/bin/../lib/gcc/avr/4.6.2/avr5\libgcc.a(_exit.o)
 .debug_info    0x000076aa       0xdd c:/program files (x86)/atmel/atmel studio 6.0/extensions/atmel/avrgcc/3.4.1.95/avrtoolchain/bin/../lib/gcc/avr/4.6.2/avr5\libgcc.a(_copy_data.o)
 .debug_info    0x00007787       0xdd c:/program files (x86)/atmel/atmel studio 6.0/extensions/atmel/avrgcc/3.4.1.95/avrtoolchain/bin/../lib/gcc/avr/4.6.2/avr5\libgcc.a(_clear_bss.o)
 .debug_info    0x00007864       0xdd c:/program files (x86)/atmel/atmel studio 6.0/extensions/atmel/avrgcc/3.4.1.95/avrtoolchain/bin/../lib/gcc/avr/4.6.2/avr5\libgcc.a(_ctors.o)
 .debug_info    0x00007941       0xdd c:/program files (x86)/atmel/atmel studio 6.0/extensions/atmel/avrgcc/3.4.1.95/avrtoolchain/bin/../lib/gcc/avr/4.6.2/avr5\libgcc.a(_tablejump.o)
 .debug_info    0x00007a1e       0xdd c:/program files (x86)/atmel/atmel studio 6.0/extensions/atmel/avrgcc/3.4.1.95/avrtoolchain/bin/../lib/gcc/avr/4.6.2/avr5\libgcc.a(_udivmodhi4.o)
 *(.gnu.linkonce.wi.*)

.debug_abbrev   0x00000000     0x149d
 *(.debug_abbrev)
 .debug_abbrev  0x00000000      0x249 FARKUS Conveyance.o
 .debug_abbrev  0x00000249      0x17d ../../../arduinoCore\libcore.a(wiring.c.o)
 .debug_abbrev  0x000003c6      0x117 ../../../arduinoCore\libcore.a(wiring_analog.c.o)
 .debug_abbrev  0x000004dd      0x177 ../../../arduinoCore\libcore.a(wiring_digital.c.o)
 .debug_abbrev  0x00000654      0x450 ../../../arduinoCore\libcore.a(HardwareSerial.cpp.o)
 .debug_abbrev  0x00000aa4       0x7a ../../../arduinoCore\libcore.a(main.cpp.o)
 .debug_abbrev  0x00000b1e       0xf7 ../../../arduinoCore\libcore.a(new.cpp.o)
 .debug_abbrev  0x00000c15      0x336 ../../../arduinoCore\libcore.a(Print.cpp.o)
 .debug_abbrev  0x00000f4b      0x343 ../../../arduinoCore\libcore.a(WString.cpp.o)
 .debug_abbrev  0x0000128e      0x16f ../../../arduinoCore\libcore.a(malloc.c.o)
 .debug_abbrev  0x000013fd       0x14 c:/program files (x86)/atmel/atmel studio 6.0/extensions/atmel/avrgcc/3.4.1.95/avrtoolchain/bin/../lib/gcc/avr/4.6.2/avr5\libgcc.a(_mulsi3.o)
 .debug_abbrev  0x00001411       0x14 c:/program files (x86)/atmel/atmel studio 6.0/extensions/atmel/avrgcc/3.4.1.95/avrtoolchain/bin/../lib/gcc/avr/4.6.2/avr5\libgcc.a(_udivmodsi4.o)
 .debug_abbrev  0x00001425       0x14 c:/program files (x86)/atmel/atmel studio 6.0/extensions/atmel/avrgcc/3.4.1.95/avrtoolchain/bin/../lib/gcc/avr/4.6.2/avr5\libgcc.a(_exit.o)
 .debug_abbrev  0x00001439       0x14 c:/program files (x86)/atmel/atmel studio 6.0/extensions/atmel/avrgcc/3.4.1.95/avrtoolchain/bin/../lib/gcc/avr/4.6.2/avr5\libgcc.a(_copy_data.o)
 .debug_abbrev  0x0000144d       0x14 c:/program files (x86)/atmel/atmel studio 6.0/extensions/atmel/avrgcc/3.4.1.95/avrtoolchain/bin/../lib/gcc/avr/4.6.2/avr5\libgcc.a(_clear_bss.o)
 .debug_abbrev  0x00001461       0x14 c:/program files (x86)/atmel/atmel studio 6.0/extensions/atmel/avrgcc/3.4.1.95/avrtoolchain/bin/../lib/gcc/avr/4.6.2/avr5\libgcc.a(_ctors.o)
 .debug_abbrev  0x00001475       0x14 c:/program files (x86)/atmel/atmel studio 6.0/extensions/atmel/avrgcc/3.4.1.95/avrtoolchain/bin/../lib/gcc/avr/4.6.2/avr5\libgcc.a(_tablejump.o)
 .debug_abbrev  0x00001489       0x14 c:/program files (x86)/atmel/atmel studio 6.0/extensions/atmel/avrgcc/3.4.1.95/avrtoolchain/bin/../lib/gcc/avr/4.6.2/avr5\libgcc.a(_udivmodhi4.o)

.debug_line     0x00000000     0x3a67
 *(.debug_line)
 .debug_line    0x00000000      0x271 FARKUS Conveyance.o
 .debug_line    0x00000271      0x3e1 ../../../arduinoCore\libcore.a(wiring.c.o)
 .debug_line    0x00000652      0x2e1 ../../../arduinoCore\libcore.a(wiring_analog.c.o)
 .debug_line    0x00000933      0x355 ../../../arduinoCore\libcore.a(wiring_digital.c.o)
 .debug_line    0x00000c88      0x7e7 ../../../arduinoCore\libcore.a(HardwareSerial.cpp.o)
 .debug_line    0x0000146f      0x19b ../../../arduinoCore\libcore.a(main.cpp.o)
 .debug_line    0x0000160a      0x24a ../../../arduinoCore\libcore.a(new.cpp.o)
 .debug_line    0x00001854      0x7d6 ../../../arduinoCore\libcore.a(Print.cpp.o)
 .debug_line    0x0000202a     0x116e ../../../arduinoCore\libcore.a(WString.cpp.o)
 .debug_line    0x00003198      0x425 ../../../arduinoCore\libcore.a(malloc.c.o)
 .debug_line    0x000035bd       0xa5 c:/program files (x86)/atmel/atmel studio 6.0/extensions/atmel/avrgcc/3.4.1.95/avrtoolchain/bin/../lib/gcc/avr/4.6.2/avr5\libgcc.a(_mulsi3.o)
 .debug_line    0x00003662       0xa8 c:/program files (x86)/atmel/atmel studio 6.0/extensions/atmel/avrgcc/3.4.1.95/avrtoolchain/bin/../lib/gcc/avr/4.6.2/avr5\libgcc.a(_udivmodsi4.o)
 .debug_line    0x0000370a       0x88 c:/program files (x86)/atmel/atmel studio 6.0/extensions/atmel/avrgcc/3.4.1.95/avrtoolchain/bin/../lib/gcc/avr/4.6.2/avr5\libgcc.a(_exit.o)
 .debug_line    0x00003792       0x91 c:/program files (x86)/atmel/atmel studio 6.0/extensions/atmel/avrgcc/3.4.1.95/avrtoolchain/bin/../lib/gcc/avr/4.6.2/avr5\libgcc.a(_copy_data.o)
 .debug_line    0x00003823       0x8e c:/program files (x86)/atmel/atmel studio 6.0/extensions/atmel/avrgcc/3.4.1.95/avrtoolchain/bin/../lib/gcc/avr/4.6.2/avr5\libgcc.a(_clear_bss.o)
 .debug_line    0x000038b1       0x90 c:/program files (x86)/atmel/atmel studio 6.0/extensions/atmel/avrgcc/3.4.1.95/avrtoolchain/bin/../lib/gcc/avr/4.6.2/avr5\libgcc.a(_ctors.o)
 .debug_line    0x00003941       0x8c c:/program files (x86)/atmel/atmel studio 6.0/extensions/atmel/avrgcc/3.4.1.95/avrtoolchain/bin/../lib/gcc/avr/4.6.2/avr5\libgcc.a(_tablejump.o)
 .debug_line    0x000039cd       0x9a c:/program files (x86)/atmel/atmel studio 6.0/extensions/atmel/avrgcc/3.4.1.95/avrtoolchain/bin/../lib/gcc/avr/4.6.2/avr5\libgcc.a(_udivmodhi4.o)

.debug_frame    0x00000000      0x9d8
 *(.debug_frame)
 .debug_frame   0x00000000       0x88 FARKUS Conveyance.o
 .debug_frame   0x00000088       0x70 ../../../arduinoCore\libcore.a(wiring.c.o)
 .debug_frame   0x000000f8       0x40 ../../../arduinoCore\libcore.a(wiring_analog.c.o)
 .debug_frame   0x00000138       0x40 ../../../arduinoCore\libcore.a(wiring_digital.c.o)
 .debug_frame   0x00000178      0x110 ../../../arduinoCore\libcore.a(HardwareSerial.cpp.o)
 .debug_frame   0x00000288       0x20 ../../../arduinoCore\libcore.a(main.cpp.o)
 .debug_frame   0x000002a8       0x90 ../../../arduinoCore\libcore.a(new.cpp.o)
 .debug_frame   0x00000338      0x1c0 ../../../arduinoCore\libcore.a(Print.cpp.o)
 .debug_frame   0x000004f8      0x4a0 ../../../arduinoCore\libcore.a(WString.cpp.o)
 .debug_frame   0x00000998       0x40 ../../../arduinoCore\libcore.a(malloc.c.o)

.debug_str      0x00000000     0x1990
 *(.debug_str)
 .debug_str     0x00000000      0x8ea FARKUS Conveyance.o
                                0x956 (size before relaxing)
 .debug_str     0x000008ea       0xce ../../../arduinoCore\libcore.a(wiring.c.o)
                                0x16a (size before relaxing)
 .debug_str     0x000009b8       0xc9 ../../../arduinoCore\libcore.a(wiring_analog.c.o)
                                0x168 (size before relaxing)
 .debug_str     0x00000a81       0xfe ../../../arduinoCore\libcore.a(wiring_digital.c.o)
                                0x1d5 (size before relaxing)
 .debug_str     0x00000b7f      0x626 ../../../arduinoCore\libcore.a(HardwareSerial.cpp.o)
                                0xe41 (size before relaxing)
 .debug_str     0x000011a5       0x5a ../../../arduinoCore\libcore.a(main.cpp.o)
                                 0xfd (size before relaxing)
 .debug_str     0x000011ff      0x103 ../../../arduinoCore\libcore.a(new.cpp.o)
                                0x141 (size before relaxing)
 .debug_str     0x00001302      0x3d6 ../../../arduinoCore\libcore.a(Print.cpp.o)
                                0xc07 (size before relaxing)
 .debug_str     0x000016d8      0x1ec ../../../arduinoCore\libcore.a(WString.cpp.o)
                                0x9a3 (size before relaxing)
 .debug_str     0x000018c4       0xcc ../../../arduinoCore\libcore.a(malloc.c.o)
                                0x14b (size before relaxing)

.debug_loc      0x00000000     0x3cf5
 *(.debug_loc)
 .debug_loc     0x00000000      0x130 FARKUS Conveyance.o
 .debug_loc     0x00000130      0x16d ../../../arduinoCore\libcore.a(wiring.c.o)
 .debug_loc     0x0000029d      0x13a ../../../arduinoCore\libcore.a(wiring_analog.c.o)
 .debug_loc     0x000003d7      0x15e ../../../arduinoCore\libcore.a(wiring_digital.c.o)
 .debug_loc     0x00000535      0x473 ../../../arduinoCore\libcore.a(HardwareSerial.cpp.o)
 .debug_loc     0x000009a8       0xb0 ../../../arduinoCore\libcore.a(new.cpp.o)
 .debug_loc     0x00000a58      0xdb8 ../../../arduinoCore\libcore.a(Print.cpp.o)
 .debug_loc     0x00001810     0x1f05 ../../../arduinoCore\libcore.a(WString.cpp.o)
 .debug_loc     0x00003715      0x5e0 ../../../arduinoCore\libcore.a(malloc.c.o)

.debug_macinfo
 *(.debug_macinfo)
OUTPUT(FARKUS Conveyance.elf elf32-avr)
LOAD linker stubs

.debug_ranges   0x00000000      0x528
 .debug_ranges  0x00000000       0x20 FARKUS Conveyance.o
 .debug_ranges  0x00000020       0x40 ../../../arduinoCore\libcore.a(wiring.c.o)
 .debug_ranges  0x00000060       0x28 ../../../arduinoCore\libcore.a(wiring_analog.c.o)
 .debug_ranges  0x00000088       0x28 ../../../arduinoCore\libcore.a(wiring_digital.c.o)
 .debug_ranges  0x000000b0       0x90 ../../../arduinoCore\libcore.a(HardwareSerial.cpp.o)
 .debug_ranges  0x00000140       0x18 ../../../arduinoCore\libcore.a(main.cpp.o)
 .debug_ranges  0x00000158       0x50 ../../../arduinoCore\libcore.a(new.cpp.o)
 .debug_ranges  0x000001a8       0xe8 ../../../arduinoCore\libcore.a(Print.cpp.o)
 .debug_ranges  0x00000290      0x270 ../../../arduinoCore\libcore.a(WString.cpp.o)
 .debug_ranges  0x00000500       0x28 ../../../arduinoCore\libcore.a(malloc.c.o)
