Archive member included because of file (symbol)

../../../arduinoCore\libcore.a(wiring.c.o)
                              I2C.o (millis)
../../../arduinoCore\libcore.a(wiring_digital.c.o)
                              CubeletsShield.o (pinMode)
../../../arduinoCore\libcore.a(HardwareSerial.cpp.o)
                              CubeletsShield.o (Serial)
../../../arduinoCore\libcore.a(main.cpp.o)
                              c:/program files (x86)/atmel/atmel studio 6.0/extensions/atmel/avrgcc/3.4.1.95/avrtoolchain/bin/../lib/gcc/avr/4.6.2/../../../../avr/lib/avr5/crtm328p.o (main)
../../../arduinoCore\libcore.a(new.cpp.o)
                              ../../../arduinoCore\libcore.a(HardwareSerial.cpp.o) (__cxa_pure_virtual)
../../../arduinoCore\libcore.a(Print.cpp.o)
                              ../../../arduinoCore\libcore.a(HardwareSerial.cpp.o) (Print::write(unsigned char const*, unsigned int))
../../../arduinoCore\libcore.a(WString.cpp.o)
                              ../../../arduinoCore\libcore.a(Print.cpp.o) (String::operator[](unsigned int) const)
../../../arduinoCore\libcore.a(malloc.c.o)
                              ../../../arduinoCore\libcore.a(new.cpp.o) (malloc)
c:/program files (x86)/atmel/atmel studio 6.0/extensions/atmel/avrgcc/3.4.1.95/avrtoolchain/bin/../lib/gcc/avr/4.6.2/../../../../avr/lib/avr5\libm.a(addsf3.o)
                              ../../../arduinoCore\libcore.a(Print.cpp.o) (__subsf3)
c:/program files (x86)/atmel/atmel studio 6.0/extensions/atmel/avrgcc/3.4.1.95/avrtoolchain/bin/../lib/gcc/avr/4.6.2/../../../../avr/lib/avr5\libm.a(addsf3x.o)
                              c:/program files (x86)/atmel/atmel studio 6.0/extensions/atmel/avrgcc/3.4.1.95/avrtoolchain/bin/../lib/gcc/avr/4.6.2/../../../../avr/lib/avr5\libm.a(addsf3.o) (__addsf3x)
c:/program files (x86)/atmel/atmel studio 6.0/extensions/atmel/avrgcc/3.4.1.95/avrtoolchain/bin/../lib/gcc/avr/4.6.2/../../../../avr/lib/avr5\libm.a(cmpsf2.o)
                              ../../../arduinoCore\libcore.a(Print.cpp.o) (__ltsf2)
c:/program files (x86)/atmel/atmel studio 6.0/extensions/atmel/avrgcc/3.4.1.95/avrtoolchain/bin/../lib/gcc/avr/4.6.2/../../../../avr/lib/avr5\libm.a(divsf3.o)
                              ../../../arduinoCore\libcore.a(Print.cpp.o) (__divsf3)
c:/program files (x86)/atmel/atmel studio 6.0/extensions/atmel/avrgcc/3.4.1.95/avrtoolchain/bin/../lib/gcc/avr/4.6.2/../../../../avr/lib/avr5\libm.a(divsf3x.o)
                              c:/program files (x86)/atmel/atmel studio 6.0/extensions/atmel/avrgcc/3.4.1.95/avrtoolchain/bin/../lib/gcc/avr/4.6.2/../../../../avr/lib/avr5\libm.a(divsf3.o) (__divsf3x)
c:/program files (x86)/atmel/atmel studio 6.0/extensions/atmel/avrgcc/3.4.1.95/avrtoolchain/bin/../lib/gcc/avr/4.6.2/../../../../avr/lib/avr5\libm.a(fixsfsi.o)
                              ../../../arduinoCore\libcore.a(Print.cpp.o) (__fixsfsi)
c:/program files (x86)/atmel/atmel studio 6.0/extensions/atmel/avrgcc/3.4.1.95/avrtoolchain/bin/../lib/gcc/avr/4.6.2/../../../../avr/lib/avr5\libm.a(fixunssfsi.o)
                              ../../../arduinoCore\libcore.a(Print.cpp.o) (__fixunssfsi)
c:/program files (x86)/atmel/atmel studio 6.0/extensions/atmel/avrgcc/3.4.1.95/avrtoolchain/bin/../lib/gcc/avr/4.6.2/../../../../avr/lib/avr5\libm.a(floatsisf.o)
                              ../../../arduinoCore\libcore.a(Print.cpp.o) (__floatunsisf)
c:/program files (x86)/atmel/atmel studio 6.0/extensions/atmel/avrgcc/3.4.1.95/avrtoolchain/bin/../lib/gcc/avr/4.6.2/../../../../avr/lib/avr5\libm.a(fp_cmp.o)
                              c:/program files (x86)/atmel/atmel studio 6.0/extensions/atmel/avrgcc/3.4.1.95/avrtoolchain/bin/../lib/gcc/avr/4.6.2/../../../../avr/lib/avr5\libm.a(cmpsf2.o) (__fp_cmp)
c:/program files (x86)/atmel/atmel studio 6.0/extensions/atmel/avrgcc/3.4.1.95/avrtoolchain/bin/../lib/gcc/avr/4.6.2/../../../../avr/lib/avr5\libm.a(fp_inf.o)
                              c:/program files (x86)/atmel/atmel studio 6.0/extensions/atmel/avrgcc/3.4.1.95/avrtoolchain/bin/../lib/gcc/avr/4.6.2/../../../../avr/lib/avr5\libm.a(addsf3x.o) (__fp_inf)
c:/program files (x86)/atmel/atmel studio 6.0/extensions/atmel/avrgcc/3.4.1.95/avrtoolchain/bin/../lib/gcc/avr/4.6.2/../../../../avr/lib/avr5\libm.a(fp_nan.o)
                              c:/program files (x86)/atmel/atmel studio 6.0/extensions/atmel/avrgcc/3.4.1.95/avrtoolchain/bin/../lib/gcc/avr/4.6.2/../../../../avr/lib/avr5\libm.a(addsf3x.o) (__fp_nan)
c:/program files (x86)/atmel/atmel studio 6.0/extensions/atmel/avrgcc/3.4.1.95/avrtoolchain/bin/../lib/gcc/avr/4.6.2/../../../../avr/lib/avr5\libm.a(fp_pscA.o)
                              c:/program files (x86)/atmel/atmel studio 6.0/extensions/atmel/avrgcc/3.4.1.95/avrtoolchain/bin/../lib/gcc/avr/4.6.2/../../../../avr/lib/avr5\libm.a(addsf3x.o) (__fp_pscA)
[...]
Memory Configuration

Name             Origin             Length             Attributes
text             0x00000000         0x00020000         xr
data             0x00800060         0x0000ffa0         rw !x
eeprom           0x00810000         0x00010000         rw !x
fuse             0x00820000         0x00000400         rw !x
lock             0x00830000         0x00000400         rw !x
signature        0x00840000         0x00000400         rw !x
*default*        0x00000000         0xffffffff

Linker script and memory map

Address of section .data set to 0x800100
LOAD c:/program files (x86)/atmel/atmel studio 6.0/extensions/atmel/avrgcc/3.4.1.95/avrtoolchain/bin/../lib/gcc/avr/4.6.2/../../../../avr/lib/avr5/crtm328p.o
LOAD CubeletsShield.o
LOAD FARKUS flash sim.o
LOAD I2C.o
START GROUP
LOAD c:/program files (x86)/atmel/atmel studio 6.0/extensions/atmel/avrgcc/3.4.1.95/avrtoolchain/bin/../lib/gcc/avr/4.6.2/../../../../avr/lib/avr5\libm.a
LOAD ../../../arduinoCore\libcore.a
END GROUP
LOAD c:/program files (x86)/atmel/atmel studio 6.0/extensions/atmel/avrgcc/3.4.1.95/avrtoolchain/bin/../lib/gcc/avr/4.6.2/avr5\libgcc.a
LOAD c:/program files (x86)/atmel/atmel studio 6.0/extensions/atmel/avrgcc/3.4.1.95/avrtoolchain/bin/../lib/gcc/avr/4.6.2/../../../../avr/lib/avr5\libm.a
LOAD c:/program files (x86)/atmel/atmel studio 6.0/extensions/atmel/avrgcc/3.4.1.95/avrtoolchain/bin/../lib/gcc/avr/4.6.2/avr5\libgcc.a
LOAD c:/program files (x86)/atmel/atmel studio 6.0/extensions/atmel/avrgcc/3.4.1.95/avrtoolchain/bin/../lib/gcc/avr/4.6.2/../../../../avr/lib/avr5\libc.a
LOAD c:/program files (x86)/atmel/atmel studio 6.0/extensions/atmel/avrgcc/3.4.1.95/avrtoolchain/bin/../lib/gcc/avr/4.6.2/avr5\libgcc.a

.hash
 *(.hash)

.dynsym
 *(.dynsym)

.dynstr
 *(.dynstr)

.gnu.version
 *(.gnu.version)

.gnu.version_d
 *(.gnu.version_d)

.gnu.version_r
 *(.gnu.version_r)

.rel.init
 *(.rel.init)

.rela.init
 *(.rela.init)

.rel.text
 *(.rel.text)
 *(.rel.text.*)
 *(.rel.gnu.linkonce.t*)

.rela.text
 *(.rela.text)
 *(.rela.text.*)
 *(.rela.gnu.linkonce.t*)

.rel.fini
 *(.rel.fini)

.rela.fini
 *(.rela.fini)

.rel.rodata
 *(.rel.rodata)
 *(.rel.rodata.*)
 *(.rel.gnu.linkonce.r*)

.rela.rodata
 *(.rela.rodata)
 *(.rela.rodata.*)
 *(.rela.gnu.linkonce.r*)

.rel.data
 *(.rel.data)
 *(.rel.data.*)
 *(.rel.gnu.linkonce.d*)

.rela.data
 *(.rela.data)
 *(.rela.data.*)
 *(.rela.gnu.linkonce.d*)

.rel.ctors
 *(.rel.ctors)

.rela.ctors
 *(.rela.ctors)

.rel.dtors
 *(.rel.dtors)

.rela.dtors
 *(.rela.dtors)

.rel.got
 *(.rel.got)

.rela.got
 *(.rela.got)

.rel.bss
 *(.rel.bss)

.rela.bss
 *(.rela.bss)

.rel.plt
 *(.rel.plt)

.rela.plt
 *(.rela.plt)

.text           0x00000000     0x1d1e
 *(.vectors)
 .vectors       0x00000000       0x68 c:/program files (x86)/atmel/atmel studio 6.0/extensions/atmel/avrgcc/3.4.1.95/avrtoolchain/bin/../lib/gcc/avr/4.6.2/../../../../avr/lib/avr5/crtm328p.o
                0x00000000                __vector_default
                0x00000000                __vectors
 *(.vectors)
 *(.progmem.gcc*)
 *(.progmem*)
 .progmem.data  0x00000068       0x5a ../../../arduinoCore\libcore.a(wiring_digital.c.o)
                0x00000068                port_to_mode_PGM
                0x00000072                port_to_output_PGM
                0x0000007c                port_to_input_PGM
                0x00000086                digital_pin_to_port_PGM
                0x0000009a                digital_pin_to_bit_mask_PGM
                0x000000ae                digital_pin_to_timer_PGM
                0x000000c2                . = ALIGN (0x2)
                0x000000c2                __trampolines_start = .
 *(.trampolines)
 .trampolines   0x000000c2        0x0 linker stubs
 *(.trampolines*)
                0x000000c2                __trampolines_end = .
 *(.jumptables)
 *(.jumptables*)
 *(.lowtext)
 *(.lowtext*)
                0x000000c2                __ctors_start = .
 *(.ctors)
 .ctors         0x000000c2        0x2 FARKUS flash sim.o
 .ctors         0x000000c4        0x2 ../../../arduinoCore\libcore.a(HardwareSerial.cpp.o)
                0x000000c6                __ctors_end = .
                0x000000c6                __dtors_start = .
 *(.dtors)
                0x000000c6                __dtors_end = .
 SORT(*)(.ctors)
 SORT(*)(.dtors)
 *(.init0)
 .init0         0x000000c6        0x0 c:/program files (x86)/atmel/atmel studio 6.0/extensions/atmel/avrgcc/3.4.1.95/avrtoolchain/bin/../lib/gcc/avr/4.6.2/../../../../avr/lib/avr5/crtm328p.o
                0x000000c6                __init
 *(.init0)
 *(.init1)
 *(.init1)
 *(.init2)
 .init2         0x000000c6        0xc c:/program files (x86)/atmel/atmel studio 6.0/extensions/atmel/avrgcc/3.4.1.95/avrtoolchain/bin/../lib/gcc/avr/4.6.2/../../../../avr/lib/avr5/crtm328p.o
 *(.init2)
 *(.init3)
 *(.init3)
 *(.init4)
 .init4         0x000000d2       0x16 c:/program files (x86)/atmel/atmel studio 6.0/extensions/atmel/avrgcc/3.4.1.95/avrtoolchain/bin/../lib/gcc/avr/4.6.2/avr5\libgcc.a(_copy_data.o)
                0x000000d2                __do_copy_data
 .init4         0x000000e8       0x10 c:/program files (x86)/atmel/atmel studio 6.0/extensions/atmel/avrgcc/3.4.1.95/avrtoolchain/bin/../lib/gcc/avr/4.6.2/avr5\libgcc.a(_clear_bss.o)
                0x000000e8                __do_clear_bss
 *(.init4)
 *(.init5)
 *(.init5)
 *(.init6)
 .init6         0x000000f8       0x16 c:/program files (x86)/atmel/atmel studio 6.0/extensions/atmel/avrgcc/3.4.1.95/avrtoolchain/bin/../lib/gcc/avr/4.6.2/avr5\libgcc.a(_ctors.o)
                0x000000f8                __do_global_ctors
 *(.init6)
 *(.init7)
 *(.init7)
 *(.init8)
 *(.init8)
 *(.init9)
 .init9         0x0000010e        0x8 c:/program files (x86)/atmel/atmel studio 6.0/extensions/atmel/avrgcc/3.4.1.95/avrtoolchain/bin/../lib/gcc/avr/4.6.2/../../../../avr/lib/avr5/crtm328p.o
 *(.init9)
 *(.text)
 .text          0x00000116        0x4 c:/program files (x86)/atmel/atmel studio 6.0/extensions/atmel/avrgcc/3.4.1.95/avrtoolchain/bin/../lib/gcc/avr/4.6.2/../../../../avr/lib/avr5/crtm328p.o
                0x00000116                __vector_22
                0x00000116                __vector_1
                0x00000116                __vector_24
                0x00000116                __vector_12
                0x00000116                __bad_interrupt
                0x00000116                __vector_6
                0x00000116                __vector_3
                0x00000116                __vector_23
                0x00000116                __vector_25
                0x00000116                __vector_11
                0x00000116                __vector_13
                0x00000116                __vector_17
                0x00000116                __vector_7
                0x00000116                __vector_5
                0x00000116                __vector_4
                0x00000116                __vector_9
                0x00000116                __vector_2
                0x00000116                __vector_21
                0x00000116                __vector_15
                0x00000116                __vector_8
                0x00000116                __vector_14
                0x00000116                __vector_10
                0x00000116                __vector_20
                0x0000011a                . = ALIGN (0x2)
 *(.text.*)
 .text._ZN14CubeletsShield13initializeI2CEv
                0x0000011a       0x2e CubeletsShield.o
                0x0000011a                CubeletsShield::initializeI2C()
 .text._ZN14CubeletsShield12trafficLEDOnEv
                0x00000148        0xc CubeletsShield.o
                0x00000148                CubeletsShield::trafficLEDOn()
 .text._ZN14CubeletsShield13trafficLEDOffEv
                0x00000154        0xc CubeletsShield.o
                0x00000154                CubeletsShield::trafficLEDOff()
 .text._ZN14CubeletsShield22sendCommandWithDataI2CEhhhh
                0x00000160       0xe2 CubeletsShield.o
                0x00000160                CubeletsShield::sendCommandWithDataI2C(unsigned char, unsigned char, unsigned char, unsigned char)
 .text._ZN14CubeletsShield14sendCommandI2CEhhh
                0x00000242       0xc6 CubeletsShield.o
                0x00000242                CubeletsShield::sendCommandI2C(unsigned char, unsigned char, unsigned char)
 .text._ZN14CubeletsShieldC2Ehh
                0x00000308       0x7c CubeletsShield.o
                0x00000308                CubeletsShield::CubeletsShield(unsigned char, unsigned char)
                0x00000308                CubeletsShield::CubeletsShield(unsigned char, unsigned char)
 .text._ZN14CubeletsShield19getI2CAddressByFaceEh
                0x00000384        0xc CubeletsShield.o
                0x00000384                CubeletsShield::getI2CAddressByFace(unsigned char)
 .text._ZN14CubeletsShield24startCommunicationByFaceEh
                0x00000390       0x1c CubeletsShield.o
                0x00000390                CubeletsShield::startCommunicationByFace(unsigned char)
 .text._ZN14CubeletsShield14greenOffByFaceEh
                0x000003ac       0x1c CubeletsShield.o
                0x000003ac                CubeletsShield::greenOffByFace(unsigned char)
 .text._ZN14CubeletsShield13greenOnByFaceEh
                0x000003c8       0x1c CubeletsShield.o
                0x000003c8                CubeletsShield::greenOnByFace(unsigned char)
 .text._ZN14CubeletsShield28setBroadcastBlockValueByFaceEhh
                0x000003e4       0x28 CubeletsShield.o
                0x000003e4                CubeletsShield::setBroadcastBlockValueByFace(unsigned char, unsigned char)
 .text._ZN14CubeletsShield24initializeCubeletsShieldEv
                0x0000040c       0x32 CubeletsShield.o
                0x0000040c                CubeletsShield::initializeCubeletsShield()
 .text._ZN14CubeletsShield10initializeEv
                0x0000043e       0x34 CubeletsShield.o
                0x0000043e                CubeletsShield::initialize()
 .text.setup    0x00000472       0x74 FARKUS flash sim.o
                0x00000472                setup
 .text._Z9startTestv
                0x000004e6       0x4a FARKUS flash sim.o
                0x000004e6                startTest()
 .text._Z14actionResponse6String
                0x00000530      0x232 FARKUS flash sim.o
                0x00000530                actionResponse(String)
 .text.loop     0x00000762       0x94 FARKUS flash sim.o
                0x00000762                loop
 .text._GLOBAL__sub_I_pinState
                0x000007f6        0xe FARKUS flash sim.o
 .text._ZN3I2C5beginEv
                0x00000804       0x22 I2C.o
                0x00000804                I2C::begin()
 .text._ZN3I2C7timeOutEj
                0x00000826        0xa I2C.o
                0x00000826                I2C::timeOut(unsigned int)
 .text._ZN3I2C8setSpeedEh
                0x00000830       0x14 I2C.o
                0x00000830                I2C::setSpeed(unsigned char)
 .text._ZN3I2C6pullupEh
                0x00000844       0x10 I2C.o
                0x00000844                I2C::pullup(unsigned char)
 .text._ZN3I2C6lockUpEv
                0x00000854        0xc I2C.o
                0x00000854                I2C::lockUp()
 .text._ZN3I2C4stopEv
                0x00000860       0x7c I2C.o
                0x00000860                I2C::stop()
 .text._ZN3I2C8sendByteEh
                0x000008dc       0xac I2C.o
                0x000008dc                I2C::sendByte(unsigned char)
 .text._ZN3I2C11sendAddressEh
                0x00000988       0xc4 I2C.o
                0x00000988                I2C::sendAddress(unsigned char)
 .text._ZN3I2C5startEv
                0x00000a4c       0xb6 I2C.o
                0x00000a4c                I2C::start()
 .text._ZN3I2C5writeEhhh
                0x00000b02       0x80 I2C.o
                0x00000b02                I2C::write(unsigned char, unsigned char, unsigned char)
 .text._ZN3I2C5writeEhh
                0x00000b82       0x64 I2C.o
                0x00000b82                I2C::write(unsigned char, unsigned char)
 .text.__vector_16
                0x00000be6       0x90 ../../../arduinoCore\libcore.a(wiring.c.o)
                0x00000be6                __vector_16
 .text.millis   0x00000c76       0x1c ../../../arduinoCore\libcore.a(wiring.c.o)
                0x00000c76                millis
 .text.delay    0x00000c92       0xb2 ../../../arduinoCore\libcore.a(wiring.c.o)
                0x00000c92                delay
 .text.init     0x00000d44       0x76 ../../../arduinoCore\libcore.a(wiring.c.o)
                0x00000d44                init
 .text.pinMode  0x00000dba       0x7e ../../../arduinoCore\libcore.a(wiring_digital.c.o)
                0x00000dba                pinMode
 .text.digitalWrite
                0x00000e38       0xa8 ../../../arduinoCore\libcore.a(wiring_digital.c.o)
                0x00000e38                digitalWrite
 .text._Z11serialEventv
                0x00000ee0        0x2 ../../../arduinoCore\libcore.a(HardwareSerial.cpp.o)
                0x00000ee0                serialEvent()
 .text.__vector_18
                0x00000ee2       0x76 ../../../arduinoCore\libcore.a(HardwareSerial.cpp.o)
                0x00000ee2                __vector_18
 .text._Z14serialEventRunv
                0x00000f58       0x26 ../../../arduinoCore\libcore.a(HardwareSerial.cpp.o)
                0x00000f58                serialEventRun()
 .text.__vector_19
                0x00000f7e       0x76 ../../../arduinoCore\libcore.a(HardwareSerial.cpp.o)
                0x00000f7e                __vector_19
 .text._ZN14HardwareSerial5beginEm
                0x00000ff4      0x10e ../../../arduinoCore\libcore.a(HardwareSerial.cpp.o)
                0x00000ff4                HardwareSerial::begin(unsigned long)
 .text._ZN14HardwareSerial9availableEv
                0x00001102       0x22 ../../../arduinoCore\libcore.a(HardwareSerial.cpp.o)
                0x00001102                HardwareSerial::available()
 .text._ZN14HardwareSerial4peekEv
                0x00001124       0x40 ../../../arduinoCore\libcore.a(HardwareSerial.cpp.o)
                0x00001124                HardwareSerial::peek()
 .text._ZN14HardwareSerial4readEv
                0x00001164       0x52 ../../../arduinoCore\libcore.a(HardwareSerial.cpp.o)
                0x00001164                HardwareSerial::read()
 .text._ZN14HardwareSerial5flushEv
                0x000011b6       0x20 ../../../arduinoCore\libcore.a(HardwareSerial.cpp.o)
                0x000011b6                HardwareSerial::flush()
 .text._ZN14HardwareSerial5writeEh
                0x000011d6       0x80 ../../../arduinoCore\libcore.a(HardwareSerial.cpp.o)
                0x000011d6                HardwareSerial::write(unsigned char)
 .text._GLOBAL__I_rx_buffer
                0x00001256       0xac ../../../arduinoCore\libcore.a(HardwareSerial.cpp.o)
 .text.main     0x00001302       0x1e ../../../arduinoCore\libcore.a(main.cpp.o)
                0x00001302                main
 .text._ZN5Print5writeEPKhj
                0x00001320       0x54 ../../../arduinoCore\libcore.a(Print.cpp.o)
                0x00001320                Print::write(unsigned char const*, unsigned int)
 .text._ZN5Print7printlnEv
                0x00001374       0x40 ../../../arduinoCore\libcore.a(Print.cpp.o)
                0x00001374                Print::println()
 .text._ZN5Print5writeEPKc
                0x000013b4       0x38 ../../../arduinoCore\libcore.a(Print.cpp.o)
                0x000013b4                Print::write(char const*)
 .text._ZN5Print11printNumberEmh
                0x000013ec       0xc8 ../../../arduinoCore\libcore.a(Print.cpp.o)
                0x000013ec                Print::printNumber(unsigned long, unsigned char)
 .text._ZN5Print5printEmi
                0x000014b4       0x1e ../../../arduinoCore\libcore.a(Print.cpp.o)
                0x000014b4                Print::print(unsigned long, int)
 .text._ZN5Print5printEhi
                0x000014d2       0x24 ../../../arduinoCore\libcore.a(Print.cpp.o)
                0x000014d2                Print::print(unsigned char, int)
 .text._ZN5Print7printlnEhi
                0x000014f6       0x3c ../../../arduinoCore\libcore.a(Print.cpp.o)
                0x000014f6                Print::println(unsigned char, int)
 .text._ZN5Print5printEli
                0x00001532       0x80 ../../../arduinoCore\libcore.a(Print.cpp.o)
                0x00001532                Print::print(long, int)
 .text._ZN5Print7printlnEii
                0x000015b2       0x3e ../../../arduinoCore\libcore.a(Print.cpp.o)
                0x000015b2                Print::println(int, int)
 .text._ZN5Print5printEPKc
                0x000015f0        0x6 ../../../arduinoCore\libcore.a(Print.cpp.o)
                0x000015f0                Print::print(char const*)
 .text._ZN5Print7printlnEPKc
                0x000015f6       0x26 ../../../arduinoCore\libcore.a(Print.cpp.o)
                0x000015f6                Print::println(char const*)
 .text._ZNK6String16equalsIgnoreCaseERKS_
                0x0000161c       0x78 ../../../arduinoCore\libcore.a(WString.cpp.o)
                0x0000161c                String::equalsIgnoreCase(String const&) const
 .text._ZN6String12changeBufferEj
                0x00001694       0x34 ../../../arduinoCore\libcore.a(WString.cpp.o)
                0x00001694                String::changeBuffer(unsigned int)
 .text._ZN6String7reserveEj
                0x000016c8       0x38 ../../../arduinoCore\libcore.a(WString.cpp.o)
                0x000016c8                String::reserve(unsigned int)
 .text._ZN6String6concatEPKcj
                0x00001700       0x5a ../../../arduinoCore\libcore.a(WString.cpp.o)
                0x00001700                String::concat(char const*, unsigned int)
 .text._ZN6String6concatEc
                0x0000175a       0x26 ../../../arduinoCore\libcore.a(WString.cpp.o)
                0x0000175a                String::concat(char)
 .text._ZN6String10invalidateEv
                0x00001780       0x24 ../../../arduinoCore\libcore.a(WString.cpp.o)
                0x00001780                String::invalidate()
 .text._ZN6String4copyEPKcj
                0x000017a4       0x42 ../../../arduinoCore\libcore.a(WString.cpp.o)
                0x000017a4                String::copy(char const*, unsigned int)
 .text._ZN6StringC1EPKc
                0x000017e6       0x34 ../../../arduinoCore\libcore.a(WString.cpp.o)
                0x000017e6                String::String(char const*)
 .text._ZN6StringaSERKS_
                0x0000181a       0x2e ../../../arduinoCore\libcore.a(WString.cpp.o)
                0x0000181a                String::operator=(String const&)
 .text._ZN6StringC1ERKS_
                0x00001848       0x16 ../../../arduinoCore\libcore.a(WString.cpp.o)
                0x00001848                String::String(String const&)
 .text._ZN6StringD1Ev
                0x0000185e        0xc ../../../arduinoCore\libcore.a(WString.cpp.o)
                0x0000185e                String::~String()
 .text.malloc   0x0000186a      0x10e ../../../arduinoCore\libcore.a(malloc.c.o)
                0x0000186a                malloc
 .text.free     0x00001978      0x130 ../../../arduinoCore\libcore.a(malloc.c.o)
                0x00001978                free
 .text.realloc  0x00001aa8      0x1b4 ../../../arduinoCore\libcore.a(malloc.c.o)
                0x00001aa8                realloc
 .text.libgcc   0x00001c5c       0x3e c:/program files (x86)/atmel/atmel studio 6.0/extensions/atmel/avrgcc/3.4.1.95/avrtoolchain/bin/../lib/gcc/avr/4.6.2/avr5\libgcc.a(_mulsi3.o)
                0x00001c5c                __mulsi3
 .text.libgcc   0x00001c9a       0x44 c:/program files (x86)/atmel/atmel studio 6.0/extensions/atmel/avrgcc/3.4.1.95/avrtoolchain/bin/../lib/gcc/avr/4.6.2/avr5\libgcc.a(_udivmodsi4.o)
                0x00001c9a                __udivmodsi4
 .text.libgcc   0x00001cde        0xc c:/program files (x86)/atmel/atmel studio 6.0/extensions/atmel/avrgcc/3.4.1.95/avrtoolchain/bin/../lib/gcc/avr/4.6.2/avr5\libgcc.a(_tablejump.o)
                0x00001cde                __tablejump2__
                0x00001ce2                __tablejump__
 .text.avr-libc
                0x00001cea       0x10 c:/program files (x86)/atmel/atmel studio 6.0/extensions/atmel/avrgcc/3.4.1.95/avrtoolchain/bin/../lib/gcc/avr/4.6.2/../../../../avr/lib/avr5\libc.a(tolower.o)
                0x00001cea                tolower
 .text.avr-libc
                0x00001cfa       0x12 c:/program files (x86)/atmel/atmel studio 6.0/extensions/atmel/avrgcc/3.4.1.95/avrtoolchain/bin/../lib/gcc/avr/4.6.2/../../../../avr/lib/avr5\libc.a(memcpy.o)
                0x00001cfa                memcpy
 .text.avr-libc
                0x00001d0c        0xe c:/program files (x86)/atmel/atmel studio 6.0/extensions/atmel/avrgcc/3.4.1.95/avrtoolchain/bin/../lib/gcc/avr/4.6.2/../../../../avr/lib/avr5\libc.a(strcpy.o)
                0x00001d0c                strcpy
                0x00001d1a                . = ALIGN (0x2)
 *(.fini9)
 .fini9         0x00001d1a        0x0 c:/program files (x86)/atmel/atmel studio 6.0/extensions/atmel/avrgcc/3.4.1.95/avrtoolchain/bin/../lib/gcc/avr/4.6.2/avr5\libgcc.a(_exit.o)
                0x00001d1a                _exit
                0x00001d1a                exit
 *(.fini9)
 *(.fini8)
 *(.fini8)
 *(.fini7)
 *(.fini7)
 *(.fini6)
 *(.fini6)
 *(.fini5)
 *(.fini5)
 *(.fini4)
 *(.fini4)
 *(.fini3)
 *(.fini3)
 *(.fini2)
 *(.fini2)
 *(.fini1)
 *(.fini1)
 *(.fini0)
 .fini0         0x00001d1a        0x4 c:/program files (x86)/atmel/atmel studio 6.0/extensions/atmel/avrgcc/3.4.1.95/avrtoolchain/bin/../lib/gcc/avr/4.6.2/avr5\libgcc.a(_exit.o)
 *(.fini0)
                0x00001d1e                _etext = .

.data           0x00800100      0x1c4 load address 0x00001d1e
                0x00800100                PROVIDE (__data_start, .)
 *(.data)
 .data          0x00800100        0x0 c:/program files (x86)/atmel/atmel studio 6.0/extensions/atmel/avrgcc/3.4.1.95/avrtoolchain/bin/../lib/gcc/avr/4.6.2/../../../../avr/lib/avr5/crtm328p.o
 .data          0x00800100       0xb8 CubeletsShield.o
 .data          0x008001b8       0x5c FARKUS flash sim.o
 .data          0x00800214       0x8c I2C.o
 .data          0x008002a0        0x0 ../../../arduinoCore\libcore.a(wiring.c.o)
 .data          0x008002a0        0x0 ../../../arduinoCore\libcore.a(wiring_digital.c.o)
 .data          0x008002a0        0x0 ../../../arduinoCore\libcore.a(HardwareSerial.cpp.o)
 .data          0x008002a0        0x0 ../../../arduinoCore\libcore.a(main.cpp.o)
 .data          0x008002a0        0x0 ../../../arduinoCore\libcore.a(new.cpp.o)
 .data          0x008002a0        0xe ../../../arduinoCore\libcore.a(Print.cpp.o)
 .data          0x008002ae        0x1 ../../../arduinoCore\libcore.a(WString.cpp.o)
 .data          0x008002af        0x0 ../../../arduinoCore\libcore.a(malloc.c.o)
 .data          0x008002af        0x0 c:/program files (x86)/atmel/atmel studio 6.0/extensions/atmel/avrgcc/3.4.1.95/avrtoolchain/bin/../lib/gcc/avr/4.6.2/../../../../avr/lib/avr5\libm.a(addsf3.o)
 .data          0x008002af        0x0 c:/program files (x86)/atmel/atmel studio 6.0/extensions/atmel/avrgcc/3.4.1.95/avrtoolchain/bin/../lib/gcc/avr/4.6.2/../../../../avr/lib/avr5\libm.a(addsf3x.o)
 .data          0x008002af        0x0 c:/program files (x86)/atmel/atmel studio 6.0/extensions/atmel/avrgcc/3.4.1.95/avrtoolchain/bin/../lib/gcc/avr/4.6.2/../../../../avr/lib/avr5\libm.a(cmpsf2.o)
 .data          0x008002af        0x0 c:/program files (x86)/atmel/atmel studio 6.0/extensions/atmel/avrgcc/3.4.1.95/avrtoolchain/bin/../lib/gcc/avr/4.6.2/../../../../avr/lib/avr5\libm.a(divsf3.o)
 .data          0x008002af        0x0 c:/program files (x86)/atmel/atmel studio 6.0/extensions/atmel/avrgcc/3.4.1.95/avrtoolchain/bin/../lib/gcc/avr/4.6.2/../../../../avr/lib/avr5\libm.a(divsf3x.o)
 .data          0x008002af        0x0 c:/program files (x86)/atmel/atmel studio 6.0/extensions/atmel/avrgcc/3.4.1.95/avrtoolchain/bin/../lib/gcc/avr/4.6.2/../../../../avr/lib/avr5\libm.a(fixsfsi.o)
 .data          0x008002af        0x0 c:/program files (x86)/atmel/atmel studio 6.0/extensions/atmel/avrgcc/3.4.1.95/avrtoolchain/bin/../lib/gcc/avr/4.6.2/../../../../avr/lib/avr5\libm.a(fixunssfsi.o)
 .data          0x008002af        0x0 c:/program files (x86)/atmel/atmel studio 6.0/extensions/atmel/avrgcc/3.4.1.95/avrtoolchain/bin/../lib/gcc/avr/4.6.2/../../../../avr/lib/avr5\libm.a(floatsisf.o)
 .data          0x008002af        0x0 c:/program files (x86)/atmel/atmel studio 6.0/extensions/atmel/avrgcc/3.4.1.95/avrtoolchain/bin/../lib/gcc/avr/4.6.2/../../../../avr/lib/avr5\libm.a(fp_cmp.o)
 .data          0x008002af        0x0 c:/program files (x86)/atmel/atmel studio 6.0/extensions/atmel/avrgcc/3.4.1.95/avrtoolchain/bin/../lib/gcc/avr/4.6.2/../../../../avr/lib/avr5\libm.a(fp_inf.o)
 .data          0x008002af        0x0 c:/program files (x86)/atmel/atmel studio 6.0/extensions/atmel/avrgcc/3.4.1.95/avrtoolchain/bin/../lib/gcc/avr/4.6.2/../../../../avr/lib/avr5\libm.a(fp_nan.o)
 .data          0x008002af        0x0 c:/program files (x86)/atmel/atmel studio 6.0/extensions/atmel/avrgcc/3.4.1.95/avrtoolchain/bin/../lib/gcc/avr/4.6.2/../../../../avr/lib/avr5\libm.a(fp_pscA.o)
 .data          0x008002af        0x0 c:/program files (x86)/atmel/atmel studio 6.0/extensions/atmel/avrgcc/3.4.1.95/avrtoolchain/bin/../lib/gcc/avr/4.6.2/../../../../avr/lib/avr5\libm.a(fp_pscB.o)
 .data          0x008002af        0x0 c:/program files (x86)/atmel/atmel studio 6.0/extensions/atmel/avrgcc/3.4.1.95/avrtoolchain/bin/../lib/gcc/avr/4.6.2/../../../../avr/lib/avr5\libm.a(fp_round.o)
 .data          0x008002af        0x0 c:/program files (x86)/atmel/atmel studio 6.0/extensions/atmel/avrgcc/3.4.1.95/avrtoolchain/bin/../lib/gcc/avr/4.6.2/../../../../avr/lib/avr5\libm.a(fp_split3.o)
 .data          0x008002af        0x0 c:/program files (x86)/atmel/atmel studio 6.0/extensions/atmel/avrgcc/3.4.1.95/avrtoolchain/bin/../lib/gcc/avr/4.6.2/../../../../avr/lib/avr5\libm.a(fp_zero.o)
 .data          0x008002af        0x0 c:/program files (x86)/atmel/atmel studio 6.0/extensions/atmel/avrgcc/3.4.1.95/avrtoolchain/bin/../lib/gcc/avr/4.6.2/../../../../avr/lib/avr5\libm.a(gesf2.o)
 .data          0x008002af        0x0 c:/program files (x86)/atmel/atmel studio 6.0/extensions/atmel/avrgcc/3.4.1.95/avrtoolchain/bin/../lib/gcc/avr/4.6.2/../../../../avr/lib/avr5\libm.a(mulsf3.o)
 .data          0x008002af        0x0 c:/program files (x86)/atmel/atmel studio 6.0/extensions/atmel/avrgcc/3.4.1.95/avrtoolchain/bin/../lib/gcc/avr/4.6.2/../../../../avr/lib/avr5\libm.a(mulsf3x.o)
 .data          0x008002af        0x0 c:/program files (x86)/atmel/atmel studio 6.0/extensions/atmel/avrgcc/3.4.1.95/avrtoolchain/bin/../lib/gcc/avr/4.6.2/../../../../avr/lib/avr5\libm.a(unordsf2.o)
 .data          0x008002af        0x0 c:/program files (x86)/atmel/atmel studio 6.0/extensions/atmel/avrgcc/3.4.1.95/avrtoolchain/bin/../lib/gcc/avr/4.6.2/avr5\libgcc.a(_mulsi3.o)
 .data          0x008002af        0x0 c:/program files (x86)/atmel/atmel studio 6.0/extensions/atmel/avrgcc/3.4.1.95/avrtoolchain/bin/../lib/gcc/avr/4.6.2/avr5\libgcc.a(_udivmodsi4.o)
 .data          0x008002af        0x0 c:/program files (x86)/atmel/atmel studio 6.0/extensions/atmel/avrgcc/3.4.1.95/avrtoolchain/bin/../lib/gcc/avr/4.6.2/avr5\libgcc.a(_exit.o)
 .data          0x008002af        0x0 c:/program files (x86)/atmel/atmel studio 6.0/extensions/atmel/avrgcc/3.4.1.95/avrtoolchain/bin/../lib/gcc/avr/4.6.2/avr5\libgcc.a(_copy_data.o)
 .data          0x008002af        0x0 c:/program files (x86)/atmel/atmel studio 6.0/extensions/atmel/avrgcc/3.4.1.95/avrtoolchain/bin/../lib/gcc/avr/4.6.2/avr5\libgcc.a(_clear_bss.o)
 .data          0x008002af        0x0 c:/program files (x86)/atmel/atmel studio 6.0/extensions/atmel/avrgcc/3.4.1.95/avrtoolchain/bin/../lib/gcc/avr/4.6.2/avr5\libgcc.a(_ctors.o)
 .data          0x008002af        0x0 c:/program files (x86)/atmel/atmel studio 6.0/extensions/atmel/avrgcc/3.4.1.95/avrtoolchain/bin/../lib/gcc/avr/4.6.2/avr5\libgcc.a(_tablejump.o)
 .data          0x008002af        0x0 c:/program files (x86)/atmel/atmel studio 6.0/extensions/atmel/avrgcc/3.4.1.95/avrtoolchain/bin/../lib/gcc/avr/4.6.2/../../../../avr/lib/avr5\libc.a(atol.o)
 .data          0x008002af        0x0 c:/program files (x86)/atmel/atmel studio 6.0/extensions/atmel/avrgcc/3.4.1.95/avrtoolchain/bin/../lib/gcc/avr/4.6.2/../../../../avr/lib/avr5\libc.a(isspace.o)
 .data          0x008002af        0x0 c:/program files (x86)/atmel/atmel studio 6.0/extensions/atmel/avrgcc/3.4.1.95/avrtoolchain/bin/../lib/gcc/avr/4.6.2/../../../../avr/lib/avr5\libc.a(tolower.o)
 .data          0x008002af        0x0 c:/program files (x86)/atmel/atmel studio 6.0/extensions/atmel/avrgcc/3.4.1.95/avrtoolchain/bin/../lib/gcc/avr/4.6.2/../../../../avr/lib/avr5\libc.a(toupper.o)
 .data          0x008002af        0x0 c:/program files (x86)/atmel/atmel studio 6.0/extensions/atmel/avrgcc/3.4.1.95/avrtoolchain/bin/../lib/gcc/avr/4.6.2/../../../../avr/lib/avr5\libc.a(memcpy.o)
 .data          0x008002af        0x0 c:/program files (x86)/atmel/atmel studio 6.0/extensions/atmel/avrgcc/3.4.1.95/avrtoolchain/bin/../lib/gcc/avr/4.6.2/../../../../avr/lib/avr5\libc.a(memmove.o)
 .data          0x008002af        0x0 c:/program files (x86)/atmel/atmel studio 6.0/extensions/atmel/avrgcc/3.4.1.95/avrtoolchain/bin/../lib/gcc/avr/4.6.2/../../../../avr/lib/avr5\libc.a(strchr.o)
 .data          0x008002af        0x0 c:/program files (x86)/atmel/atmel studio 6.0/extensions/atmel/avrgcc/3.4.1.95/avrtoolchain/bin/../lib/gcc/avr/4.6.2/../../../../avr/lib/avr5\libc.a(strcmp.o)
 .data          0x008002af        0x0 c:/program files (x86)/atmel/atmel studio 6.0/extensions/atmel/avrgcc/3.4.1.95/avrtoolchain/bin/../lib/gcc/avr/4.6.2/../../../../avr/lib/avr5\libc.a(strcpy.o)
 .data          0x008002af        0x0 c:/program files (x86)/atmel/atmel studio 6.0/extensions/atmel/avrgcc/3.4.1.95/avrtoolchain/bin/../lib/gcc/avr/4.6.2/../../../../avr/lib/avr5\libc.a(strncmp.o)
 .data          0x008002af        0x0 c:/program files (x86)/atmel/atmel studio 6.0/extensions/atmel/avrgcc/3.4.1.95/avrtoolchain/bin/../lib/gcc/avr/4.6.2/../../../../avr/lib/avr5\libc.a(strncpy.o)
 .data          0x008002af        0x0 c:/program files (x86)/atmel/atmel studio 6.0/extensions/atmel/avrgcc/3.4.1.95/avrtoolchain/bin/../lib/gcc/avr/4.6.2/../../../../avr/lib/avr5\libc.a(strrchr.o)
 .data          0x008002af        0x0 c:/program files (x86)/atmel/atmel studio 6.0/extensions/atmel/avrgcc/3.4.1.95/avrtoolchain/bin/../lib/gcc/avr/4.6.2/../../../../avr/lib/avr5\libc.a(strstr.o)
 .data          0x008002af        0x0 c:/program files (x86)/atmel/atmel studio 6.0/extensions/atmel/avrgcc/3.4.1.95/avrtoolchain/bin/../lib/gcc/avr/4.6.2/../../../../avr/lib/avr5\libc.a(itoa.o)
 .data          0x008002af        0x0 c:/program files (x86)/atmel/atmel studio 6.0/extensions/atmel/avrgcc/3.4.1.95/avrtoolchain/bin/../lib/gcc/avr/4.6.2/../../../../avr/lib/avr5\libc.a(ltoa.o)
 .data          0x008002af        0x0 c:/program files (x86)/atmel/atmel studio 6.0/extensions/atmel/avrgcc/3.4.1.95/avrtoolchain/bin/../lib/gcc/avr/4.6.2/../../../../avr/lib/avr5\libc.a(mulsi10.o)
 .data          0x008002af        0x0 c:/program files (x86)/atmel/atmel studio 6.0/extensions/atmel/avrgcc/3.4.1.95/avrtoolchain/bin/../lib/gcc/avr/4.6.2/../../../../avr/lib/avr5\libc.a(ultoa.o)
 .data          0x008002af        0x0 c:/program files (x86)/atmel/atmel studio 6.0/extensions/atmel/avrgcc/3.4.1.95/avrtoolchain/bin/../lib/gcc/avr/4.6.2/../../../../avr/lib/avr5\libc.a(utoa.o)
 .data          0x008002af        0x0 c:/program files (x86)/atmel/atmel studio 6.0/extensions/atmel/avrgcc/3.4.1.95/avrtoolchain/bin/../lib/gcc/avr/4.6.2/../../../../avr/lib/avr5\libc.a(cty_isfalse.o)
 .data          0x008002af        0x0 c:/program files (x86)/atmel/atmel studio 6.0/extensions/atmel/avrgcc/3.4.1.95/avrtoolchain/bin/../lib/gcc/avr/4.6.2/../../../../avr/lib/avr5\libc.a(strrev.o)
 .data          0x008002af        0x0 c:/program files (x86)/atmel/atmel studio 6.0/extensions/atmel/avrgcc/3.4.1.95/avrtoolchain/bin/../lib/gcc/avr/4.6.2/avr5\libgcc.a(_udivmodhi4.o)
 *(.data*)
 .data.__brkval
                0x008002af        0x2 ../../../arduinoCore\libcore.a(malloc.c.o)
                0x008002af                __brkval
 .data.__brkval_maximum
                0x008002b1        0x2 ../../../arduinoCore\libcore.a(malloc.c.o)
                0x008002b1                __brkval_maximum
 *(.rodata)
 *(.rodata*)
 .rodata._ZTV14HardwareSerial
                0x008002b3       0x10 ../../../arduinoCore\libcore.a(HardwareSerial.cpp.o)
                0x008002b3                vtable for HardwareSerial
 *(.gnu.linkonce.d*)
                0x008002c4                . = ALIGN (0x2)
 *fill*         0x008002c3        0x1 00
                0x008002c4                _edata = .
                0x008002c4                PROVIDE (__data_end, .)

.bss            0x008002c4       0xe9
                0x008002c4                PROVIDE (__bss_start, .)
 *(.bss)
 *(.bss*)
 .bss.cubeletI2CAddresses
                0x008002c4        0x7 CubeletsShield.o
                0x008002c4                cubeletI2CAddresses
 .bss.I2CReturnCode
                0x008002cb        0x2 CubeletsShield.o
                0x008002cb                I2CReturnCode
 .bss.cubelets  0x008002cd        0x5 FARKUS flash sim.o
                0x008002cd                cubelets
 .bss.testResult
                0x008002d2        0x1 FARKUS flash sim.o
                0x008002d2                testResult
 .bss.stateVar  0x008002d3        0x1 FARKUS flash sim.o
                0x008002d3                stateVar
 .bss.I2c       0x008002d4       0x22 I2C.o
                0x008002d4                I2c
 .bss._ZN3I2C12timeOutDelayE
                0x008002f6        0x2 I2C.o
                0x008002f6                I2C::timeOutDelay
 .bss.timer0_overflow_count
                0x008002f8        0x4 ../../../arduinoCore\libcore.a(wiring.c.o)
                0x008002f8                timer0_overflow_count
 .bss.timer0_millis
                0x008002fc        0x4 ../../../arduinoCore\libcore.a(wiring.c.o)
                0x008002fc                timer0_millis
 .bss.timer0_fract
                0x00800300        0x1 ../../../arduinoCore\libcore.a(wiring.c.o)
 .bss.rx_buffer
                0x00800301       0x44 ../../../arduinoCore\libcore.a(HardwareSerial.cpp.o)
                0x00800301                rx_buffer
 .bss.tx_buffer
                0x00800345       0x44 ../../../arduinoCore\libcore.a(HardwareSerial.cpp.o)
                0x00800345                tx_buffer
 .bss.Serial    0x00800389       0x22 ../../../arduinoCore\libcore.a(HardwareSerial.cpp.o)
                0x00800389                Serial
 *(COMMON)
 COMMON         0x008003ab        0x2 ../../../arduinoCore\libcore.a(malloc.c.o)
                0x008003ab                __flp
                0x008003ad                PROVIDE (__bss_end, .)
                0x00001d1e                __data_load_start = LOADADDR (.data)
                0x00001ee2                __data_load_end = (__data_load_start + SIZEOF (.data))

.noinit         0x008003ad        0x0
                0x008003ad                PROVIDE (__noinit_start, .)
 *(.noinit*)
                0x008003ad                PROVIDE (__noinit_end, .)
                0x008003ad                _end = .
                0x008003ad                PROVIDE (__heap_start, .)

.eeprom         0x00810000        0x0
 *(.eeprom*)
                0x00810000                __eeprom_end = .

.fuse
 *(.fuse)
 *(.lfuse)
 *(.hfuse)
 *(.efuse)

.lock
 *(.lock*)

.signature
 *(.signature*)

.stab           0x00000000     0x3024
 *(.stab)
 .stab          0x00000000      0x6cc c:/program files (x86)/atmel/atmel studio 6.0/extensions/atmel/avrgcc/3.4.1.95/avrtoolchain/bin/../lib/gcc/avr/4.6.2/../../../../avr/lib/avr5/crtm328p.o
 .stab          0x000006cc       0x78 c:/program files (x86)/atmel/atmel studio 6.0/extensions/atmel/avrgcc/3.4.1.95/avrtoolchain/bin/../lib/gcc/avr/4.6.2/../../../../avr/lib/avr5\libm.a(addsf3.o)
                                 0x84 (size before relaxing)
 .stab          0x00000744      0x4bc c:/program files (x86)/atmel/atmel studio 6.0/extensions/atmel/avrgcc/3.4.1.95/avrtoolchain/bin/../lib/gcc/avr/4.6.2/../../../../avr/lib/avr5\libm.a(addsf3x.o)
                                0x4c8 (size before relaxing)
 .stab          0x00000c00       0x90 c:/program files (x86)/atmel/atmel studio 6.0/extensions/atmel/avrgcc/3.4.1.95/avrtoolchain/bin/../lib/gcc/avr/4.6.2/../../../../avr/lib/avr5\libm.a(cmpsf2.o)
                                 0x9c (size before relaxing)
 .stab          0x00000c90       0x48 c:/program files (x86)/atmel/atmel studio 6.0/extensions/atmel/avrgcc/3.4.1.95/avrtoolchain/bin/../lib/gcc/avr/4.6.2/../../../../avr/lib/avr5\libm.a(divsf3.o)
                                 0x54 (size before relaxing)
 .stab          0x00000cd8      0x510 c:/program files (x86)/atmel/atmel studio 6.0/extensions/atmel/avrgcc/3.4.1.95/avrtoolchain/bin/../lib/gcc/avr/4.6.2/../../../../avr/lib/avr5\libm.a(divsf3x.o)
                                0x51c (size before relaxing)
 .stab          0x000011e8       0x6c c:/program files (x86)/atmel/atmel studio 6.0/extensions/atmel/avrgcc/3.4.1.95/avrtoolchain/bin/../lib/gcc/avr/4.6.2/../../../../avr/lib/avr5\libm.a(fixsfsi.o)
                                 0x78 (size before relaxing)
 .stab          0x00001254      0x240 c:/program files (x86)/atmel/atmel studio 6.0/extensions/atmel/avrgcc/3.4.1.95/avrtoolchain/bin/../lib/gcc/avr/4.6.2/../../../../avr/lib/avr5\libm.a(fixunssfsi.o)
                                0x24c (size before relaxing)
 .stab          0x00001494      0x318 c:/program files (x86)/atmel/atmel studio 6.0/extensions/atmel/avrgcc/3.4.1.95/avrtoolchain/bin/../lib/gcc/avr/4.6.2/../../../../avr/lib/avr5\libm.a(floatsisf.o)
                                0x324 (size before relaxing)
 .stab          0x000017ac      0x1e0 c:/program files (x86)/atmel/atmel studio 6.0/extensions/atmel/avrgcc/3.4.1.95/avrtoolchain/bin/../lib/gcc/avr/4.6.2/../../../../avr/lib/avr5\libm.a(fp_cmp.o)
                                0x1ec (size before relaxing)
 .stab          0x0000198c       0x78 c:/program files (x86)/atmel/atmel studio 6.0/extensions/atmel/avrgcc/3.4.1.95/avrtoolchain/bin/../lib/gcc/avr/4.6.2/../../../../avr/lib/avr5\libm.a(fp_inf.o)
                                 0x84 (size before relaxing)
 .stab          0x00001a04       0x54 c:/program files (x86)/atmel/atmel studio 6.0/extensions/atmel/avrgcc/3.4.1.95/avrtoolchain/bin/../lib/gcc/avr/4.6.2/../../../../avr/lib/avr5\libm.a(fp_nan.o)
                                 0x60 (size before relaxing)
 .stab          0x00001a58       0x84 c:/program files (x86)/atmel/atmel studio 6.0/extensions/atmel/avrgcc/3.4.1.95/avrtoolchain/bin/../lib/gcc/avr/4.6.2/../../../../avr/lib/avr5\libm.a(fp_pscA.o)
                                 0x90 (size before relaxing)
 .stab          0x00001adc       0x84 c:/program files (x86)/atmel/atmel studio 6.0/extensions/atmel/avrgcc/3.4.1.95/avrtoolchain/bin/../lib/gcc/avr/4.6.2/../../../../avr/lib/avr5\libm.a(fp_pscB.o)
                                 0x90 (size before relaxing)
 .stab          0x00001b60       0xfc c:/program files (x86)/atmel/atmel studio 6.0/extensions/atmel/avrgcc/3.4.1.95/avrtoolchain/bin/../lib/gcc/avr/4.6.2/../../../../avr/lib/avr5\libm.a(fp_round.o)
                                0x108 (size before relaxing)
 .stab          0x00001c5c      0x1d4 c:/program files (x86)/atmel/atmel studio 6.0/extensions/atmel/avrgcc/3.4.1.95/avrtoolchain/bin/../lib/gcc/avr/4.6.2/../../../../avr/lib/avr5\libm.a(fp_split3.o)
                                0x1e0 (size before relaxing)
 .stab          0x00001e30       0x90 c:/program files (x86)/atmel/atmel studio 6.0/extensions/atmel/avrgcc/3.4.1.95/avrtoolchain/bin/../lib/gcc/avr/4.6.2/../../../../avr/lib/avr5\libm.a(fp_zero.o)
                                 0x9c (size before relaxing)
 .stab          0x00001ec0       0x6c c:/program files (x86)/atmel/atmel studio 6.0/extensions/atmel/avrgcc/3.4.1.95/avrtoolchain/bin/../lib/gcc/avr/4.6.2/../../../../avr/lib/avr5\libm.a(gesf2.o)
                                 0x78 (size before relaxing)
 .stab          0x00001f2c       0x48 c:/program files (x86)/atmel/atmel studio 6.0/extensions/atmel/avrgcc/3.4.1.95/avrtoolchain/bin/../lib/gcc/avr/4.6.2/../../../../avr/lib/avr5\libm.a(mulsf3.o)
                                 0x54 (size before relaxing)
 .stab          0x00001f74      0x4d4 c:/program files (x86)/atmel/atmel studio 6.0/extensions/atmel/avrgcc/3.4.1.95/avrtoolchain/bin/../lib/gcc/avr/4.6.2/../../../../avr/lib/avr5\libm.a(mulsf3x.o)
                                0x4e0 (size before relaxing)
 .stab          0x00002448       0x60 c:/program files (x86)/atmel/atmel studio 6.0/extensions/atmel/avrgcc/3.4.1.95/avrtoolchain/bin/../lib/gcc/avr/4.6.2/../../../../avr/lib/avr5\libm.a(unordsf2.o)
                                 0x6c (size before relaxing)
 .stab          0x000024a8      0x1e0 c:/program files (x86)/atmel/atmel studio 6.0/extensions/atmel/avrgcc/3.4.1.95/avrtoolchain/bin/../lib/gcc/avr/4.6.2/../../../../avr/lib/avr5\libc.a(atol.o)
                                0x1ec (size before relaxing)
 .stab          0x00002688       0x18 c:/program files (x86)/atmel/atmel studio 6.0/extensions/atmel/avrgcc/3.4.1.95/avrtoolchain/bin/../lib/gcc/avr/4.6.2/../../../../avr/lib/avr5\libc.a(isspace.o)
                                 0xa8 (size before relaxing)
 .stab          0x000026a0       0x9c c:/program files (x86)/atmel/atmel studio 6.0/extensions/atmel/avrgcc/3.4.1.95/avrtoolchain/bin/../lib/gcc/avr/4.6.2/../../../../avr/lib/avr5\libc.a(tolower.o)
                                 0xa8 (size before relaxing)
 .stab          0x0000273c       0x18 c:/program files (x86)/atmel/atmel studio 6.0/extensions/atmel/avrgcc/3.4.1.95/avrtoolchain/bin/../lib/gcc/avr/4.6.2/../../../../avr/lib/avr5\libc.a(toupper.o)
                                 0xa8 (size before relaxing)
 .stab          0x00002754       0x84 c:/program files (x86)/atmel/atmel studio 6.0/extensions/atmel/avrgcc/3.4.1.95/avrtoolchain/bin/../lib/gcc/avr/4.6.2/../../../../avr/lib/avr5\libc.a(memcpy.o)
                                 0x90 (size before relaxing)
 .stab          0x000027d8       0xe4 c:/program files (x86)/atmel/atmel studio 6.0/extensions/atmel/avrgcc/3.4.1.95/avrtoolchain/bin/../lib/gcc/avr/4.6.2/../../../../avr/lib/avr5\libc.a(memmove.o)
                                 0xf0 (size before relaxing)
 .stab          0x000028bc       0x9c c:/program files (x86)/atmel/atmel studio 6.0/extensions/atmel/avrgcc/3.4.1.95/avrtoolchain/bin/../lib/gcc/avr/4.6.2/../../../../avr/lib/avr5\libc.a(strchr.o)
                                 0xa8 (size before relaxing)
 .stab          0x00002958       0x84 c:/program files (x86)/atmel/atmel studio 6.0/extensions/atmel/avrgcc/3.4.1.95/avrtoolchain/bin/../lib/gcc/avr/4.6.2/../../../../avr/lib/avr5\libc.a(strcmp.o)
                                 0x90 (size before relaxing)
 .stab          0x000029dc       0x6c c:/program files (x86)/atmel/atmel studio 6.0/extensions/atmel/avrgcc/3.4.1.95/avrtoolchain/bin/../lib/gcc/avr/4.6.2/../../../../avr/lib/avr5\libc.a(strcpy.o)
                                 0x78 (size before relaxing)
 .stab          0x00002a48       0xc0 c:/program files (x86)/atmel/atmel studio 6.0/extensions/atmel/avrgcc/3.4.1.95/avrtoolchain/bin/../lib/gcc/avr/4.6.2/../../../../avr/lib/avr5\libc.a(strncmp.o)
                                 0xcc (size before relaxing)
 .stab          0x00002b08       0xcc c:/program files (x86)/atmel/atmel studio 6.0/extensions/atmel/avrgcc/3.4.1.95/avrtoolchain/bin/../lib/gcc/avr/4.6.2/../../../../avr/lib/avr5\libc.a(strncpy.o)
                                 0xd8 (size before relaxing)
 .stab          0x00002bd4       0x9c c:/program files (x86)/atmel/atmel studio 6.0/extensions/atmel/avrgcc/3.4.1.95/avrtoolchain/bin/../lib/gcc/avr/4.6.2/../../../../avr/lib/avr5\libc.a(strrchr.o)
                                 0xa8 (size before relaxing)
 .stab          0x00002c70      0x150 c:/program files (x86)/atmel/atmel studio 6.0/extensions/atmel/avrgcc/3.4.1.95/avrtoolchain/bin/../lib/gcc/avr/4.6.2/../../../../avr/lib/avr5\libc.a(strstr.o)
                                0x15c (size before relaxing)
 .stab          0x00002dc0       0x18 c:/program files (x86)/atmel/atmel studio 6.0/extensions/atmel/avrgcc/3.4.1.95/avrtoolchain/bin/../lib/gcc/avr/4.6.2/../../../../avr/lib/avr5\libc.a(itoa.o)
                                0x1bc (size before relaxing)
 .stab          0x00002dd8       0x18 c:/program files (x86)/atmel/atmel studio 6.0/extensions/atmel/avrgcc/3.4.1.95/avrtoolchain/bin/../lib/gcc/avr/4.6.2/../../../../avr/lib/avr5\libc.a(ltoa.o)
                                0x2a0 (size before relaxing)
 .stab          0x00002df0      0x114 c:/program files (x86)/atmel/atmel studio 6.0/extensions/atmel/avrgcc/3.4.1.95/avrtoolchain/bin/../lib/gcc/avr/4.6.2/../../../../avr/lib/avr5\libc.a(mulsi10.o)
                                0x120 (size before relaxing)
 .stab          0x00002f04       0x18 c:/program files (x86)/atmel/atmel studio 6.0/extensions/atmel/avrgcc/3.4.1.95/avrtoolchain/bin/../lib/gcc/avr/4.6.2/../../../../avr/lib/avr5\libc.a(ultoa.o)
                                0x1ec (size before relaxing)
 .stab          0x00002f1c       0x18 c:/program files (x86)/atmel/atmel studio 6.0/extensions/atmel/avrgcc/3.4.1.95/avrtoolchain/bin/../lib/gcc/avr/4.6.2/../../../../avr/lib/avr5\libc.a(utoa.o)
                                0x138 (size before relaxing)
 .stab          0x00002f34       0x18 c:/program files (x86)/atmel/atmel studio 6.0/extensions/atmel/avrgcc/3.4.1.95/avrtoolchain/bin/../lib/gcc/avr/4.6.2/../../../../avr/lib/avr5\libc.a(cty_isfalse.o)
                                 0x6c (size before relaxing)
 .stab          0x00002f4c       0xd8 c:/program files (x86)/atmel/atmel studio 6.0/extensions/atmel/avrgcc/3.4.1.95/avrtoolchain/bin/../lib/gcc/avr/4.6.2/../../../../avr/lib/avr5\libc.a(strrev.o)
                                 0xe4 (size before relaxing)

.stabstr        0x00000000      0xf25
 *(.stabstr)
 .stabstr       0x00000000      0xf25 c:/program files (x86)/atmel/atmel studio 6.0/extensions/atmel/avrgcc/3.4.1.95/avrtoolchain/bin/../lib/gcc/avr/4.6.2/../../../../avr/lib/avr5/crtm328p.o

.stab.excl
 *(.stab.excl)

.stab.exclstr
 *(.stab.exclstr)

.stab.index
 *(.stab.index)

.stab.indexstr
 *(.stab.indexstr)

.comment
 *(.comment)

.debug
 *(.debug)

.line
 *(.line)

.debug_srcinfo
 *(.debug_srcinfo)

.debug_sfnames
 *(.debug_sfnames)

.debug_aranges  0x00000000      0x7f8
 *(.debug_aranges)
 .debug_aranges
                0x00000000       0xc0 CubeletsShield.o
 .debug_aranges
                0x000000c0       0x40 FARKUS flash sim.o
 .debug_aranges
                0x00000100       0xf0 I2C.o
 .debug_aranges
                0x000001f0       0x48 ../../../arduinoCore\libcore.a(wiring.c.o)
 .debug_aranges
                0x00000238       0x30 ../../../arduinoCore\libcore.a(wiring_digital.c.o)
 .debug_aranges
                0x00000268       0x98 ../../../arduinoCore\libcore.a(HardwareSerial.cpp.o)
 .debug_aranges
                0x00000300       0x20 ../../../arduinoCore\libcore.a(main.cpp.o)
 .debug_aranges
                0x00000320       0x58 ../../../arduinoCore\libcore.a(new.cpp.o)
 .debug_aranges
                0x00000378       0xf0 ../../../arduinoCore\libcore.a(Print.cpp.o)
 .debug_aranges
                0x00000468      0x260 ../../../arduinoCore\libcore.a(WString.cpp.o)
 .debug_aranges
                0x000006c8       0x30 ../../../arduinoCore\libcore.a(malloc.c.o)
 .debug_aranges
                0x000006f8       0x20 c:/program files (x86)/atmel/atmel studio 6.0/extensions/atmel/avrgcc/3.4.1.95/avrtoolchain/bin/../lib/gcc/avr/4.6.2/avr5\libgcc.a(_mulsi3.o)
 .debug_aranges
                0x00000718       0x20 c:/program files (x86)/atmel/atmel studio 6.0/extensions/atmel/avrgcc/3.4.1.95/avrtoolchain/bin/../lib/gcc/avr/4.6.2/avr5\libgcc.a(_udivmodsi4.o)
 .debug_aranges
                0x00000738       0x20 c:/program files (x86)/atmel/atmel studio 6.0/extensions/atmel/avrgcc/3.4.1.95/avrtoolchain/bin/../lib/gcc/avr/4.6.2/avr5\libgcc.a(_exit.o)
 .debug_aranges
                0x00000758       0x20 c:/program files (x86)/atmel/atmel studio 6.0/extensions/atmel/avrgcc/3.4.1.95/avrtoolchain/bin/../lib/gcc/avr/4.6.2/avr5\libgcc.a(_copy_data.o)
 .debug_aranges
                0x00000778       0x20 c:/program files (x86)/atmel/atmel studio 6.0/extensions/atmel/avrgcc/3.4.1.95/avrtoolchain/bin/../lib/gcc/avr/4.6.2/avr5\libgcc.a(_clear_bss.o)
 .debug_aranges
                0x00000798       0x20 c:/program files (x86)/atmel/atmel studio 6.0/extensions/atmel/avrgcc/3.4.1.95/avrtoolchain/bin/../lib/gcc/avr/4.6.2/avr5\libgcc.a(_ctors.o)
 .debug_aranges
                0x000007b8       0x20 c:/program files (x86)/atmel/atmel studio 6.0/extensions/atmel/avrgcc/3.4.1.95/avrtoolchain/bin/../lib/gcc/avr/4.6.2/avr5\libgcc.a(_tablejump.o)
 .debug_aranges
                0x000007d8       0x20 c:/program files (x86)/atmel/atmel studio 6.0/extensions/atmel/avrgcc/3.4.1.95/avrtoolchain/bin/../lib/gcc/avr/4.6.2/avr5\libgcc.a(_udivmodhi4.o)

.debug_pubnames
                0x00000000      0xc12
 *(.debug_pubnames)
 .debug_pubnames
                0x00000000       0x8d ../../../arduinoCore\libcore.a(wiring.c.o)
 .debug_pubnames
                0x0000008d       0xda ../../../arduinoCore\libcore.a(wiring_digital.c.o)
 .debug_pubnames
                0x00000167      0x1b4 ../../../arduinoCore\libcore.a(HardwareSerial.cpp.o)
 .debug_pubnames
                0x0000031b       0x1b ../../../arduinoCore\libcore.a(main.cpp.o)
 .debug_pubnames
                0x00000336       0xbf ../../../arduinoCore\libcore.a(new.cpp.o)
 .debug_pubnames
                0x000003f5      0x200 ../../../arduinoCore\libcore.a(Print.cpp.o)
 .debug_pubnames
                0x000005f5      0x5bf ../../../arduinoCore\libcore.a(WString.cpp.o)
 .debug_pubnames
                0x00000bb4       0x5e ../../../arduinoCore\libcore.a(malloc.c.o)

.debug_info     0x00000000     0x9a47
 *(.debug_info)
 .debug_info    0x00000000      0xf20 CubeletsShield.o
 .debug_info    0x00000f20     0x1163 FARKUS flash sim.o
 .debug_info    0x00002083      0xef2 I2C.o
 .debug_info    0x00002f75      0x31c ../../../arduinoCore\libcore.a(wiring.c.o)
 .debug_info    0x00003291      0x592 ../../../arduinoCore\libcore.a(wiring_digital.c.o)
 .debug_info    0x00003823     0x1904 ../../../arduinoCore\libcore.a(HardwareSerial.cpp.o)
 .debug_info    0x00005127      0x14b ../../../arduinoCore\libcore.a(main.cpp.o)
 .debug_info    0x00005272      0x195 ../../../arduinoCore\libcore.a(new.cpp.o)
 .debug_info    0x00005407     0x1ad1 ../../../arduinoCore\libcore.a(Print.cpp.o)
 .debug_info    0x00006ed8     0x21c5 ../../../arduinoCore\libcore.a(WString.cpp.o)
 .debug_info    0x0000909d      0x2c2 ../../../arduinoCore\libcore.a(malloc.c.o)
 .debug_info    0x0000935f       0xdd c:/program files (x86)/atmel/atmel studio 6.0/extensions/atmel/avrgcc/3.4.1.95/avrtoolchain/bin/../lib/gcc/avr/4.6.2/avr5\libgcc.a(_mulsi3.o)
 .debug_info    0x0000943c       0xdd c:/program files (x86)/atmel/atmel studio 6.0/extensions/atmel/avrgcc/3.4.1.95/avrtoolchain/bin/../lib/gcc/avr/4.6.2/avr5\libgcc.a(_udivmodsi4.o)
 .debug_info    0x00009519       0xdd c:/program files (x86)/atmel/atmel studio 6.0/extensions/atmel/avrgcc/3.4.1.95/avrtoolchain/bin/../lib/gcc/avr/4.6.2/avr5\libgcc.a(_exit.o)
 .debug_info    0x000095f6       0xdd c:/program files (x86)/atmel/atmel studio 6.0/extensions/atmel/avrgcc/3.4.1.95/avrtoolchain/bin/../lib/gcc/avr/4.6.2/avr5\libgcc.a(_copy_data.o)
 .debug_info    0x000096d3       0xdd c:/program files (x86)/atmel/atmel studio 6.0/extensions/atmel/avrgcc/3.4.1.95/avrtoolchain/bin/../lib/gcc/avr/4.6.2/avr5\libgcc.a(_clear_bss.o)
 .debug_info    0x000097b0       0xdd c:/program files (x86)/atmel/atmel studio 6.0/extensions/atmel/avrgcc/3.4.1.95/avrtoolchain/bin/../lib/gcc/avr/4.6.2/avr5\libgcc.a(_ctors.o)
 .debug_info    0x0000988d       0xdd c:/program files (x86)/atmel/atmel studio 6.0/extensions/atmel/avrgcc/3.4.1.95/avrtoolchain/bin/../lib/gcc/avr/4.6.2/avr5\libgcc.a(_tablejump.o)
 .debug_info    0x0000996a       0xdd c:/program files (x86)/atmel/atmel studio 6.0/extensions/atmel/avrgcc/3.4.1.95/avrtoolchain/bin/../lib/gcc/avr/4.6.2/avr5\libgcc.a(_udivmodhi4.o)
 *(.gnu.linkonce.wi.*)

.debug_abbrev   0x00000000     0x197d
 *(.debug_abbrev)
 .debug_abbrev  0x00000000      0x2ca CubeletsShield.o
 .debug_abbrev  0x000002ca      0x2cc FARKUS flash sim.o
 .debug_abbrev  0x00000596      0x2aa I2C.o
 .debug_abbrev  0x00000840      0x17d ../../../arduinoCore\libcore.a(wiring.c.o)
 .debug_abbrev  0x000009bd      0x177 ../../../arduinoCore\libcore.a(wiring_digital.c.o)
 .debug_abbrev  0x00000b34      0x450 ../../../arduinoCore\libcore.a(HardwareSerial.cpp.o)
 .debug_abbrev  0x00000f84       0x7a ../../../arduinoCore\libcore.a(main.cpp.o)
 .debug_abbrev  0x00000ffe       0xf7 ../../../arduinoCore\libcore.a(new.cpp.o)
 .debug_abbrev  0x000010f5      0x336 ../../../arduinoCore\libcore.a(Print.cpp.o)
 .debug_abbrev  0x0000142b      0x343 ../../../arduinoCore\libcore.a(WString.cpp.o)
 .debug_abbrev  0x0000176e      0x16f ../../../arduinoCore\libcore.a(malloc.c.o)
 .debug_abbrev  0x000018dd       0x14 c:/program files (x86)/atmel/atmel studio 6.0/extensions/atmel/avrgcc/3.4.1.95/avrtoolchain/bin/../lib/gcc/avr/4.6.2/avr5\libgcc.a(_mulsi3.o)
 .debug_abbrev  0x000018f1       0x14 c:/program files (x86)/atmel/atmel studio 6.0/extensions/atmel/avrgcc/3.4.1.95/avrtoolchain/bin/../lib/gcc/avr/4.6.2/avr5\libgcc.a(_udivmodsi4.o)
 .debug_abbrev  0x00001905       0x14 c:/program files (x86)/atmel/atmel studio 6.0/extensions/atmel/avrgcc/3.4.1.95/avrtoolchain/bin/../lib/gcc/avr/4.6.2/avr5\libgcc.a(_exit.o)
 .debug_abbrev  0x00001919       0x14 c:/program files (x86)/atmel/atmel studio 6.0/extensions/atmel/avrgcc/3.4.1.95/avrtoolchain/bin/../lib/gcc/avr/4.6.2/avr5\libgcc.a(_copy_data.o)
 .debug_abbrev  0x0000192d       0x14 c:/program files (x86)/atmel/atmel studio 6.0/extensions/atmel/avrgcc/3.4.1.95/avrtoolchain/bin/../lib/gcc/avr/4.6.2/avr5\libgcc.a(_clear_bss.o)
 .debug_abbrev  0x00001941       0x14 c:/program files (x86)/atmel/atmel studio 6.0/extensions/atmel/avrgcc/3.4.1.95/avrtoolchain/bin/../lib/gcc/avr/4.6.2/avr5\libgcc.a(_ctors.o)
 .debug_abbrev  0x00001955       0x14 c:/program files (x86)/atmel/atmel studio 6.0/extensions/atmel/avrgcc/3.4.1.95/avrtoolchain/bin/../lib/gcc/avr/4.6.2/avr5\libgcc.a(_tablejump.o)
 .debug_abbrev  0x00001969       0x14 c:/program files (x86)/atmel/atmel studio 6.0/extensions/atmel/avrgcc/3.4.1.95/avrtoolchain/bin/../lib/gcc/avr/4.6.2/avr5\libgcc.a(_udivmodhi4.o)

.debug_line     0x00000000     0x407c
 *(.debug_line)
 .debug_line    0x00000000      0x3bc CubeletsShield.o
 .debug_line    0x000003bc      0x278 FARKUS flash sim.o
 .debug_line    0x00000634      0x533 I2C.o
 .debug_line    0x00000b67      0x3e1 ../../../arduinoCore\libcore.a(wiring.c.o)
 .debug_line    0x00000f48      0x355 ../../../arduinoCore\libcore.a(wiring_digital.c.o)
 .debug_line    0x0000129d      0x7e7 ../../../arduinoCore\libcore.a(HardwareSerial.cpp.o)
 .debug_line    0x00001a84      0x19b ../../../arduinoCore\libcore.a(main.cpp.o)
 .debug_line    0x00001c1f      0x24a ../../../arduinoCore\libcore.a(new.cpp.o)
 .debug_line    0x00001e69      0x7d6 ../../../arduinoCore\libcore.a(Print.cpp.o)
 .debug_line    0x0000263f     0x116e ../../../arduinoCore\libcore.a(WString.cpp.o)
 .debug_line    0x000037ad      0x425 ../../../arduinoCore\libcore.a(malloc.c.o)
 .debug_line    0x00003bd2       0xa5 c:/program files (x86)/atmel/atmel studio 6.0/extensions/atmel/avrgcc/3.4.1.95/avrtoolchain/bin/../lib/gcc/avr/4.6.2/avr5\libgcc.a(_mulsi3.o)
 .debug_line    0x00003c77       0xa8 c:/program files (x86)/atmel/atmel studio 6.0/extensions/atmel/avrgcc/3.4.1.95/avrtoolchain/bin/../lib/gcc/avr/4.6.2/avr5\libgcc.a(_udivmodsi4.o)
 .debug_line    0x00003d1f       0x88 c:/program files (x86)/atmel/atmel studio 6.0/extensions/atmel/avrgcc/3.4.1.95/avrtoolchain/bin/../lib/gcc/avr/4.6.2/avr5\libgcc.a(_exit.o)
 .debug_line    0x00003da7       0x91 c:/program files (x86)/atmel/atmel studio 6.0/extensions/atmel/avrgcc/3.4.1.95/avrtoolchain/bin/../lib/gcc/avr/4.6.2/avr5\libgcc.a(_copy_data.o)
 .debug_line    0x00003e38       0x8e c:/program files (x86)/atmel/atmel studio 6.0/extensions/atmel/avrgcc/3.4.1.95/avrtoolchain/bin/../lib/gcc/avr/4.6.2/avr5\libgcc.a(_clear_bss.o)
 .debug_line    0x00003ec6       0x90 c:/program files (x86)/atmel/atmel studio 6.0/extensions/atmel/avrgcc/3.4.1.95/avrtoolchain/bin/../lib/gcc/avr/4.6.2/avr5\libgcc.a(_ctors.o)
 .debug_line    0x00003f56       0x8c c:/program files (x86)/atmel/atmel studio 6.0/extensions/atmel/avrgcc/3.4.1.95/avrtoolchain/bin/../lib/gcc/avr/4.6.2/avr5\libgcc.a(_tablejump.o)
 .debug_line    0x00003fe2       0x9a c:/program files (x86)/atmel/atmel studio 6.0/extensions/atmel/avrgcc/3.4.1.95/avrtoolchain/bin/../lib/gcc/avr/4.6.2/avr5\libgcc.a(_udivmodhi4.o)

.debug_frame    0x00000000     0x1078
 *(.debug_frame)
 .debug_frame   0x00000000      0x2cc CubeletsShield.o
 .debug_frame   0x000002cc       0xbc FARKUS flash sim.o
 .debug_frame   0x00000388      0x3e0 I2C.o
 .debug_frame   0x00000768       0x70 ../../../arduinoCore\libcore.a(wiring.c.o)
 .debug_frame   0x000007d8       0x40 ../../../arduinoCore\libcore.a(wiring_digital.c.o)
 .debug_frame   0x00000818      0x110 ../../../arduinoCore\libcore.a(HardwareSerial.cpp.o)
 .debug_frame   0x00000928       0x20 ../../../arduinoCore\libcore.a(main.cpp.o)
 .debug_frame   0x00000948       0x90 ../../../arduinoCore\libcore.a(new.cpp.o)
 .debug_frame   0x000009d8      0x1c0 ../../../arduinoCore\libcore.a(Print.cpp.o)
 .debug_frame   0x00000b98      0x4a0 ../../../arduinoCore\libcore.a(WString.cpp.o)
 .debug_frame   0x00001038       0x40 ../../../arduinoCore\libcore.a(malloc.c.o)

.debug_str      0x00000000     0x21d8
 *(.debug_str)
 .debug_str     0x00000000      0x90c CubeletsShield.o
                                0x990 (size before relaxing)
 .debug_str     0x0000090c      0x826 FARKUS flash sim.o
                                0xec1 (size before relaxing)
 .debug_str     0x00001132      0x106 I2C.o
                                0x4a4 (size before relaxing)
 .debug_str     0x00001238       0xc5 ../../../arduinoCore\libcore.a(wiring.c.o)
                                0x16a (size before relaxing)
 .debug_str     0x000012fd      0x12e ../../../arduinoCore\libcore.a(wiring_digital.c.o)
                                0x1d5 (size before relaxing)
 .debug_str     0x0000142b      0x5c2 ../../../arduinoCore\libcore.a(HardwareSerial.cpp.o)
                                0xe41 (size before relaxing)
 .debug_str     0x000019ed       0x5a ../../../arduinoCore\libcore.a(main.cpp.o)
                                 0xfd (size before relaxing)
 .debug_str     0x00001a47      0x103 ../../../arduinoCore\libcore.a(new.cpp.o)
                                0x141 (size before relaxing)
 .debug_str     0x00001b4a      0x3d6 ../../../arduinoCore\libcore.a(Print.cpp.o)
                                0xc07 (size before relaxing)
 .debug_str     0x00001f20      0x1ec ../../../arduinoCore\libcore.a(WString.cpp.o)
                                0x9a3 (size before relaxing)
 .debug_str     0x0000210c       0xcc ../../../arduinoCore\libcore.a(malloc.c.o)
                                0x14b (size before relaxing)

.debug_loc      0x00000000     0x577d
 *(.debug_loc)
 .debug_loc     0x00000000      0xaf4 CubeletsShield.o
 .debug_loc     0x00000af4      0x18d FARKUS flash sim.o
 .debug_loc     0x00000c81     0x1071 I2C.o
 .debug_loc     0x00001cf2      0x16d ../../../arduinoCore\libcore.a(wiring.c.o)
 .debug_loc     0x00001e5f      0x15e ../../../arduinoCore\libcore.a(wiring_digital.c.o)
 .debug_loc     0x00001fbd      0x473 ../../../arduinoCore\libcore.a(HardwareSerial.cpp.o)
 .debug_loc     0x00002430       0xb0 ../../../arduinoCore\libcore.a(new.cpp.o)
 .debug_loc     0x000024e0      0xdb8 ../../../arduinoCore\libcore.a(Print.cpp.o)
 .debug_loc     0x00003298     0x1f05 ../../../arduinoCore\libcore.a(WString.cpp.o)
 .debug_loc     0x0000519d      0x5e0 ../../../arduinoCore\libcore.a(malloc.c.o)

.debug_macinfo
 *(.debug_macinfo)
OUTPUT(FARKUS flash sim.elf elf32-avr)
LOAD linker stubs

.debug_ranges   0x00000000      0x738
 .debug_ranges  0x00000000       0xb0 CubeletsShield.o
 .debug_ranges  0x000000b0       0x30 FARKUS flash sim.o
 .debug_ranges  0x000000e0      0x178 I2C.o
 .debug_ranges  0x00000258       0x40 ../../../arduinoCore\libcore.a(wiring.c.o)
 .debug_ranges  0x00000298       0x28 ../../../arduinoCore\libcore.a(wiring_digital.c.o)
 .debug_ranges  0x000002c0       0x90 ../../../arduinoCore\libcore.a(HardwareSerial.cpp.o)
 .debug_ranges  0x00000350       0x18 ../../../arduinoCore\libcore.a(main.cpp.o)
 .debug_ranges  0x00000368       0x50 ../../../arduinoCore\libcore.a(new.cpp.o)
 .debug_ranges  0x000003b8       0xe8 ../../../arduinoCore\libcore.a(Print.cpp.o)
 .debug_ranges  0x000004a0      0x270 ../../../arduinoCore\libcore.a(WString.cpp.o)
 .debug_ranges  0x00000710       0x28 ../../../arduinoCore\libcore.a(malloc.c.o)
