Archive member included because of file (symbol)

../../../arduinoCore\libcore.a(wiring.c.o)
                              I2C.o (millis)
../../../arduinoCore\libcore.a(wiring_analog.c.o)
                              Brightness Calibration Jig.o (analogWrite)
../../../arduinoCore\libcore.a(wiring_digital.c.o)
                              Brightness Calibration Jig.o (pinMode)
../../../arduinoCore\libcore.a(HardwareSerial.cpp.o)
                              Brightness Calibration Jig.o (Serial)
../../../arduinoCore\libcore.a(main.cpp.o)
                              c:/program files (x86)/atmel/atmel studio 6.0/extensions/atmel/avrgcc/3.4.1.95/avrtoolchain/bin/../lib/gcc/avr/4.6.2/../../../../avr/lib/avr5/crtm328p.o (main)
../../../arduinoCore\libcore.a(new.cpp.o)
                              ../../../arduinoCore\libcore.a(HardwareSerial.cpp.o) (__cxa_pure_virtual)
../../../arduinoCore\libcore.a(Print.cpp.o)
                              ../../../arduinoCore\libcore.a(HardwareSerial.cpp.o) (Print::write(unsigned char const*, unsigned int))
../../../arduinoCore\libcore.a(WString.cpp.o)
                              ../../../arduinoCore\libcore.a(Print.cpp.o) (String::operator[](unsigned int) const)
../../../arduinoCore\libcore.a(malloc.c.o)
                              ../../../arduinoCore\libcore.a(new.cpp.o) (malloc)
c:/program files (x86)/atmel/atmel studio 6.0/extensions/atmel/avrgcc/3.4.1.95/avrtoolchain/bin/../lib/gcc/avr/4.6.2/../../../../avr/lib/avr5\libm.a(addsf3.o)
                              ../../../arduinoCore\libcore.a(Print.cpp.o) (__subsf3)
c:/program files (x86)/atmel/atmel studio 6.0/extensions/atmel/avrgcc/3.4.1.95/avrtoolchain/bin/../lib/gcc/avr/4.6.2/../../../../avr/lib/avr5\libm.a(addsf3x.o)
                              c:/program files (x86)/atmel/atmel studio 6.0/extensions/atmel/avrgcc/3.4.1.95/avrtoolchain/bin/../lib/gcc/avr/4.6.2/../../../../avr/lib/avr5\libm.a(addsf3.o) (__addsf3x)
c:/program files (x86)/atmel/atmel studio 6.0/extensions/atmel/avrgcc/3.4.1.95/avrtoolchain/bin/../lib/gcc/avr/4.6.2/../../../../avr/lib/avr5\libm.a(cmpsf2.o)
                              ../../../arduinoCore\libcore.a(Print.cpp.o) (__ltsf2)
c:/program files (x86)/atmel/atmel studio 6.0/extensions/atmel/avrgcc/3.4.1.95/avrtoolchain/bin/../lib/gcc/avr/4.6.2/../../../../avr/lib/avr5\libm.a(divsf3.o)
                              ../../../arduinoCore\libcore.a(Print.cpp.o) (__divsf3)
c:/program files (x86)/atmel/atmel studio 6.0/extensions/atmel/avrgcc/3.4.1.95/avrtoolchain/bin/../lib/gcc/avr/4.6.2/../../../../avr/lib/avr5\libm.a(divsf3x.o)
                              c:/program files (x86)/atmel/atmel studio 6.0/extensions/atmel/avrgcc/3.4.1.95/avrtoolchain/bin/../lib/gcc/avr/4.6.2/../../../../avr/lib/avr5\libm.a(divsf3.o) (__divsf3x)
c:/program files (x86)/atmel/atmel studio 6.0/extensions/atmel/avrgcc/3.4.1.95/avrtoolchain/bin/../lib/gcc/avr/4.6.2/../../../../avr/lib/avr5\libm.a(fixsfsi.o)
                              ../../../arduinoCore\libcore.a(Print.cpp.o) (__fixsfsi)
c:/program files (x86)/atmel/atmel studio 6.0/extensions/atmel/avrgcc/3.4.1.95/avrtoolchain/bin/../lib/gcc/avr/4.6.2/../../../../avr/lib/avr5\libm.a(fixunssfsi.o)
                              ../../../arduinoCore\libcore.a(Print.cpp.o) (__fixunssfsi)
c:/program files (x86)/atmel/atmel studio 6.0/extensions/atmel/avrgcc/3.4.1.95/avrtoolchain/bin/../lib/gcc/avr/4.6.2/../../../../avr/lib/avr5\libm.a(floatsisf.o)
                              ../../../arduinoCore\libcore.a(Print.cpp.o) (__floatunsisf)
c:/program files (x86)/atmel/atmel studio 6.0/extensions/atmel/avrgcc/3.4.1.95/avrtoolchain/bin/../lib/gcc/avr/4.6.2/../../../../avr/lib/avr5\libm.a(fp_cmp.o)
                              c:/program files (x86)/atmel/atmel studio 6.0/extensions/atmel/avrgcc/3.4.1.95/avrtoolchain/bin/../lib/gcc/avr/4.6.2/../../../../avr/lib/avr5\libm.a(cmpsf2.o) (__fp_cmp)
c:/program files (x86)/atmel/atmel studio 6.0/extensions/atmel/avrgcc/3.4.1.95/avrtoolchain/bin/../lib/gcc/avr/4.6.2/../../../../avr/lib/avr5\libm.a(fp_inf.o)
                              c:/program files (x86)/atmel/atmel studio 6.0/extensions/atmel/avrgcc/3.4.1.95/avrtoolchain/bin/../lib/gcc/avr/4.6.2/../../../../avr/lib/avr5\libm.a(addsf3x.o) (__fp_inf)
c:/program files (x86)/atmel/atmel studio 6.0/extensions/atmel/avrgcc/3.4.1.95/avrtoolchain/bin/../lib/gcc/avr/4.6.2/../../../../avr/lib/avr5\libm.a(fp_nan.o)
                              c:/program files (x86)/atmel/atmel studio 6.0/extensions/atmel/avrgcc/3.4.1.95/avrtoolchain/bin/../lib/gcc/avr/4.6.2/../../../../avr/lib/avr5\libm.a(addsf3x.o) (__fp_nan)
c:/program files (x86)/atmel/atmel studio 6.0/extensions/atmel/avrgcc/3.4.1.95/avrtoolchain/bin/../lib/gcc/avr/4.6.2/../../../../avr/lib/avr5\libm.a(fp_pscA.o)
                              c:/program files (x86)/atmel/atmel studio 6.0/extensions/atmel/avrgcc/3.4.1.95/avrtoolchain/bin/../lib/gcc/avr/4.6.2/../../../../avr/lib/avr5\libm.a(addsf3x.o) (__fp_pscA)
[...]
Memory Configuration

Name             Origin             Length             Attributes
text             0x00000000         0x00020000         xr
data             0x00800060         0x0000ffa0         rw !x
eeprom           0x00810000         0x00010000         rw !x
fuse             0x00820000         0x00000400         rw !x
lock             0x00830000         0x00000400         rw !x
signature        0x00840000         0x00000400         rw !x
*default*        0x00000000         0xffffffff

Linker script and memory map

Address of section .data set to 0x800100
LOAD c:/program files (x86)/atmel/atmel studio 6.0/extensions/atmel/avrgcc/3.4.1.95/avrtoolchain/bin/../lib/gcc/avr/4.6.2/../../../../avr/lib/avr5/crtm328p.o
LOAD Brightness Calibration Jig.o
LOAD CubeletsShield.o
LOAD I2C.o
START GROUP
LOAD c:/program files (x86)/atmel/atmel studio 6.0/extensions/atmel/avrgcc/3.4.1.95/avrtoolchain/bin/../lib/gcc/avr/4.6.2/../../../../avr/lib/avr5\libm.a
LOAD ../../../arduinoCore\libcore.a
END GROUP
LOAD c:/program files (x86)/atmel/atmel studio 6.0/extensions/atmel/avrgcc/3.4.1.95/avrtoolchain/bin/../lib/gcc/avr/4.6.2/avr5\libgcc.a
LOAD c:/program files (x86)/atmel/atmel studio 6.0/extensions/atmel/avrgcc/3.4.1.95/avrtoolchain/bin/../lib/gcc/avr/4.6.2/../../../../avr/lib/avr5\libm.a
LOAD c:/program files (x86)/atmel/atmel studio 6.0/extensions/atmel/avrgcc/3.4.1.95/avrtoolchain/bin/../lib/gcc/avr/4.6.2/avr5\libgcc.a
LOAD c:/program files (x86)/atmel/atmel studio 6.0/extensions/atmel/avrgcc/3.4.1.95/avrtoolchain/bin/../lib/gcc/avr/4.6.2/../../../../avr/lib/avr5\libc.a
LOAD c:/program files (x86)/atmel/atmel studio 6.0/extensions/atmel/avrgcc/3.4.1.95/avrtoolchain/bin/../lib/gcc/avr/4.6.2/avr5\libgcc.a

.hash
 *(.hash)

.dynsym
 *(.dynsym)

.dynstr
 *(.dynstr)

.gnu.version
 *(.gnu.version)

.gnu.version_d
 *(.gnu.version_d)

.gnu.version_r
 *(.gnu.version_r)

.rel.init
 *(.rel.init)

.rela.init
 *(.rela.init)

.rel.text
 *(.rel.text)
 *(.rel.text.*)
 *(.rel.gnu.linkonce.t*)

.rela.text
 *(.rela.text)
 *(.rela.text.*)
 *(.rela.gnu.linkonce.t*)

.rel.fini
 *(.rel.fini)

.rela.fini
 *(.rela.fini)

.rel.rodata
 *(.rel.rodata)
 *(.rel.rodata.*)
 *(.rel.gnu.linkonce.r*)

.rela.rodata
 *(.rela.rodata)
 *(.rela.rodata.*)
 *(.rela.gnu.linkonce.r*)

.rel.data
 *(.rel.data)
 *(.rel.data.*)
 *(.rel.gnu.linkonce.d*)

.rela.data
 *(.rela.data)
 *(.rela.data.*)
 *(.rela.gnu.linkonce.d*)

.rel.ctors
 *(.rel.ctors)

.rela.ctors
 *(.rela.ctors)

.rel.dtors
 *(.rel.dtors)

.rela.dtors
 *(.rela.dtors)

.rel.got
 *(.rel.got)

.rela.got
 *(.rela.got)

.rel.bss
 *(.rel.bss)

.rela.bss
 *(.rela.bss)

.rel.plt
 *(.rel.plt)

.rela.plt
 *(.rela.plt)

.text           0x00000000     0x197a
 *(.vectors)
 .vectors       0x00000000       0x68 c:/program files (x86)/atmel/atmel studio 6.0/extensions/atmel/avrgcc/3.4.1.95/avrtoolchain/bin/../lib/gcc/avr/4.6.2/../../../../avr/lib/avr5/crtm328p.o
                0x00000000                __vector_default
                0x00000000                __vectors
 *(.vectors)
 *(.progmem.gcc*)
 *(.progmem*)
 .progmem.data  0x00000068       0x5a ../../../arduinoCore\libcore.a(wiring_digital.c.o)
                0x00000068                port_to_mode_PGM
                0x00000072                port_to_output_PGM
                0x0000007c                port_to_input_PGM
                0x00000086                digital_pin_to_port_PGM
                0x0000009a                digital_pin_to_bit_mask_PGM
                0x000000ae                digital_pin_to_timer_PGM
                0x000000c2                . = ALIGN (0x2)
                0x000000c2                __trampolines_start = .
 *(.trampolines)
 .trampolines   0x000000c2        0x0 linker stubs
 *(.trampolines*)
                0x000000c2                __trampolines_end = .
 *(.jumptables)
 *(.jumptables*)
 *(.lowtext)
 *(.lowtext*)
                0x000000c2                __ctors_start = .
 *(.ctors)
 .ctors         0x000000c2        0x2 Brightness Calibration Jig.o
 .ctors         0x000000c4        0x2 ../../../arduinoCore\libcore.a(HardwareSerial.cpp.o)
                0x000000c6                __ctors_end = .
                0x000000c6                __dtors_start = .
 *(.dtors)
                0x000000c6                __dtors_end = .
 SORT(*)(.ctors)
 SORT(*)(.dtors)
 *(.init0)
 .init0         0x000000c6        0x0 c:/program files (x86)/atmel/atmel studio 6.0/extensions/atmel/avrgcc/3.4.1.95/avrtoolchain/bin/../lib/gcc/avr/4.6.2/../../../../avr/lib/avr5/crtm328p.o
                0x000000c6                __init
 *(.init0)
 *(.init1)
 *(.init1)
 *(.init2)
 .init2         0x000000c6        0xc c:/program files (x86)/atmel/atmel studio 6.0/extensions/atmel/avrgcc/3.4.1.95/avrtoolchain/bin/../lib/gcc/avr/4.6.2/../../../../avr/lib/avr5/crtm328p.o
 *(.init2)
 *(.init3)
 *(.init3)
 *(.init4)
 .init4         0x000000d2       0x16 c:/program files (x86)/atmel/atmel studio 6.0/extensions/atmel/avrgcc/3.4.1.95/avrtoolchain/bin/../lib/gcc/avr/4.6.2/avr5\libgcc.a(_copy_data.o)
                0x000000d2                __do_copy_data
 .init4         0x000000e8       0x10 c:/program files (x86)/atmel/atmel studio 6.0/extensions/atmel/avrgcc/3.4.1.95/avrtoolchain/bin/../lib/gcc/avr/4.6.2/avr5\libgcc.a(_clear_bss.o)
                0x000000e8                __do_clear_bss
 *(.init4)
 *(.init5)
 *(.init5)
 *(.init6)
 .init6         0x000000f8       0x16 c:/program files (x86)/atmel/atmel studio 6.0/extensions/atmel/avrgcc/3.4.1.95/avrtoolchain/bin/../lib/gcc/avr/4.6.2/avr5\libgcc.a(_ctors.o)
                0x000000f8                __do_global_ctors
 *(.init6)
 *(.init7)
 *(.init7)
 *(.init8)
 *(.init8)
 *(.init9)
 .init9         0x0000010e        0x8 c:/program files (x86)/atmel/atmel studio 6.0/extensions/atmel/avrgcc/3.4.1.95/avrtoolchain/bin/../lib/gcc/avr/4.6.2/../../../../avr/lib/avr5/crtm328p.o
 *(.init9)
 *(.text)
 .text          0x00000116        0x4 c:/program files (x86)/atmel/atmel studio 6.0/extensions/atmel/avrgcc/3.4.1.95/avrtoolchain/bin/../lib/gcc/avr/4.6.2/../../../../avr/lib/avr5/crtm328p.o
                0x00000116                __vector_22
                0x00000116                __vector_1
                0x00000116                __vector_24
                0x00000116                __vector_12
                0x00000116                __bad_interrupt
                0x00000116                __vector_6
                0x00000116                __vector_3
                0x00000116                __vector_23
                0x00000116                __vector_25
                0x00000116                __vector_11
                0x00000116                __vector_13
                0x00000116                __vector_17
                0x00000116                __vector_7
                0x00000116                __vector_5
                0x00000116                __vector_4
                0x00000116                __vector_9
                0x00000116                __vector_2
                0x00000116                __vector_21
                0x00000116                __vector_15
                0x00000116                __vector_8
                0x00000116                __vector_14
                0x00000116                __vector_10
                0x00000116                __vector_20
                0x0000011a                . = ALIGN (0x2)
 *(.text.*)
 .text.setup    0x0000011a       0x5a Brightness Calibration Jig.o
                0x0000011a                setup
 .text.loop     0x00000174      0x108 Brightness Calibration Jig.o
                0x00000174                loop
 .text._GLOBAL__sub_I_cubelets
                0x0000027c        0xe Brightness Calibration Jig.o
 .text._ZN14CubeletsShield13initializeI2CEv
                0x0000028a       0x2e CubeletsShield.o
                0x0000028a                CubeletsShield::initializeI2C()
 .text._ZN14CubeletsShield12trafficLEDOnEv
                0x000002b8        0xc CubeletsShield.o
                0x000002b8                CubeletsShield::trafficLEDOn()
 .text._ZN14CubeletsShield13trafficLEDOffEv
                0x000002c4        0xc CubeletsShield.o
                0x000002c4                CubeletsShield::trafficLEDOff()
 .text._ZN14CubeletsShield10getDataI2CEhhhh
                0x000002d0       0xe6 CubeletsShield.o
                0x000002d0                CubeletsShield::getDataI2C(unsigned char, unsigned char, unsigned char, unsigned char)
 .text._ZN14CubeletsShield22sendCommandWithDataI2CEhhhh
                0x000003b6       0xe2 CubeletsShield.o
                0x000003b6                CubeletsShield::sendCommandWithDataI2C(unsigned char, unsigned char, unsigned char, unsigned char)
 .text._ZN14CubeletsShield14sendCommandI2CEhhh
                0x00000498       0xc6 CubeletsShield.o
                0x00000498                CubeletsShield::sendCommandI2C(unsigned char, unsigned char, unsigned char)
 .text._ZN14CubeletsShieldC2Ehh
                0x0000055e       0x76 CubeletsShield.o
                0x0000055e                CubeletsShield::CubeletsShield(unsigned char, unsigned char)
                0x0000055e                CubeletsShield::CubeletsShield(unsigned char, unsigned char)
 .text._ZN14CubeletsShield19getI2CAddressByFaceEh
                0x000005d4        0xc CubeletsShield.o
                0x000005d4                CubeletsShield::getI2CAddressByFace(unsigned char)
 .text._ZN14CubeletsShield24startCommunicationByFaceEh
                0x000005e0       0x1c CubeletsShield.o
                0x000005e0                CubeletsShield::startCommunicationByFace(unsigned char)
 .text._ZN14CubeletsShield14greenOffByFaceEh
                0x000005fc       0x1c CubeletsShield.o
                0x000005fc                CubeletsShield::greenOffByFace(unsigned char)
 .text._ZN14CubeletsShield19greenOffAllCubeletsEv
                0x00000618       0x20 CubeletsShield.o
                0x00000618                CubeletsShield::greenOffAllCubelets()
 .text._ZN14CubeletsShield13greenOnByFaceEh
                0x00000638       0x1c CubeletsShield.o
                0x00000638                CubeletsShield::greenOnByFace(unsigned char)
 .text._ZN14CubeletsShield28setBroadcastBlockValueByFaceEhh
                0x00000654       0x28 CubeletsShield.o
                0x00000654                CubeletsShield::setBroadcastBlockValueByFace(unsigned char, unsigned char)
 .text._ZN14CubeletsShield24initializeCubeletsShieldEv
                0x0000067c       0x32 CubeletsShield.o
                0x0000067c                CubeletsShield::initializeCubeletsShield()
 .text._ZN14CubeletsShield10initializeEv
                0x000006ae       0x34 CubeletsShield.o
                0x000006ae                CubeletsShield::initialize()
 .text._ZN14CubeletsShield27getNeighborBlockValueByFaceEh
                0x000006e2       0x50 CubeletsShield.o
                0x000006e2                CubeletsShield::getNeighborBlockValueByFace(unsigned char)
 .text._ZN3I2C5beginEv
                0x00000732       0x22 I2C.o
                0x00000732                I2C::begin()
 .text._ZN3I2C7timeOutEj
                0x00000754        0xa I2C.o
                0x00000754                I2C::timeOut(unsigned int)
 .text._ZN3I2C8setSpeedEh
                0x0000075e       0x14 I2C.o
                0x0000075e                I2C::setSpeed(unsigned char)
 .text._ZN3I2C6pullupEh
                0x00000772       0x10 I2C.o
                0x00000772                I2C::pullup(unsigned char)
 .text._ZN3I2C9availableEv
                0x00000782        0x6 I2C.o
                0x00000782                I2C::available()
 .text._ZN3I2C7receiveEv
                0x00000788       0x2a I2C.o
                0x00000788                I2C::receive()
 .text._ZN3I2C6lockUpEv
                0x000007b2        0xc I2C.o
                0x000007b2                I2C::lockUp()
 .text._ZN3I2C4stopEv
                0x000007be       0x7c I2C.o
                0x000007be                I2C::stop()
 .text._ZN3I2C11receiveByteEh
                0x0000083a       0xa8 I2C.o
                0x0000083a                I2C::receiveByte(unsigned char)
 .text._ZN3I2C8sendByteEh
                0x000008e2       0xac I2C.o
                0x000008e2                I2C::sendByte(unsigned char)
 .text._ZN3I2C11sendAddressEh
                0x0000098e       0xc4 I2C.o
                0x0000098e                I2C::sendAddress(unsigned char)
 .text._ZN3I2C5startEv
                0x00000a52       0xb6 I2C.o
                0x00000a52                I2C::start()
 .text._ZN3I2C4readEhhh
                0x00000b08      0x12a I2C.o
                0x00000b08                I2C::read(unsigned char, unsigned char, unsigned char)
 .text._ZN3I2C5writeEhhh
                0x00000c32       0x80 I2C.o
                0x00000c32                I2C::write(unsigned char, unsigned char, unsigned char)
 .text._ZN3I2C5writeEhh
                0x00000cb2       0x64 I2C.o
                0x00000cb2                I2C::write(unsigned char, unsigned char)
 .text.__vector_16
                0x00000d16       0x90 ../../../arduinoCore\libcore.a(wiring.c.o)
                0x00000d16                __vector_16
 .text.millis   0x00000da6       0x1c ../../../arduinoCore\libcore.a(wiring.c.o)
                0x00000da6                millis
 .text.delay    0x00000dc2       0xb2 ../../../arduinoCore\libcore.a(wiring.c.o)
                0x00000dc2                delay
 .text.init     0x00000e74       0x76 ../../../arduinoCore\libcore.a(wiring.c.o)
                0x00000e74                init
 .text.analogWrite
                0x00000eea       0xc0 ../../../arduinoCore\libcore.a(wiring_analog.c.o)
                0x00000eea                analogWrite
 .text.pinMode  0x00000faa       0x7e ../../../arduinoCore\libcore.a(wiring_digital.c.o)
                0x00000faa                pinMode
 .text.digitalWrite
                0x00001028       0xa8 ../../../arduinoCore\libcore.a(wiring_digital.c.o)
                0x00001028                digitalWrite
 .text.digitalRead
                0x000010d0       0xa6 ../../../arduinoCore\libcore.a(wiring_digital.c.o)
                0x000010d0                digitalRead
 .text._Z11serialEventv
                0x00001176        0x2 ../../../arduinoCore\libcore.a(HardwareSerial.cpp.o)
                0x00001176                serialEvent()
 .text.__vector_18
                0x00001178       0x76 ../../../arduinoCore\libcore.a(HardwareSerial.cpp.o)
                0x00001178                __vector_18
 .text._Z14serialEventRunv
                0x000011ee       0x26 ../../../arduinoCore\libcore.a(HardwareSerial.cpp.o)
                0x000011ee                serialEventRun()
 .text.__vector_19
                0x00001214       0x76 ../../../arduinoCore\libcore.a(HardwareSerial.cpp.o)
                0x00001214                __vector_19
 .text._ZN14HardwareSerial5beginEm
                0x0000128a      0x10e ../../../arduinoCore\libcore.a(HardwareSerial.cpp.o)
                0x0000128a                HardwareSerial::begin(unsigned long)
 .text._ZN14HardwareSerial9availableEv
                0x00001398       0x22 ../../../arduinoCore\libcore.a(HardwareSerial.cpp.o)
                0x00001398                HardwareSerial::available()
 .text._ZN14HardwareSerial4peekEv
                0x000013ba       0x40 ../../../arduinoCore\libcore.a(HardwareSerial.cpp.o)
                0x000013ba                HardwareSerial::peek()
 .text._ZN14HardwareSerial4readEv
                0x000013fa       0x52 ../../../arduinoCore\libcore.a(HardwareSerial.cpp.o)
                0x000013fa                HardwareSerial::read()
 .text._ZN14HardwareSerial5flushEv
                0x0000144c       0x20 ../../../arduinoCore\libcore.a(HardwareSerial.cpp.o)
                0x0000144c                HardwareSerial::flush()
 .text._ZN14HardwareSerial5writeEh
                0x0000146c       0x80 ../../../arduinoCore\libcore.a(HardwareSerial.cpp.o)
                0x0000146c                HardwareSerial::write(unsigned char)
 .text._GLOBAL__I_rx_buffer
                0x000014ec       0xac ../../../arduinoCore\libcore.a(HardwareSerial.cpp.o)
 .text.main     0x00001598       0x1e ../../../arduinoCore\libcore.a(main.cpp.o)
                0x00001598                main
 .text._ZN5Print5writeEPKhj
                0x000015b6       0x54 ../../../arduinoCore\libcore.a(Print.cpp.o)
                0x000015b6                Print::write(unsigned char const*, unsigned int)
 .text._ZN5Print7printlnEv
                0x0000160a       0x40 ../../../arduinoCore\libcore.a(Print.cpp.o)
                0x0000160a                Print::println()
 .text._ZN5Print5writeEPKc
                0x0000164a       0x38 ../../../arduinoCore\libcore.a(Print.cpp.o)
                0x0000164a                Print::write(char const*)
 .text._ZN5Print11printNumberEmh
                0x00001682       0xc8 ../../../arduinoCore\libcore.a(Print.cpp.o)
                0x00001682                Print::printNumber(unsigned long, unsigned char)
 .text._ZN5Print5printEmi
                0x0000174a       0x1e ../../../arduinoCore\libcore.a(Print.cpp.o)
                0x0000174a                Print::print(unsigned long, int)
 .text._ZN5Print5printEhi
                0x00001768       0x24 ../../../arduinoCore\libcore.a(Print.cpp.o)
                0x00001768                Print::print(unsigned char, int)
 .text._ZN5Print7printlnEhi
                0x0000178c       0x3c ../../../arduinoCore\libcore.a(Print.cpp.o)
                0x0000178c                Print::println(unsigned char, int)
 .text._ZN5Print5printEli
                0x000017c8       0x80 ../../../arduinoCore\libcore.a(Print.cpp.o)
                0x000017c8                Print::print(long, int)
 .text._ZN5Print5printEii
                0x00001848       0x26 ../../../arduinoCore\libcore.a(Print.cpp.o)
                0x00001848                Print::print(int, int)
 .text._ZN5Print5printEPKc
                0x0000186e        0x6 ../../../arduinoCore\libcore.a(Print.cpp.o)
                0x0000186e                Print::print(char const*)
 .text._ZN5Print7printlnEPKc
                0x00001874       0x26 ../../../arduinoCore\libcore.a(Print.cpp.o)
                0x00001874                Print::println(char const*)
 .text.libgcc   0x0000189a       0x3e c:/program files (x86)/atmel/atmel studio 6.0/extensions/atmel/avrgcc/3.4.1.95/avrtoolchain/bin/../lib/gcc/avr/4.6.2/avr5\libgcc.a(_mulsi3.o)
                0x0000189a                __mulsi3
 .text.libgcc   0x000018d8       0x26 c:/program files (x86)/atmel/atmel studio 6.0/extensions/atmel/avrgcc/3.4.1.95/avrtoolchain/bin/../lib/gcc/avr/4.6.2/avr5\libgcc.a(_divmodhi4.o)
                0x000018d8                _div
                0x000018d8                __divmodhi4
 .text.libgcc   0x000018fe       0x44 c:/program files (x86)/atmel/atmel studio 6.0/extensions/atmel/avrgcc/3.4.1.95/avrtoolchain/bin/../lib/gcc/avr/4.6.2/avr5\libgcc.a(_udivmodsi4.o)
                0x000018fe                __udivmodsi4
 .text.libgcc   0x00001942       0x28 c:/program files (x86)/atmel/atmel studio 6.0/extensions/atmel/avrgcc/3.4.1.95/avrtoolchain/bin/../lib/gcc/avr/4.6.2/avr5\libgcc.a(_udivmodhi4.o)
                0x00001942                __udivmodhi4
 .text.libgcc   0x0000196a        0xc c:/program files (x86)/atmel/atmel studio 6.0/extensions/atmel/avrgcc/3.4.1.95/avrtoolchain/bin/../lib/gcc/avr/4.6.2/avr5\libgcc.a(_tablejump.o)
                0x0000196a                __tablejump2__
                0x0000196e                __tablejump__
                0x00001976                . = ALIGN (0x2)
 *(.fini9)
 .fini9         0x00001976        0x0 c:/program files (x86)/atmel/atmel studio 6.0/extensions/atmel/avrgcc/3.4.1.95/avrtoolchain/bin/../lib/gcc/avr/4.6.2/avr5\libgcc.a(_exit.o)
                0x00001976                _exit
                0x00001976                exit
 *(.fini9)
 *(.fini8)
 *(.fini8)
 *(.fini7)
 *(.fini7)
 *(.fini6)
 *(.fini6)
 *(.fini5)
 *(.fini5)
 *(.fini4)
 *(.fini4)
 *(.fini3)
 *(.fini3)
 *(.fini2)
 *(.fini2)
 *(.fini1)
 *(.fini1)
 *(.fini0)
 .fini0         0x00001976        0x4 c:/program files (x86)/atmel/atmel studio 6.0/extensions/atmel/avrgcc/3.4.1.95/avrtoolchain/bin/../lib/gcc/avr/4.6.2/avr5\libgcc.a(_exit.o)
 *(.fini0)
                0x0000197a                _etext = .

.data           0x00800100      0x168 load address 0x0000197a
                0x00800100                PROVIDE (__data_start, .)
 *(.data)
 .data          0x00800100        0x0 c:/program files (x86)/atmel/atmel studio 6.0/extensions/atmel/avrgcc/3.4.1.95/avrtoolchain/bin/../lib/gcc/avr/4.6.2/../../../../avr/lib/avr5/crtm328p.o
 .data          0x00800100        0x5 Brightness Calibration Jig.o
 .data          0x00800105       0xb8 CubeletsShield.o
 .data          0x008001bd       0x8c I2C.o
 .data          0x00800249        0x0 ../../../arduinoCore\libcore.a(wiring.c.o)
 .data          0x00800249        0x0 ../../../arduinoCore\libcore.a(wiring_analog.c.o)
 .data          0x00800249        0x0 ../../../arduinoCore\libcore.a(wiring_digital.c.o)
 .data          0x00800249        0x0 ../../../arduinoCore\libcore.a(HardwareSerial.cpp.o)
 .data          0x00800249        0x0 ../../../arduinoCore\libcore.a(main.cpp.o)
 .data          0x00800249        0x0 ../../../arduinoCore\libcore.a(new.cpp.o)
 .data          0x00800249        0xe ../../../arduinoCore\libcore.a(Print.cpp.o)
 .data          0x00800257        0x1 ../../../arduinoCore\libcore.a(WString.cpp.o)
 .data          0x00800258        0x0 ../../../arduinoCore\libcore.a(malloc.c.o)
 .data          0x00800258        0x0 c:/program files (x86)/atmel/atmel studio 6.0/extensions/atmel/avrgcc/3.4.1.95/avrtoolchain/bin/../lib/gcc/avr/4.6.2/../../../../avr/lib/avr5\libm.a(addsf3.o)
 .data          0x00800258        0x0 c:/program files (x86)/atmel/atmel studio 6.0/extensions/atmel/avrgcc/3.4.1.95/avrtoolchain/bin/../lib/gcc/avr/4.6.2/../../../../avr/lib/avr5\libm.a(addsf3x.o)
 .data          0x00800258        0x0 c:/program files (x86)/atmel/atmel studio 6.0/extensions/atmel/avrgcc/3.4.1.95/avrtoolchain/bin/../lib/gcc/avr/4.6.2/../../../../avr/lib/avr5\libm.a(cmpsf2.o)
 .data          0x00800258        0x0 c:/program files (x86)/atmel/atmel studio 6.0/extensions/atmel/avrgcc/3.4.1.95/avrtoolchain/bin/../lib/gcc/avr/4.6.2/../../../../avr/lib/avr5\libm.a(divsf3.o)
 .data          0x00800258        0x0 c:/program files (x86)/atmel/atmel studio 6.0/extensions/atmel/avrgcc/3.4.1.95/avrtoolchain/bin/../lib/gcc/avr/4.6.2/../../../../avr/lib/avr5\libm.a(divsf3x.o)
 .data          0x00800258        0x0 c:/program files (x86)/atmel/atmel studio 6.0/extensions/atmel/avrgcc/3.4.1.95/avrtoolchain/bin/../lib/gcc/avr/4.6.2/../../../../avr/lib/avr5\libm.a(fixsfsi.o)
 .data          0x00800258        0x0 c:/program files (x86)/atmel/atmel studio 6.0/extensions/atmel/avrgcc/3.4.1.95/avrtoolchain/bin/../lib/gcc/avr/4.6.2/../../../../avr/lib/avr5\libm.a(fixunssfsi.o)
 .data          0x00800258        0x0 c:/program files (x86)/atmel/atmel studio 6.0/extensions/atmel/avrgcc/3.4.1.95/avrtoolchain/bin/../lib/gcc/avr/4.6.2/../../../../avr/lib/avr5\libm.a(floatsisf.o)
 .data          0x00800258        0x0 c:/program files (x86)/atmel/atmel studio 6.0/extensions/atmel/avrgcc/3.4.1.95/avrtoolchain/bin/../lib/gcc/avr/4.6.2/../../../../avr/lib/avr5\libm.a(fp_cmp.o)
 .data          0x00800258        0x0 c:/program files (x86)/atmel/atmel studio 6.0/extensions/atmel/avrgcc/3.4.1.95/avrtoolchain/bin/../lib/gcc/avr/4.6.2/../../../../avr/lib/avr5\libm.a(fp_inf.o)
 .data          0x00800258        0x0 c:/program files (x86)/atmel/atmel studio 6.0/extensions/atmel/avrgcc/3.4.1.95/avrtoolchain/bin/../lib/gcc/avr/4.6.2/../../../../avr/lib/avr5\libm.a(fp_nan.o)
 .data          0x00800258        0x0 c:/program files (x86)/atmel/atmel studio 6.0/extensions/atmel/avrgcc/3.4.1.95/avrtoolchain/bin/../lib/gcc/avr/4.6.2/../../../../avr/lib/avr5\libm.a(fp_pscA.o)
 .data          0x00800258        0x0 c:/program files (x86)/atmel/atmel studio 6.0/extensions/atmel/avrgcc/3.4.1.95/avrtoolchain/bin/../lib/gcc/avr/4.6.2/../../../../avr/lib/avr5\libm.a(fp_pscB.o)
 .data          0x00800258        0x0 c:/program files (x86)/atmel/atmel studio 6.0/extensions/atmel/avrgcc/3.4.1.95/avrtoolchain/bin/../lib/gcc/avr/4.6.2/../../../../avr/lib/avr5\libm.a(fp_round.o)
 .data          0x00800258        0x0 c:/program files (x86)/atmel/atmel studio 6.0/extensions/atmel/avrgcc/3.4.1.95/avrtoolchain/bin/../lib/gcc/avr/4.6.2/../../../../avr/lib/avr5\libm.a(fp_split3.o)
 .data          0x00800258        0x0 c:/program files (x86)/atmel/atmel studio 6.0/extensions/atmel/avrgcc/3.4.1.95/avrtoolchain/bin/../lib/gcc/avr/4.6.2/../../../../avr/lib/avr5\libm.a(fp_zero.o)
 .data          0x00800258        0x0 c:/program files (x86)/atmel/atmel studio 6.0/extensions/atmel/avrgcc/3.4.1.95/avrtoolchain/bin/../lib/gcc/avr/4.6.2/../../../../avr/lib/avr5\libm.a(gesf2.o)
 .data          0x00800258        0x0 c:/program files (x86)/atmel/atmel studio 6.0/extensions/atmel/avrgcc/3.4.1.95/avrtoolchain/bin/../lib/gcc/avr/4.6.2/../../../../avr/lib/avr5\libm.a(mulsf3.o)
 .data          0x00800258        0x0 c:/program files (x86)/atmel/atmel studio 6.0/extensions/atmel/avrgcc/3.4.1.95/avrtoolchain/bin/../lib/gcc/avr/4.6.2/../../../../avr/lib/avr5\libm.a(mulsf3x.o)
 .data          0x00800258        0x0 c:/program files (x86)/atmel/atmel studio 6.0/extensions/atmel/avrgcc/3.4.1.95/avrtoolchain/bin/../lib/gcc/avr/4.6.2/../../../../avr/lib/avr5\libm.a(unordsf2.o)
 .data          0x00800258        0x0 c:/program files (x86)/atmel/atmel studio 6.0/extensions/atmel/avrgcc/3.4.1.95/avrtoolchain/bin/../lib/gcc/avr/4.6.2/avr5\libgcc.a(_mulsi3.o)
 .data          0x00800258        0x0 c:/program files (x86)/atmel/atmel studio 6.0/extensions/atmel/avrgcc/3.4.1.95/avrtoolchain/bin/../lib/gcc/avr/4.6.2/avr5\libgcc.a(_divmodhi4.o)
 .data          0x00800258        0x0 c:/program files (x86)/atmel/atmel studio 6.0/extensions/atmel/avrgcc/3.4.1.95/avrtoolchain/bin/../lib/gcc/avr/4.6.2/avr5\libgcc.a(_udivmodsi4.o)
 .data          0x00800258        0x0 c:/program files (x86)/atmel/atmel studio 6.0/extensions/atmel/avrgcc/3.4.1.95/avrtoolchain/bin/../lib/gcc/avr/4.6.2/avr5\libgcc.a(_exit.o)
 .data          0x00800258        0x0 c:/program files (x86)/atmel/atmel studio 6.0/extensions/atmel/avrgcc/3.4.1.95/avrtoolchain/bin/../lib/gcc/avr/4.6.2/avr5\libgcc.a(_copy_data.o)
 .data          0x00800258        0x0 c:/program files (x86)/atmel/atmel studio 6.0/extensions/atmel/avrgcc/3.4.1.95/avrtoolchain/bin/../lib/gcc/avr/4.6.2/avr5\libgcc.a(_clear_bss.o)
 .data          0x00800258        0x0 c:/program files (x86)/atmel/atmel studio 6.0/extensions/atmel/avrgcc/3.4.1.95/avrtoolchain/bin/../lib/gcc/avr/4.6.2/avr5\libgcc.a(_ctors.o)
 .data          0x00800258        0x0 c:/program files (x86)/atmel/atmel studio 6.0/extensions/atmel/avrgcc/3.4.1.95/avrtoolchain/bin/../lib/gcc/avr/4.6.2/avr5\libgcc.a(_udivmodhi4.o)
 .data          0x00800258        0x0 c:/program files (x86)/atmel/atmel studio 6.0/extensions/atmel/avrgcc/3.4.1.95/avrtoolchain/bin/../lib/gcc/avr/4.6.2/avr5\libgcc.a(_tablejump.o)
 .data          0x00800258        0x0 c:/program files (x86)/atmel/atmel studio 6.0/extensions/atmel/avrgcc/3.4.1.95/avrtoolchain/bin/../lib/gcc/avr/4.6.2/../../../../avr/lib/avr5\libc.a(atol.o)
 .data          0x00800258        0x0 c:/program files (x86)/atmel/atmel studio 6.0/extensions/atmel/avrgcc/3.4.1.95/avrtoolchain/bin/../lib/gcc/avr/4.6.2/../../../../avr/lib/avr5\libc.a(isspace.o)
 .data          0x00800258        0x0 c:/program files (x86)/atmel/atmel studio 6.0/extensions/atmel/avrgcc/3.4.1.95/avrtoolchain/bin/../lib/gcc/avr/4.6.2/../../../../avr/lib/avr5\libc.a(tolower.o)
 .data          0x00800258        0x0 c:/program files (x86)/atmel/atmel studio 6.0/extensions/atmel/avrgcc/3.4.1.95/avrtoolchain/bin/../lib/gcc/avr/4.6.2/../../../../avr/lib/avr5\libc.a(toupper.o)
 .data          0x00800258        0x0 c:/program files (x86)/atmel/atmel studio 6.0/extensions/atmel/avrgcc/3.4.1.95/avrtoolchain/bin/../lib/gcc/avr/4.6.2/../../../../avr/lib/avr5\libc.a(memcpy.o)
 .data          0x00800258        0x0 c:/program files (x86)/atmel/atmel studio 6.0/extensions/atmel/avrgcc/3.4.1.95/avrtoolchain/bin/../lib/gcc/avr/4.6.2/../../../../avr/lib/avr5\libc.a(memmove.o)
 .data          0x00800258        0x0 c:/program files (x86)/atmel/atmel studio 6.0/extensions/atmel/avrgcc/3.4.1.95/avrtoolchain/bin/../lib/gcc/avr/4.6.2/../../../../avr/lib/avr5\libc.a(strchr.o)
 .data          0x00800258        0x0 c:/program files (x86)/atmel/atmel studio 6.0/extensions/atmel/avrgcc/3.4.1.95/avrtoolchain/bin/../lib/gcc/avr/4.6.2/../../../../avr/lib/avr5\libc.a(strcmp.o)
 .data          0x00800258        0x0 c:/program files (x86)/atmel/atmel studio 6.0/extensions/atmel/avrgcc/3.4.1.95/avrtoolchain/bin/../lib/gcc/avr/4.6.2/../../../../avr/lib/avr5\libc.a(strcpy.o)
 .data          0x00800258        0x0 c:/program files (x86)/atmel/atmel studio 6.0/extensions/atmel/avrgcc/3.4.1.95/avrtoolchain/bin/../lib/gcc/avr/4.6.2/../../../../avr/lib/avr5\libc.a(strncmp.o)
 .data          0x00800258        0x0 c:/program files (x86)/atmel/atmel studio 6.0/extensions/atmel/avrgcc/3.4.1.95/avrtoolchain/bin/../lib/gcc/avr/4.6.2/../../../../avr/lib/avr5\libc.a(strncpy.o)
 .data          0x00800258        0x0 c:/program files (x86)/atmel/atmel studio 6.0/extensions/atmel/avrgcc/3.4.1.95/avrtoolchain/bin/../lib/gcc/avr/4.6.2/../../../../avr/lib/avr5\libc.a(strrchr.o)
 .data          0x00800258        0x0 c:/program files (x86)/atmel/atmel studio 6.0/extensions/atmel/avrgcc/3.4.1.95/avrtoolchain/bin/../lib/gcc/avr/4.6.2/../../../../avr/lib/avr5\libc.a(strstr.o)
 .data          0x00800258        0x0 c:/program files (x86)/atmel/atmel studio 6.0/extensions/atmel/avrgcc/3.4.1.95/avrtoolchain/bin/../lib/gcc/avr/4.6.2/../../../../avr/lib/avr5\libc.a(itoa.o)
 .data          0x00800258        0x0 c:/program files (x86)/atmel/atmel studio 6.0/extensions/atmel/avrgcc/3.4.1.95/avrtoolchain/bin/../lib/gcc/avr/4.6.2/../../../../avr/lib/avr5\libc.a(ltoa.o)
 .data          0x00800258        0x0 c:/program files (x86)/atmel/atmel studio 6.0/extensions/atmel/avrgcc/3.4.1.95/avrtoolchain/bin/../lib/gcc/avr/4.6.2/../../../../avr/lib/avr5\libc.a(mulsi10.o)
 .data          0x00800258        0x0 c:/program files (x86)/atmel/atmel studio 6.0/extensions/atmel/avrgcc/3.4.1.95/avrtoolchain/bin/../lib/gcc/avr/4.6.2/../../../../avr/lib/avr5\libc.a(ultoa.o)
 .data          0x00800258        0x0 c:/program files (x86)/atmel/atmel studio 6.0/extensions/atmel/avrgcc/3.4.1.95/avrtoolchain/bin/../lib/gcc/avr/4.6.2/../../../../avr/lib/avr5\libc.a(utoa.o)
 .data          0x00800258        0x0 c:/program files (x86)/atmel/atmel studio 6.0/extensions/atmel/avrgcc/3.4.1.95/avrtoolchain/bin/../lib/gcc/avr/4.6.2/../../../../avr/lib/avr5\libc.a(cty_isfalse.o)
 .data          0x00800258        0x0 c:/program files (x86)/atmel/atmel studio 6.0/extensions/atmel/avrgcc/3.4.1.95/avrtoolchain/bin/../lib/gcc/avr/4.6.2/../../../../avr/lib/avr5\libc.a(strrev.o)
 *(.data*)
 *(.rodata)
 *(.rodata*)
 .rodata._ZTV14HardwareSerial
                0x00800258       0x10 ../../../arduinoCore\libcore.a(HardwareSerial.cpp.o)
                0x00800258                vtable for HardwareSerial
 *(.gnu.linkonce.d*)
                0x00800268                . = ALIGN (0x2)
                0x00800268                _edata = .
                0x00800268                PROVIDE (__data_end, .)

.bss            0x00800268       0xeb
                0x00800268                PROVIDE (__bss_start, .)
 *(.bss)
 *(.bss*)
 .bss.dutyCycle
                0x00800268        0x1 Brightness Calibration Jig.o
                0x00800268                dutyCycle
 .bss.runningSamples
                0x00800269        0x2 Brightness Calibration Jig.o
                0x00800269                runningSamples
 .bss.neighborValue
                0x0080026b        0x1 Brightness Calibration Jig.o
                0x0080026b                neighborValue
 .bss.cubelets  0x0080026c        0x5 Brightness Calibration Jig.o
                0x0080026c                cubelets
 .bss.cubeletI2CAddresses
                0x00800271        0x6 CubeletsShield.o
                0x00800271                cubeletI2CAddresses
 .bss.I2CReturnCode
                0x00800277        0x2 CubeletsShield.o
                0x00800277                I2CReturnCode
 .bss.I2c       0x00800279       0x22 I2C.o
                0x00800279                I2c
 .bss._ZN3I2C12timeOutDelayE
                0x0080029b        0x2 I2C.o
                0x0080029b                I2C::timeOutDelay
 .bss._ZN3I2C10totalBytesE
                0x0080029d        0x1 I2C.o
                0x0080029d                I2C::totalBytes
 .bss._ZN3I2C11bufferIndexE
                0x0080029e        0x1 I2C.o
                0x0080029e                I2C::bufferIndex
 .bss._ZN3I2C14bytesAvailableE
                0x0080029f        0x1 I2C.o
                0x0080029f                I2C::bytesAvailable
 .bss.timer0_overflow_count
                0x008002a0        0x4 ../../../arduinoCore\libcore.a(wiring.c.o)
                0x008002a0                timer0_overflow_count
 .bss.timer0_millis
                0x008002a4        0x4 ../../../arduinoCore\libcore.a(wiring.c.o)
                0x008002a4                timer0_millis
 .bss.timer0_fract
                0x008002a8        0x1 ../../../arduinoCore\libcore.a(wiring.c.o)
 .bss.rx_buffer
                0x008002a9       0x44 ../../../arduinoCore\libcore.a(HardwareSerial.cpp.o)
                0x008002a9                rx_buffer
 .bss.tx_buffer
                0x008002ed       0x44 ../../../arduinoCore\libcore.a(HardwareSerial.cpp.o)
                0x008002ed                tx_buffer
 .bss.Serial    0x00800331       0x22 ../../../arduinoCore\libcore.a(HardwareSerial.cpp.o)
                0x00800331                Serial
 *(COMMON)
                0x00800353                PROVIDE (__bss_end, .)
                0x0000197a                __data_load_start = LOADADDR (.data)
                0x00001ae2                __data_load_end = (__data_load_start + SIZEOF (.data))

.noinit         0x00800353        0x0
                0x00800353                PROVIDE (__noinit_start, .)
 *(.noinit*)
                0x00800353                PROVIDE (__noinit_end, .)
                0x00800353                _end = .
                0x00800353                PROVIDE (__heap_start, .)

.eeprom         0x00810000        0x0
 *(.eeprom*)
                0x00810000                __eeprom_end = .

.fuse
 *(.fuse)
 *(.lfuse)
 *(.hfuse)
 *(.efuse)

.lock
 *(.lock*)

.signature
 *(.signature*)

.stab           0x00000000     0x2fa0
 *(.stab)
 .stab          0x00000000      0x6cc c:/program files (x86)/atmel/atmel studio 6.0/extensions/atmel/avrgcc/3.4.1.95/avrtoolchain/bin/../lib/gcc/avr/4.6.2/../../../../avr/lib/avr5/crtm328p.o
 .stab          0x000006cc       0x78 c:/program files (x86)/atmel/atmel studio 6.0/extensions/atmel/avrgcc/3.4.1.95/avrtoolchain/bin/../lib/gcc/avr/4.6.2/../../../../avr/lib/avr5\libm.a(addsf3.o)
                                 0x84 (size before relaxing)
 .stab          0x00000744      0x4bc c:/program files (x86)/atmel/atmel studio 6.0/extensions/atmel/avrgcc/3.4.1.95/avrtoolchain/bin/../lib/gcc/avr/4.6.2/../../../../avr/lib/avr5\libm.a(addsf3x.o)
                                0x4c8 (size before relaxing)
 .stab          0x00000c00       0x90 c:/program files (x86)/atmel/atmel studio 6.0/extensions/atmel/avrgcc/3.4.1.95/avrtoolchain/bin/../lib/gcc/avr/4.6.2/../../../../avr/lib/avr5\libm.a(cmpsf2.o)
                                 0x9c (size before relaxing)
 .stab          0x00000c90       0x48 c:/program files (x86)/atmel/atmel studio 6.0/extensions/atmel/avrgcc/3.4.1.95/avrtoolchain/bin/../lib/gcc/avr/4.6.2/../../../../avr/lib/avr5\libm.a(divsf3.o)
                                 0x54 (size before relaxing)
 .stab          0x00000cd8      0x510 c:/program files (x86)/atmel/atmel studio 6.0/extensions/atmel/avrgcc/3.4.1.95/avrtoolchain/bin/../lib/gcc/avr/4.6.2/../../../../avr/lib/avr5\libm.a(divsf3x.o)
                                0x51c (size before relaxing)
 .stab          0x000011e8       0x6c c:/program files (x86)/atmel/atmel studio 6.0/extensions/atmel/avrgcc/3.4.1.95/avrtoolchain/bin/../lib/gcc/avr/4.6.2/../../../../avr/lib/avr5\libm.a(fixsfsi.o)
                                 0x78 (size before relaxing)
 .stab          0x00001254      0x240 c:/program files (x86)/atmel/atmel studio 6.0/extensions/atmel/avrgcc/3.4.1.95/avrtoolchain/bin/../lib/gcc/avr/4.6.2/../../../../avr/lib/avr5\libm.a(fixunssfsi.o)
                                0x24c (size before relaxing)
 .stab          0x00001494      0x318 c:/program files (x86)/atmel/atmel studio 6.0/extensions/atmel/avrgcc/3.4.1.95/avrtoolchain/bin/../lib/gcc/avr/4.6.2/../../../../avr/lib/avr5\libm.a(floatsisf.o)
                                0x324 (size before relaxing)
 .stab          0x000017ac      0x1e0 c:/program files (x86)/atmel/atmel studio 6.0/extensions/atmel/avrgcc/3.4.1.95/avrtoolchain/bin/../lib/gcc/avr/4.6.2/../../../../avr/lib/avr5\libm.a(fp_cmp.o)
                                0x1ec (size before relaxing)
 .stab          0x0000198c       0x78 c:/program files (x86)/atmel/atmel studio 6.0/extensions/atmel/avrgcc/3.4.1.95/avrtoolchain/bin/../lib/gcc/avr/4.6.2/../../../../avr/lib/avr5\libm.a(fp_inf.o)
                                 0x84 (size before relaxing)
 .stab          0x00001a04       0x54 c:/program files (x86)/atmel/atmel studio 6.0/extensions/atmel/avrgcc/3.4.1.95/avrtoolchain/bin/../lib/gcc/avr/4.6.2/../../../../avr/lib/avr5\libm.a(fp_nan.o)
                                 0x60 (size before relaxing)
 .stab          0x00001a58       0x84 c:/program files (x86)/atmel/atmel studio 6.0/extensions/atmel/avrgcc/3.4.1.95/avrtoolchain/bin/../lib/gcc/avr/4.6.2/../../../../avr/lib/avr5\libm.a(fp_pscA.o)
                                 0x90 (size before relaxing)
 .stab          0x00001adc       0x84 c:/program files (x86)/atmel/atmel studio 6.0/extensions/atmel/avrgcc/3.4.1.95/avrtoolchain/bin/../lib/gcc/avr/4.6.2/../../../../avr/lib/avr5\libm.a(fp_pscB.o)
                                 0x90 (size before relaxing)
 .stab          0x00001b60       0xfc c:/program files (x86)/atmel/atmel studio 6.0/extensions/atmel/avrgcc/3.4.1.95/avrtoolchain/bin/../lib/gcc/avr/4.6.2/../../../../avr/lib/avr5\libm.a(fp_round.o)
                                0x108 (size before relaxing)
 .stab          0x00001c5c      0x1d4 c:/program files (x86)/atmel/atmel studio 6.0/extensions/atmel/avrgcc/3.4.1.95/avrtoolchain/bin/../lib/gcc/avr/4.6.2/../../../../avr/lib/avr5\libm.a(fp_split3.o)
                                0x1e0 (size before relaxing)
 .stab          0x00001e30       0x90 c:/program files (x86)/atmel/atmel studio 6.0/extensions/atmel/avrgcc/3.4.1.95/avrtoolchain/bin/../lib/gcc/avr/4.6.2/../../../../avr/lib/avr5\libm.a(fp_zero.o)
                                 0x9c (size before relaxing)
 .stab          0x00001ec0       0x6c c:/program files (x86)/atmel/atmel studio 6.0/extensions/atmel/avrgcc/3.4.1.95/avrtoolchain/bin/../lib/gcc/avr/4.6.2/../../../../avr/lib/avr5\libm.a(gesf2.o)
                                 0x78 (size before relaxing)
 .stab          0x00001f2c       0x48 c:/program files (x86)/atmel/atmel studio 6.0/extensions/atmel/avrgcc/3.4.1.95/avrtoolchain/bin/../lib/gcc/avr/4.6.2/../../../../avr/lib/avr5\libm.a(mulsf3.o)
                                 0x54 (size before relaxing)
 .stab          0x00001f74      0x4d4 c:/program files (x86)/atmel/atmel studio 6.0/extensions/atmel/avrgcc/3.4.1.95/avrtoolchain/bin/../lib/gcc/avr/4.6.2/../../../../avr/lib/avr5\libm.a(mulsf3x.o)
                                0x4e0 (size before relaxing)
 .stab          0x00002448       0x60 c:/program files (x86)/atmel/atmel studio 6.0/extensions/atmel/avrgcc/3.4.1.95/avrtoolchain/bin/../lib/gcc/avr/4.6.2/../../../../avr/lib/avr5\libm.a(unordsf2.o)
                                 0x6c (size before relaxing)
 .stab          0x000024a8      0x1e0 c:/program files (x86)/atmel/atmel studio 6.0/extensions/atmel/avrgcc/3.4.1.95/avrtoolchain/bin/../lib/gcc/avr/4.6.2/../../../../avr/lib/avr5\libc.a(atol.o)
                                0x1ec (size before relaxing)
 .stab          0x00002688       0x18 c:/program files (x86)/atmel/atmel studio 6.0/extensions/atmel/avrgcc/3.4.1.95/avrtoolchain/bin/../lib/gcc/avr/4.6.2/../../../../avr/lib/avr5\libc.a(isspace.o)
                                 0xa8 (size before relaxing)
 .stab          0x000026a0       0x18 c:/program files (x86)/atmel/atmel studio 6.0/extensions/atmel/avrgcc/3.4.1.95/avrtoolchain/bin/../lib/gcc/avr/4.6.2/../../../../avr/lib/avr5\libc.a(tolower.o)
                                 0xa8 (size before relaxing)
 .stab          0x000026b8       0x18 c:/program files (x86)/atmel/atmel studio 6.0/extensions/atmel/avrgcc/3.4.1.95/avrtoolchain/bin/../lib/gcc/avr/4.6.2/../../../../avr/lib/avr5\libc.a(toupper.o)
                                 0xa8 (size before relaxing)
 .stab          0x000026d0       0x84 c:/program files (x86)/atmel/atmel studio 6.0/extensions/atmel/avrgcc/3.4.1.95/avrtoolchain/bin/../lib/gcc/avr/4.6.2/../../../../avr/lib/avr5\libc.a(memcpy.o)
                                 0x90 (size before relaxing)
 .stab          0x00002754       0xe4 c:/program files (x86)/atmel/atmel studio 6.0/extensions/atmel/avrgcc/3.4.1.95/avrtoolchain/bin/../lib/gcc/avr/4.6.2/../../../../avr/lib/avr5\libc.a(memmove.o)
                                 0xf0 (size before relaxing)
 .stab          0x00002838       0x9c c:/program files (x86)/atmel/atmel studio 6.0/extensions/atmel/avrgcc/3.4.1.95/avrtoolchain/bin/../lib/gcc/avr/4.6.2/../../../../avr/lib/avr5\libc.a(strchr.o)
                                 0xa8 (size before relaxing)
 .stab          0x000028d4       0x84 c:/program files (x86)/atmel/atmel studio 6.0/extensions/atmel/avrgcc/3.4.1.95/avrtoolchain/bin/../lib/gcc/avr/4.6.2/../../../../avr/lib/avr5\libc.a(strcmp.o)
                                 0x90 (size before relaxing)
 .stab          0x00002958       0x6c c:/program files (x86)/atmel/atmel studio 6.0/extensions/atmel/avrgcc/3.4.1.95/avrtoolchain/bin/../lib/gcc/avr/4.6.2/../../../../avr/lib/avr5\libc.a(strcpy.o)
                                 0x78 (size before relaxing)
 .stab          0x000029c4       0xc0 c:/program files (x86)/atmel/atmel studio 6.0/extensions/atmel/avrgcc/3.4.1.95/avrtoolchain/bin/../lib/gcc/avr/4.6.2/../../../../avr/lib/avr5\libc.a(strncmp.o)
                                 0xcc (size before relaxing)
 .stab          0x00002a84       0xcc c:/program files (x86)/atmel/atmel studio 6.0/extensions/atmel/avrgcc/3.4.1.95/avrtoolchain/bin/../lib/gcc/avr/4.6.2/../../../../avr/lib/avr5\libc.a(strncpy.o)
                                 0xd8 (size before relaxing)
 .stab          0x00002b50       0x9c c:/program files (x86)/atmel/atmel studio 6.0/extensions/atmel/avrgcc/3.4.1.95/avrtoolchain/bin/../lib/gcc/avr/4.6.2/../../../../avr/lib/avr5\libc.a(strrchr.o)
                                 0xa8 (size before relaxing)
 .stab          0x00002bec      0x150 c:/program files (x86)/atmel/atmel studio 6.0/extensions/atmel/avrgcc/3.4.1.95/avrtoolchain/bin/../lib/gcc/avr/4.6.2/../../../../avr/lib/avr5\libc.a(strstr.o)
                                0x15c (size before relaxing)
 .stab          0x00002d3c       0x18 c:/program files (x86)/atmel/atmel studio 6.0/extensions/atmel/avrgcc/3.4.1.95/avrtoolchain/bin/../lib/gcc/avr/4.6.2/../../../../avr/lib/avr5\libc.a(itoa.o)
                                0x1bc (size before relaxing)
 .stab          0x00002d54       0x18 c:/program files (x86)/atmel/atmel studio 6.0/extensions/atmel/avrgcc/3.4.1.95/avrtoolchain/bin/../lib/gcc/avr/4.6.2/../../../../avr/lib/avr5\libc.a(ltoa.o)
                                0x2a0 (size before relaxing)
 .stab          0x00002d6c      0x114 c:/program files (x86)/atmel/atmel studio 6.0/extensions/atmel/avrgcc/3.4.1.95/avrtoolchain/bin/../lib/gcc/avr/4.6.2/../../../../avr/lib/avr5\libc.a(mulsi10.o)
                                0x120 (size before relaxing)
 .stab          0x00002e80       0x18 c:/program files (x86)/atmel/atmel studio 6.0/extensions/atmel/avrgcc/3.4.1.95/avrtoolchain/bin/../lib/gcc/avr/4.6.2/../../../../avr/lib/avr5\libc.a(ultoa.o)
                                0x1ec (size before relaxing)
 .stab          0x00002e98       0x18 c:/program files (x86)/atmel/atmel studio 6.0/extensions/atmel/avrgcc/3.4.1.95/avrtoolchain/bin/../lib/gcc/avr/4.6.2/../../../../avr/lib/avr5\libc.a(utoa.o)
                                0x138 (size before relaxing)
 .stab          0x00002eb0       0x18 c:/program files (x86)/atmel/atmel studio 6.0/extensions/atmel/avrgcc/3.4.1.95/avrtoolchain/bin/../lib/gcc/avr/4.6.2/../../../../avr/lib/avr5\libc.a(cty_isfalse.o)
                                 0x6c (size before relaxing)
 .stab          0x00002ec8       0xd8 c:/program files (x86)/atmel/atmel studio 6.0/extensions/atmel/avrgcc/3.4.1.95/avrtoolchain/bin/../lib/gcc/avr/4.6.2/../../../../avr/lib/avr5\libc.a(strrev.o)
                                 0xe4 (size before relaxing)

.stabstr        0x00000000      0xf25
 *(.stabstr)
 .stabstr       0x00000000      0xf25 c:/program files (x86)/atmel/atmel studio 6.0/extensions/atmel/avrgcc/3.4.1.95/avrtoolchain/bin/../lib/gcc/avr/4.6.2/../../../../avr/lib/avr5/crtm328p.o

.stab.excl
 *(.stab.excl)

.stab.exclstr
 *(.stab.exclstr)

.stab.index
 *(.stab.index)

.stab.indexstr
 *(.stab.indexstr)

.comment
 *(.comment)

.debug
 *(.debug)

.line
 *(.line)

.debug_srcinfo
 *(.debug_srcinfo)

.debug_sfnames
 *(.debug_sfnames)

.debug_aranges  0x00000000      0x838
 *(.debug_aranges)
 .debug_aranges
                0x00000000       0x30 Brightness Calibration Jig.o
 .debug_aranges
                0x00000030       0xc0 CubeletsShield.o
 .debug_aranges
                0x000000f0       0xf0 I2C.o
 .debug_aranges
                0x000001e0       0x48 ../../../arduinoCore\libcore.a(wiring.c.o)
 .debug_aranges
                0x00000228       0x30 ../../../arduinoCore\libcore.a(wiring_analog.c.o)
 .debug_aranges
                0x00000258       0x30 ../../../arduinoCore\libcore.a(wiring_digital.c.o)
 .debug_aranges
                0x00000288       0x98 ../../../arduinoCore\libcore.a(HardwareSerial.cpp.o)
 .debug_aranges
                0x00000320       0x20 ../../../arduinoCore\libcore.a(main.cpp.o)
 .debug_aranges
                0x00000340       0x58 ../../../arduinoCore\libcore.a(new.cpp.o)
 .debug_aranges
                0x00000398       0xf0 ../../../arduinoCore\libcore.a(Print.cpp.o)
 .debug_aranges
                0x00000488      0x260 ../../../arduinoCore\libcore.a(WString.cpp.o)
 .debug_aranges
                0x000006e8       0x30 ../../../arduinoCore\libcore.a(malloc.c.o)
 .debug_aranges
                0x00000718       0x20 c:/program files (x86)/atmel/atmel studio 6.0/extensions/atmel/avrgcc/3.4.1.95/avrtoolchain/bin/../lib/gcc/avr/4.6.2/avr5\libgcc.a(_mulsi3.o)
 .debug_aranges
                0x00000738       0x20 c:/program files (x86)/atmel/atmel studio 6.0/extensions/atmel/avrgcc/3.4.1.95/avrtoolchain/bin/../lib/gcc/avr/4.6.2/avr5\libgcc.a(_divmodhi4.o)
 .debug_aranges
                0x00000758       0x20 c:/program files (x86)/atmel/atmel studio 6.0/extensions/atmel/avrgcc/3.4.1.95/avrtoolchain/bin/../lib/gcc/avr/4.6.2/avr5\libgcc.a(_udivmodsi4.o)
 .debug_aranges
                0x00000778       0x20 c:/program files (x86)/atmel/atmel studio 6.0/extensions/atmel/avrgcc/3.4.1.95/avrtoolchain/bin/../lib/gcc/avr/4.6.2/avr5\libgcc.a(_exit.o)
 .debug_aranges
                0x00000798       0x20 c:/program files (x86)/atmel/atmel studio 6.0/extensions/atmel/avrgcc/3.4.1.95/avrtoolchain/bin/../lib/gcc/avr/4.6.2/avr5\libgcc.a(_copy_data.o)
 .debug_aranges
                0x000007b8       0x20 c:/program files (x86)/atmel/atmel studio 6.0/extensions/atmel/avrgcc/3.4.1.95/avrtoolchain/bin/../lib/gcc/avr/4.6.2/avr5\libgcc.a(_clear_bss.o)
 .debug_aranges
                0x000007d8       0x20 c:/program files (x86)/atmel/atmel studio 6.0/extensions/atmel/avrgcc/3.4.1.95/avrtoolchain/bin/../lib/gcc/avr/4.6.2/avr5\libgcc.a(_ctors.o)
 .debug_aranges
                0x000007f8       0x20 c:/program files (x86)/atmel/atmel studio 6.0/extensions/atmel/avrgcc/3.4.1.95/avrtoolchain/bin/../lib/gcc/avr/4.6.2/avr5\libgcc.a(_udivmodhi4.o)
 .debug_aranges
                0x00000818       0x20 c:/program files (x86)/atmel/atmel studio 6.0/extensions/atmel/avrgcc/3.4.1.95/avrtoolchain/bin/../lib/gcc/avr/4.6.2/avr5\libgcc.a(_tablejump.o)

.debug_pubnames
                0x00000000      0xc6c
 *(.debug_pubnames)
 .debug_pubnames
                0x00000000       0x8d ../../../arduinoCore\libcore.a(wiring.c.o)
 .debug_pubnames
                0x0000008d       0x5a ../../../arduinoCore\libcore.a(wiring_analog.c.o)
 .debug_pubnames
                0x000000e7       0xda ../../../arduinoCore\libcore.a(wiring_digital.c.o)
 .debug_pubnames
                0x000001c1      0x1b4 ../../../arduinoCore\libcore.a(HardwareSerial.cpp.o)
 .debug_pubnames
                0x00000375       0x1b ../../../arduinoCore\libcore.a(main.cpp.o)
 .debug_pubnames
                0x00000390       0xbf ../../../arduinoCore\libcore.a(new.cpp.o)
 .debug_pubnames
                0x0000044f      0x200 ../../../arduinoCore\libcore.a(Print.cpp.o)
 .debug_pubnames
                0x0000064f      0x5bf ../../../arduinoCore\libcore.a(WString.cpp.o)
 .debug_pubnames
                0x00000c0e       0x5e ../../../arduinoCore\libcore.a(malloc.c.o)

.debug_info     0x00000000     0x9175
 *(.debug_info)
 .debug_info    0x00000000      0x58b Brightness Calibration Jig.o
 .debug_info    0x0000058b      0xf1e CubeletsShield.o
 .debug_info    0x000014a9      0xef2 I2C.o
 .debug_info    0x0000239b      0x31c ../../../arduinoCore\libcore.a(wiring.c.o)
 .debug_info    0x000026b7      0x22b ../../../arduinoCore\libcore.a(wiring_analog.c.o)
 .debug_info    0x000028e2      0x592 ../../../arduinoCore\libcore.a(wiring_digital.c.o)
 .debug_info    0x00002e74     0x1904 ../../../arduinoCore\libcore.a(HardwareSerial.cpp.o)
 .debug_info    0x00004778      0x14b ../../../arduinoCore\libcore.a(main.cpp.o)
 .debug_info    0x000048c3      0x195 ../../../arduinoCore\libcore.a(new.cpp.o)
 .debug_info    0x00004a58     0x1ad1 ../../../arduinoCore\libcore.a(Print.cpp.o)
 .debug_info    0x00006529     0x21c5 ../../../arduinoCore\libcore.a(WString.cpp.o)
 .debug_info    0x000086ee      0x2c2 ../../../arduinoCore\libcore.a(malloc.c.o)
 .debug_info    0x000089b0       0xdd c:/program files (x86)/atmel/atmel studio 6.0/extensions/atmel/avrgcc/3.4.1.95/avrtoolchain/bin/../lib/gcc/avr/4.6.2/avr5\libgcc.a(_mulsi3.o)
 .debug_info    0x00008a8d       0xdd c:/program files (x86)/atmel/atmel studio 6.0/extensions/atmel/avrgcc/3.4.1.95/avrtoolchain/bin/../lib/gcc/avr/4.6.2/avr5\libgcc.a(_divmodhi4.o)
 .debug_info    0x00008b6a       0xdd c:/program files (x86)/atmel/atmel studio 6.0/extensions/atmel/avrgcc/3.4.1.95/avrtoolchain/bin/../lib/gcc/avr/4.6.2/avr5\libgcc.a(_udivmodsi4.o)
 .debug_info    0x00008c47       0xdd c:/program files (x86)/atmel/atmel studio 6.0/extensions/atmel/avrgcc/3.4.1.95/avrtoolchain/bin/../lib/gcc/avr/4.6.2/avr5\libgcc.a(_exit.o)
 .debug_info    0x00008d24       0xdd c:/program files (x86)/atmel/atmel studio 6.0/extensions/atmel/avrgcc/3.4.1.95/avrtoolchain/bin/../lib/gcc/avr/4.6.2/avr5\libgcc.a(_copy_data.o)
 .debug_info    0x00008e01       0xdd c:/program files (x86)/atmel/atmel studio 6.0/extensions/atmel/avrgcc/3.4.1.95/avrtoolchain/bin/../lib/gcc/avr/4.6.2/avr5\libgcc.a(_clear_bss.o)
 .debug_info    0x00008ede       0xdd c:/program files (x86)/atmel/atmel studio 6.0/extensions/atmel/avrgcc/3.4.1.95/avrtoolchain/bin/../lib/gcc/avr/4.6.2/avr5\libgcc.a(_ctors.o)
 .debug_info    0x00008fbb       0xdd c:/program files (x86)/atmel/atmel studio 6.0/extensions/atmel/avrgcc/3.4.1.95/avrtoolchain/bin/../lib/gcc/avr/4.6.2/avr5\libgcc.a(_udivmodhi4.o)
 .debug_info    0x00009098       0xdd c:/program files (x86)/atmel/atmel studio 6.0/extensions/atmel/avrgcc/3.4.1.95/avrtoolchain/bin/../lib/gcc/avr/4.6.2/avr5\libgcc.a(_tablejump.o)
 *(.gnu.linkonce.wi.*)

.debug_abbrev   0x00000000     0x19cc
 *(.debug_abbrev)
 .debug_abbrev  0x00000000      0x1f0 Brightness Calibration Jig.o
 .debug_abbrev  0x000001f0      0x2ca CubeletsShield.o
 .debug_abbrev  0x000004ba      0x2aa I2C.o
 .debug_abbrev  0x00000764      0x17d ../../../arduinoCore\libcore.a(wiring.c.o)
 .debug_abbrev  0x000008e1      0x117 ../../../arduinoCore\libcore.a(wiring_analog.c.o)
 .debug_abbrev  0x000009f8      0x177 ../../../arduinoCore\libcore.a(wiring_digital.c.o)
 .debug_abbrev  0x00000b6f      0x450 ../../../arduinoCore\libcore.a(HardwareSerial.cpp.o)
 .debug_abbrev  0x00000fbf       0x7a ../../../arduinoCore\libcore.a(main.cpp.o)
 .debug_abbrev  0x00001039       0xf7 ../../../arduinoCore\libcore.a(new.cpp.o)
 .debug_abbrev  0x00001130      0x336 ../../../arduinoCore\libcore.a(Print.cpp.o)
 .debug_abbrev  0x00001466      0x343 ../../../arduinoCore\libcore.a(WString.cpp.o)
 .debug_abbrev  0x000017a9      0x16f ../../../arduinoCore\libcore.a(malloc.c.o)
 .debug_abbrev  0x00001918       0x14 c:/program files (x86)/atmel/atmel studio 6.0/extensions/atmel/avrgcc/3.4.1.95/avrtoolchain/bin/../lib/gcc/avr/4.6.2/avr5\libgcc.a(_mulsi3.o)
 .debug_abbrev  0x0000192c       0x14 c:/program files (x86)/atmel/atmel studio 6.0/extensions/atmel/avrgcc/3.4.1.95/avrtoolchain/bin/../lib/gcc/avr/4.6.2/avr5\libgcc.a(_divmodhi4.o)
 .debug_abbrev  0x00001940       0x14 c:/program files (x86)/atmel/atmel studio 6.0/extensions/atmel/avrgcc/3.4.1.95/avrtoolchain/bin/../lib/gcc/avr/4.6.2/avr5\libgcc.a(_udivmodsi4.o)
 .debug_abbrev  0x00001954       0x14 c:/program files (x86)/atmel/atmel studio 6.0/extensions/atmel/avrgcc/3.4.1.95/avrtoolchain/bin/../lib/gcc/avr/4.6.2/avr5\libgcc.a(_exit.o)
 .debug_abbrev  0x00001968       0x14 c:/program files (x86)/atmel/atmel studio 6.0/extensions/atmel/avrgcc/3.4.1.95/avrtoolchain/bin/../lib/gcc/avr/4.6.2/avr5\libgcc.a(_copy_data.o)
 .debug_abbrev  0x0000197c       0x14 c:/program files (x86)/atmel/atmel studio 6.0/extensions/atmel/avrgcc/3.4.1.95/avrtoolchain/bin/../lib/gcc/avr/4.6.2/avr5\libgcc.a(_clear_bss.o)
 .debug_abbrev  0x00001990       0x14 c:/program files (x86)/atmel/atmel studio 6.0/extensions/atmel/avrgcc/3.4.1.95/avrtoolchain/bin/../lib/gcc/avr/4.6.2/avr5\libgcc.a(_ctors.o)
 .debug_abbrev  0x000019a4       0x14 c:/program files (x86)/atmel/atmel studio 6.0/extensions/atmel/avrgcc/3.4.1.95/avrtoolchain/bin/../lib/gcc/avr/4.6.2/avr5\libgcc.a(_udivmodhi4.o)
 .debug_abbrev  0x000019b8       0x14 c:/program files (x86)/atmel/atmel studio 6.0/extensions/atmel/avrgcc/3.4.1.95/avrtoolchain/bin/../lib/gcc/avr/4.6.2/avr5\libgcc.a(_tablejump.o)

.debug_line     0x00000000     0x43be
 *(.debug_line)
 .debug_line    0x00000000      0x241 Brightness Calibration Jig.o
 .debug_line    0x00000241      0x3bb CubeletsShield.o
 .debug_line    0x000005fc      0x533 I2C.o
 .debug_line    0x00000b2f      0x3e1 ../../../arduinoCore\libcore.a(wiring.c.o)
 .debug_line    0x00000f10      0x2e1 ../../../arduinoCore\libcore.a(wiring_analog.c.o)
 .debug_line    0x000011f1      0x355 ../../../arduinoCore\libcore.a(wiring_digital.c.o)
 .debug_line    0x00001546      0x7e7 ../../../arduinoCore\libcore.a(HardwareSerial.cpp.o)
 .debug_line    0x00001d2d      0x19b ../../../arduinoCore\libcore.a(main.cpp.o)
 .debug_line    0x00001ec8      0x24a ../../../arduinoCore\libcore.a(new.cpp.o)
 .debug_line    0x00002112      0x7d6 ../../../arduinoCore\libcore.a(Print.cpp.o)
 .debug_line    0x000028e8     0x116e ../../../arduinoCore\libcore.a(WString.cpp.o)
 .debug_line    0x00003a56      0x425 ../../../arduinoCore\libcore.a(malloc.c.o)
 .debug_line    0x00003e7b       0xa5 c:/program files (x86)/atmel/atmel studio 6.0/extensions/atmel/avrgcc/3.4.1.95/avrtoolchain/bin/../lib/gcc/avr/4.6.2/avr5\libgcc.a(_mulsi3.o)
 .debug_line    0x00003f20       0x99 c:/program files (x86)/atmel/atmel studio 6.0/extensions/atmel/avrgcc/3.4.1.95/avrtoolchain/bin/../lib/gcc/avr/4.6.2/avr5\libgcc.a(_divmodhi4.o)
 .debug_line    0x00003fb9       0xa8 c:/program files (x86)/atmel/atmel studio 6.0/extensions/atmel/avrgcc/3.4.1.95/avrtoolchain/bin/../lib/gcc/avr/4.6.2/avr5\libgcc.a(_udivmodsi4.o)
 .debug_line    0x00004061       0x88 c:/program files (x86)/atmel/atmel studio 6.0/extensions/atmel/avrgcc/3.4.1.95/avrtoolchain/bin/../lib/gcc/avr/4.6.2/avr5\libgcc.a(_exit.o)
 .debug_line    0x000040e9       0x91 c:/program files (x86)/atmel/atmel studio 6.0/extensions/atmel/avrgcc/3.4.1.95/avrtoolchain/bin/../lib/gcc/avr/4.6.2/avr5\libgcc.a(_copy_data.o)
 .debug_line    0x0000417a       0x8e c:/program files (x86)/atmel/atmel studio 6.0/extensions/atmel/avrgcc/3.4.1.95/avrtoolchain/bin/../lib/gcc/avr/4.6.2/avr5\libgcc.a(_clear_bss.o)
 .debug_line    0x00004208       0x90 c:/program files (x86)/atmel/atmel studio 6.0/extensions/atmel/avrgcc/3.4.1.95/avrtoolchain/bin/../lib/gcc/avr/4.6.2/avr5\libgcc.a(_ctors.o)
 .debug_line    0x00004298       0x9a c:/program files (x86)/atmel/atmel studio 6.0/extensions/atmel/avrgcc/3.4.1.95/avrtoolchain/bin/../lib/gcc/avr/4.6.2/avr5\libgcc.a(_udivmodhi4.o)
 .debug_line    0x00004332       0x8c c:/program files (x86)/atmel/atmel studio 6.0/extensions/atmel/avrgcc/3.4.1.95/avrtoolchain/bin/../lib/gcc/avr/4.6.2/avr5\libgcc.a(_tablejump.o)

.debug_frame    0x00000000     0x1088
 *(.debug_frame)
 .debug_frame   0x00000000       0x8c Brightness Calibration Jig.o
 .debug_frame   0x0000008c      0x2cc CubeletsShield.o
 .debug_frame   0x00000358      0x3e0 I2C.o
 .debug_frame   0x00000738       0x70 ../../../arduinoCore\libcore.a(wiring.c.o)
 .debug_frame   0x000007a8       0x40 ../../../arduinoCore\libcore.a(wiring_analog.c.o)
 .debug_frame   0x000007e8       0x40 ../../../arduinoCore\libcore.a(wiring_digital.c.o)
 .debug_frame   0x00000828      0x110 ../../../arduinoCore\libcore.a(HardwareSerial.cpp.o)
 .debug_frame   0x00000938       0x20 ../../../arduinoCore\libcore.a(main.cpp.o)
 .debug_frame   0x00000958       0x90 ../../../arduinoCore\libcore.a(new.cpp.o)
 .debug_frame   0x000009e8      0x1c0 ../../../arduinoCore\libcore.a(Print.cpp.o)
 .debug_frame   0x00000ba8      0x4a0 ../../../arduinoCore\libcore.a(WString.cpp.o)
 .debug_frame   0x00001048       0x40 ../../../arduinoCore\libcore.a(malloc.c.o)

.debug_str      0x00000000     0x2205
 *(.debug_str)
 .debug_str     0x00000000      0x6d6 Brightness Calibration Jig.o
                                0x733 (size before relaxing)
 .debug_str     0x000006d6      0x2fc CubeletsShield.o
                                0x9a4 (size before relaxing)
 .debug_str     0x000009d2      0x106 I2C.o
                                0x4b8 (size before relaxing)
 .debug_str     0x00000ad8       0xca ../../../arduinoCore\libcore.a(wiring.c.o)
                                0x16a (size before relaxing)
 .debug_str     0x00000ba2       0xc9 ../../../arduinoCore\libcore.a(wiring_analog.c.o)
                                0x168 (size before relaxing)
 .debug_str     0x00000c6b       0xfe ../../../arduinoCore\libcore.a(wiring_digital.c.o)
                                0x1d5 (size before relaxing)
 .debug_str     0x00000d69      0xcb1 ../../../arduinoCore\libcore.a(HardwareSerial.cpp.o)
                                0xe41 (size before relaxing)
 .debug_str     0x00001a1a       0x5a ../../../arduinoCore\libcore.a(main.cpp.o)
                                 0xfd (size before relaxing)
 .debug_str     0x00001a74      0x103 ../../../arduinoCore\libcore.a(new.cpp.o)
                                0x141 (size before relaxing)
 .debug_str     0x00001b77      0x3d6 ../../../arduinoCore\libcore.a(Print.cpp.o)
                                0xc07 (size before relaxing)
 .debug_str     0x00001f4d      0x1ec ../../../arduinoCore\libcore.a(WString.cpp.o)
                                0x9a3 (size before relaxing)
 .debug_str     0x00002139       0xcc ../../../arduinoCore\libcore.a(malloc.c.o)
                                0x14b (size before relaxing)

.debug_loc      0x00000000     0x581e
 *(.debug_loc)
 .debug_loc     0x00000000       0xf4 Brightness Calibration Jig.o
 .debug_loc     0x000000f4      0xaf4 CubeletsShield.o
 .debug_loc     0x00000be8     0x1071 I2C.o
 .debug_loc     0x00001c59      0x16d ../../../arduinoCore\libcore.a(wiring.c.o)
 .debug_loc     0x00001dc6      0x13a ../../../arduinoCore\libcore.a(wiring_analog.c.o)
 .debug_loc     0x00001f00      0x15e ../../../arduinoCore\libcore.a(wiring_digital.c.o)
 .debug_loc     0x0000205e      0x473 ../../../arduinoCore\libcore.a(HardwareSerial.cpp.o)
 .debug_loc     0x000024d1       0xb0 ../../../arduinoCore\libcore.a(new.cpp.o)
 .debug_loc     0x00002581      0xdb8 ../../../arduinoCore\libcore.a(Print.cpp.o)
 .debug_loc     0x00003339     0x1f05 ../../../arduinoCore\libcore.a(WString.cpp.o)
 .debug_loc     0x0000523e      0x5e0 ../../../arduinoCore\libcore.a(malloc.c.o)

.debug_macinfo
 *(.debug_macinfo)
OUTPUT(Brightness Calibration Jig.elf elf32-avr)
LOAD linker stubs

.debug_ranges   0x00000000      0x768
 .debug_ranges  0x00000000       0x38 Brightness Calibration Jig.o
 .debug_ranges  0x00000038       0xb0 CubeletsShield.o
 .debug_ranges  0x000000e8      0x178 I2C.o
 .debug_ranges  0x00000260       0x40 ../../../arduinoCore\libcore.a(wiring.c.o)
 .debug_ranges  0x000002a0       0x28 ../../../arduinoCore\libcore.a(wiring_analog.c.o)
 .debug_ranges  0x000002c8       0x28 ../../../arduinoCore\libcore.a(wiring_digital.c.o)
 .debug_ranges  0x000002f0       0x90 ../../../arduinoCore\libcore.a(HardwareSerial.cpp.o)
 .debug_ranges  0x00000380       0x18 ../../../arduinoCore\libcore.a(main.cpp.o)
 .debug_ranges  0x00000398       0x50 ../../../arduinoCore\libcore.a(new.cpp.o)
 .debug_ranges  0x000003e8       0xe8 ../../../arduinoCore\libcore.a(Print.cpp.o)
 .debug_ranges  0x000004d0      0x270 ../../../arduinoCore\libcore.a(WString.cpp.o)
 .debug_ranges  0x00000740       0x28 ../../../arduinoCore\libcore.a(malloc.c.o)
